Archive member included because of file (symbol)

/usr/local/CrossPack-AVR-20131216/lib/gcc/avr/4.8.1/../../../../avr/lib/avr5/libm.a(fixsfsi.o)
                              obj_ergodox_ez/common/mousekey.o (__fixsfsi)
/usr/local/CrossPack-AVR-20131216/lib/gcc/avr/4.8.1/../../../../avr/lib/avr5/libm.a(fixunssfsi.o)
                              /usr/local/CrossPack-AVR-20131216/lib/gcc/avr/4.8.1/../../../../avr/lib/avr5/libm.a(fixsfsi.o) (__fixunssfsi)
/usr/local/CrossPack-AVR-20131216/lib/gcc/avr/4.8.1/../../../../avr/lib/avr5/libm.a(floatsisf.o)
                              obj_ergodox_ez/common/mousekey.o (__floatsisf)
/usr/local/CrossPack-AVR-20131216/lib/gcc/avr/4.8.1/../../../../avr/lib/avr5/libm.a(fp_split3.o)
                              /usr/local/CrossPack-AVR-20131216/lib/gcc/avr/4.8.1/../../../../avr/lib/avr5/libm.a(fixunssfsi.o) (__fp_splitA)
/usr/local/CrossPack-AVR-20131216/lib/gcc/avr/4.8.1/../../../../avr/lib/avr5/libm.a(fp_zero.o)
                              /usr/local/CrossPack-AVR-20131216/lib/gcc/avr/4.8.1/../../../../avr/lib/avr5/libm.a(fixunssfsi.o) (__fp_zero)
/usr/local/CrossPack-AVR-20131216/lib/gcc/avr/4.8.1/../../../../avr/lib/avr5/libm.a(mulsf3.o)
                              obj_ergodox_ez/common/mousekey.o (__mulsf3)
/usr/local/CrossPack-AVR-20131216/lib/gcc/avr/4.8.1/../../../../avr/lib/avr5/libm.a(mulsf3x.o)
                              /usr/local/CrossPack-AVR-20131216/lib/gcc/avr/4.8.1/../../../../avr/lib/avr5/libm.a(mulsf3.o) (__mulsf3x)
/usr/local/CrossPack-AVR-20131216/lib/gcc/avr/4.8.1/../../../../avr/lib/avr5/libm.a(fp_inf.o)
                              /usr/local/CrossPack-AVR-20131216/lib/gcc/avr/4.8.1/../../../../avr/lib/avr5/libm.a(mulsf3x.o) (__fp_inf)
/usr/local/CrossPack-AVR-20131216/lib/gcc/avr/4.8.1/../../../../avr/lib/avr5/libm.a(fp_nan.o)
                              /usr/local/CrossPack-AVR-20131216/lib/gcc/avr/4.8.1/../../../../avr/lib/avr5/libm.a(mulsf3x.o) (__fp_nan)
/usr/local/CrossPack-AVR-20131216/lib/gcc/avr/4.8.1/../../../../avr/lib/avr5/libm.a(fp_pscA.o)
                              /usr/local/CrossPack-AVR-20131216/lib/gcc/avr/4.8.1/../../../../avr/lib/avr5/libm.a(mulsf3x.o) (__fp_pscA)
/usr/local/CrossPack-AVR-20131216/lib/gcc/avr/4.8.1/../../../../avr/lib/avr5/libm.a(fp_pscB.o)
                              /usr/local/CrossPack-AVR-20131216/lib/gcc/avr/4.8.1/../../../../avr/lib/avr5/libm.a(mulsf3x.o) (__fp_pscB)
/usr/local/CrossPack-AVR-20131216/lib/gcc/avr/4.8.1/../../../../avr/lib/avr5/libm.a(fp_round.o)
                              /usr/local/CrossPack-AVR-20131216/lib/gcc/avr/4.8.1/../../../../avr/lib/avr5/libm.a(mulsf3.o) (__fp_round)
/usr/local/CrossPack-AVR-20131216/lib/gcc/avr/4.8.1/avr5/libgcc.a(_udivmodqi4.o)
                              obj_ergodox_ez/protocol/lufa/lufa.o (__udivmodqi4)
/usr/local/CrossPack-AVR-20131216/lib/gcc/avr/4.8.1/avr5/libgcc.a(_divmodhi4.o)
                              obj_ergodox_ez/common/mousekey.o (__divmodhi4)
/usr/local/CrossPack-AVR-20131216/lib/gcc/avr/4.8.1/avr5/libgcc.a(_exit.o)
                              /usr/local/CrossPack-AVR-20131216/lib/gcc/avr/4.8.1/../../../../avr/lib/avr5/crtm32u4.o (exit)
/usr/local/CrossPack-AVR-20131216/lib/gcc/avr/4.8.1/avr5/libgcc.a(_tablejump.o)
                              obj_ergodox_ez/protocol/lufa/LUFA-git/LUFA/Drivers/USB/Core/DeviceStandardReq.o (__tablejump2__)
/usr/local/CrossPack-AVR-20131216/lib/gcc/avr/4.8.1/avr5/libgcc.a(_copy_data.o)
                              obj_ergodox_ez/ergodox_ez.o (__do_copy_data)
/usr/local/CrossPack-AVR-20131216/lib/gcc/avr/4.8.1/avr5/libgcc.a(_clear_bss.o)
                              obj_ergodox_ez/keymaps/keymap_osx_keikun17.o (__do_clear_bss)
/usr/local/CrossPack-AVR-20131216/lib/gcc/avr/4.8.1/avr5/libgcc.a(_udivmodhi4.o)
                              /usr/local/CrossPack-AVR-20131216/lib/gcc/avr/4.8.1/avr5/libgcc.a(_divmodhi4.o) (__udivmodhi4)
/usr/local/CrossPack-AVR-20131216/lib/gcc/avr/4.8.1/../../../../avr/lib/avr5/libc.a(eerd_byte_atmega32u4.o)
                              obj_ergodox_ez/protocol/lufa/LUFA-git/LUFA/Drivers/USB/Core/AVR8/EndpointStream_AVR8.o (__eerd_byte_m32u4)
/usr/local/CrossPack-AVR-20131216/lib/gcc/avr/4.8.1/../../../../avr/lib/avr5/libc.a(eerd_word_atmega32u4.o)
                              obj_ergodox_ez/common/avr/eeconfig.o (__eerd_word_m32u4)
/usr/local/CrossPack-AVR-20131216/lib/gcc/avr/4.8.1/../../../../avr/lib/avr5/libc.a(eeupd_byte_atmega32u4.o)
                              obj_ergodox_ez/protocol/lufa/LUFA-git/LUFA/Drivers/USB/Core/AVR8/EndpointStream_AVR8.o (__eeupd_byte_m32u4)
/usr/local/CrossPack-AVR-20131216/lib/gcc/avr/4.8.1/../../../../avr/lib/avr5/libc.a(eewr_byte_atmega32u4.o)
                              obj_ergodox_ez/common/avr/eeconfig.o (__eewr_byte_m32u4)
/usr/local/CrossPack-AVR-20131216/lib/gcc/avr/4.8.1/../../../../avr/lib/avr5/libc.a(eewr_word_atmega32u4.o)
                              obj_ergodox_ez/common/avr/eeconfig.o (__eewr_word_m32u4)
[...]
Memory Configuration

Name             Origin             Length             Attributes
text             0x00000000         0x00020000         xr
data             0x00800060         0x0000ffa0         rw !x
eeprom           0x00810000         0x00010000         rw !x
fuse             0x00820000         0x00000400         rw !x
lock             0x00830000         0x00000400         rw !x
signature        0x00840000         0x00000400         rw !x
user_signatures  0x00850000         0x00000400         rw !x
*default*        0x00000000         0xffffffff

Linker script and memory map

Address of section .data set to 0x800100
LOAD /usr/local/CrossPack-AVR-20131216/lib/gcc/avr/4.8.1/../../../../avr/lib/avr5/crtm32u4.o
LOAD obj_ergodox_ez/keymaps/keymap_osx_keikun17.o
LOAD obj_ergodox_ez/ergodox_ez.o
LOAD obj_ergodox_ez/twimaster.o
LOAD obj_ergodox_ez/matrix.o
LOAD obj_ergodox_ez/quantum/keymap_common.o
LOAD obj_ergodox_ez/quantum/led.o
LOAD obj_ergodox_ez/protocol/lufa/lufa.o
LOAD obj_ergodox_ez/protocol/lufa/descriptor.o
LOAD obj_ergodox_ez/protocol/lufa/LUFA-git/LUFA/Drivers/USB/Class/Common/HIDParser.o
LOAD obj_ergodox_ez/protocol/lufa/LUFA-git/LUFA/Drivers/USB/Core/AVR8/Device_AVR8.o
LOAD obj_ergodox_ez/protocol/lufa/LUFA-git/LUFA/Drivers/USB/Core/AVR8/EndpointStream_AVR8.o
LOAD obj_ergodox_ez/protocol/lufa/LUFA-git/LUFA/Drivers/USB/Core/AVR8/Endpoint_AVR8.o
LOAD obj_ergodox_ez/protocol/lufa/LUFA-git/LUFA/Drivers/USB/Core/AVR8/Host_AVR8.o
LOAD obj_ergodox_ez/protocol/lufa/LUFA-git/LUFA/Drivers/USB/Core/AVR8/PipeStream_AVR8.o
LOAD obj_ergodox_ez/protocol/lufa/LUFA-git/LUFA/Drivers/USB/Core/AVR8/Pipe_AVR8.o
LOAD obj_ergodox_ez/protocol/lufa/LUFA-git/LUFA/Drivers/USB/Core/AVR8/USBController_AVR8.o
LOAD obj_ergodox_ez/protocol/lufa/LUFA-git/LUFA/Drivers/USB/Core/AVR8/USBInterrupt_AVR8.o
LOAD obj_ergodox_ez/protocol/lufa/LUFA-git/LUFA/Drivers/USB/Core/ConfigDescriptors.o
LOAD obj_ergodox_ez/protocol/lufa/LUFA-git/LUFA/Drivers/USB/Core/DeviceStandardReq.o
LOAD obj_ergodox_ez/protocol/lufa/LUFA-git/LUFA/Drivers/USB/Core/Events.o
LOAD obj_ergodox_ez/protocol/lufa/LUFA-git/LUFA/Drivers/USB/Core/HostStandardReq.o
LOAD obj_ergodox_ez/protocol/lufa/LUFA-git/LUFA/Drivers/USB/Core/USBTask.o
LOAD obj_ergodox_ez/common/host.o
LOAD obj_ergodox_ez/common/keyboard.o
LOAD obj_ergodox_ez/common/action.o
LOAD obj_ergodox_ez/common/action_tapping.o
LOAD obj_ergodox_ez/common/action_macro.o
LOAD obj_ergodox_ez/common/action_layer.o
LOAD obj_ergodox_ez/common/action_util.o
LOAD obj_ergodox_ez/common/keymap.o
LOAD obj_ergodox_ez/common/print.o
LOAD obj_ergodox_ez/common/debug.o
LOAD obj_ergodox_ez/common/util.o
LOAD obj_ergodox_ez/common/avr/suspend.o
LOAD obj_ergodox_ez/common/avr/xprintf.o
LOAD obj_ergodox_ez/common/avr/timer.o
LOAD obj_ergodox_ez/common/avr/bootloader.o
LOAD obj_ergodox_ez/common/bootmagic.o
LOAD obj_ergodox_ez/common/avr/eeconfig.o
LOAD obj_ergodox_ez/common/mousekey.o
LOAD obj_ergodox_ez/common/command.o
LOAD obj_ergodox_ez/common/sleep_led.o
LOAD /usr/local/CrossPack-AVR-20131216/lib/gcc/avr/4.8.1/../../../../avr/lib/avr5/libm.a
START GROUP
LOAD /usr/local/CrossPack-AVR-20131216/lib/gcc/avr/4.8.1/avr5/libgcc.a
LOAD /usr/local/CrossPack-AVR-20131216/lib/gcc/avr/4.8.1/../../../../avr/lib/avr5/libm.a
LOAD /usr/local/CrossPack-AVR-20131216/lib/gcc/avr/4.8.1/../../../../avr/lib/avr5/libc.a
END GROUP

.hash
 *(.hash)

.dynsym
 *(.dynsym)

.dynstr
 *(.dynstr)

.gnu.version
 *(.gnu.version)

.gnu.version_d
 *(.gnu.version_d)

.gnu.version_r
 *(.gnu.version_r)

.rel.init
 *(.rel.init)

.rela.init
 *(.rela.init)

.rel.text
 *(.rel.text)
 *(.rel.text.*)
 *(.rel.gnu.linkonce.t*)

.rela.text
 *(.rela.text)
 *(.rela.text.*)
 *(.rela.gnu.linkonce.t*)

.rel.fini
 *(.rel.fini)

.rela.fini
 *(.rela.fini)

.rel.rodata
 *(.rel.rodata)
 *(.rel.rodata.*)
 *(.rel.gnu.linkonce.r*)

.rela.rodata
 *(.rela.rodata)
 *(.rela.rodata.*)
 *(.rela.gnu.linkonce.r*)

.rel.data
 *(.rel.data)
 *(.rel.data.*)
 *(.rel.gnu.linkonce.d*)

.rela.data
 *(.rela.data)
 *(.rela.data.*)
 *(.rela.gnu.linkonce.d*)

.rel.ctors
 *(.rel.ctors)

.rela.ctors
 *(.rela.ctors)

.rel.dtors
 *(.rel.dtors)

.rela.dtors
 *(.rela.dtors)

.rel.got
 *(.rel.got)

.rela.got
 *(.rela.got)

.rel.bss
 *(.rel.bss)

.rela.bss
 *(.rela.bss)

.rel.plt
 *(.rel.plt)

.rela.plt
 *(.rela.plt)

.text           0x00000000     0x5bca
 *(.vectors)
 .vectors       0x00000000       0xac /usr/local/CrossPack-AVR-20131216/lib/gcc/avr/4.8.1/../../../../avr/lib/avr5/crtm32u4.o
                0x00000000                __vectors
                0x00000000                __vector_default
 *(.vectors)
 *(.progmem.gcc*)
 .progmem.gcc_sw_table.USB_Device_ProcessControlRequest
                0x000000ac       0x14 obj_ergodox_ez/protocol/lufa/LUFA-git/LUFA/Drivers/USB/Core/DeviceStandardReq.o
 .progmem.gcc_sw_table.process_action
                0x000000c0       0x20 obj_ergodox_ez/common/action.o
                0x000000e0                . = ALIGN (0x2)
                0x000000e0                __trampolines_start = .
 *(.trampolines)
 .trampolines   0x000000e0        0x0 linker stubs
 *(.trampolines*)
                0x000000e0                __trampolines_end = .
 *(.progmem*)
 .progmem.data.__m.4761
                0x000000e0        0x9 obj_ergodox_ez/keymaps/keymap_osx_keikun17.o
 .progmem.data.fn_actions
                0x000000e9        0x4 obj_ergodox_ez/keymaps/keymap_osx_keikun17.o
                0x000000e9                fn_actions
 .progmem.data.keymaps
                0x000000ed      0x1f8 obj_ergodox_ez/keymaps/keymap_osx_keikun17.o
                0x000000ed                keymaps
 .progmem.data.__c.4827
                0x000002e5        0x2 obj_ergodox_ez/matrix.o
 .progmem.data.__c.4825
                0x000002e7        0x6 obj_ergodox_ez/matrix.o
 .progmem.data.__c.4823
                0x000002ed        0x3 obj_ergodox_ez/matrix.o
 .progmem.data.__c.4821
                0x000002f0        0x5 obj_ergodox_ez/matrix.o
 .progmem.data.__c.4818
                0x000002f5       0x17 obj_ergodox_ez/matrix.o
 .progmem.data.__c.4796
                0x0000030c        0x2 obj_ergodox_ez/matrix.o
 .progmem.data.__c.4794
                0x0000030e        0x5 obj_ergodox_ez/matrix.o
 .progmem.data.__c.4792
                0x00000313        0xa obj_ergodox_ez/matrix.o
 .progmem.data.__c.4788
                0x0000031d       0x14 obj_ergodox_ez/matrix.o
 .progmem.data.__c.4786
                0x00000331       0x1a obj_ergodox_ez/matrix.o
 .progmem.data.__c.4784
                0x0000034b       0x1a obj_ergodox_ez/matrix.o
 .progmem.data.__c.4651
                0x00000365       0x12 obj_ergodox_ez/quantum/keymap_common.o
 .progmem.data.__c.4748
                0x00000377        0x4 obj_ergodox_ez/protocol/lufa/lufa.o
 .progmem.data.__c.4746
                0x0000037b       0x11 obj_ergodox_ez/protocol/lufa/lufa.o
 .progmem.data.__c.4647
                0x0000038c        0x4 obj_ergodox_ez/protocol/lufa/lufa.o
 .progmem.data.__c.4643
                0x00000390        0x4 obj_ergodox_ez/protocol/lufa/lufa.o
 .progmem.data.__c.4639
                0x00000394        0x4 obj_ergodox_ez/protocol/lufa/lufa.o
 .progmem.data.__c.4634
                0x00000398        0x4 obj_ergodox_ez/protocol/lufa/lufa.o
 .progmem.data.__c.4629
                0x0000039c        0x4 obj_ergodox_ez/protocol/lufa/lufa.o
 .progmem.data.ProductString
                0x000003a0       0x18 obj_ergodox_ez/protocol/lufa/descriptor.o
                0x000003a0                ProductString
 .progmem.data.ManufacturerString
                0x000003b8       0x18 obj_ergodox_ez/protocol/lufa/descriptor.o
                0x000003b8                ManufacturerString
 .progmem.data.LanguageString
                0x000003d0        0x4 obj_ergodox_ez/protocol/lufa/descriptor.o
                0x000003d0                LanguageString
 .progmem.data.ConfigurationDescriptor
                0x000003d4       0x8d obj_ergodox_ez/protocol/lufa/descriptor.o
                0x000003d4                ConfigurationDescriptor
 .progmem.data.DeviceDescriptor
                0x00000461       0x12 obj_ergodox_ez/protocol/lufa/descriptor.o
                0x00000461                DeviceDescriptor
 .progmem.data.NKROReport
                0x00000473       0x39 obj_ergodox_ez/protocol/lufa/descriptor.o
                0x00000473                NKROReport
 .progmem.data.ConsoleReport
                0x000004ac       0x20 obj_ergodox_ez/protocol/lufa/descriptor.o
                0x000004ac                ConsoleReport
 .progmem.data.ExtrakeyReport
                0x000004cc       0x36 obj_ergodox_ez/protocol/lufa/descriptor.o
                0x000004cc                ExtrakeyReport
 .progmem.data.MouseReport
                0x00000502       0x4d obj_ergodox_ez/protocol/lufa/descriptor.o
                0x00000502                MouseReport
 .progmem.data.KeyboardReport
                0x0000054f       0x3f obj_ergodox_ez/protocol/lufa/descriptor.o
                0x0000054f                KeyboardReport
 .progmem.data.__c.4396
                0x0000058e        0x2 obj_ergodox_ez/common/host.o
 .progmem.data.__c.4391
                0x00000590        0x6 obj_ergodox_ez/common/host.o
 .progmem.data.__c.4388
                0x00000596       0x12 obj_ergodox_ez/common/host.o
 .progmem.data.__c.4737
                0x000005a8        0x2 obj_ergodox_ez/common/keyboard.o
 .progmem.data.__c.4735
                0x000005aa        0x5 obj_ergodox_ez/common/keyboard.o
 .progmem.data.__c.4733
                0x000005af       0x13 obj_ergodox_ez/common/keyboard.o
 .progmem.data.__c.4536
                0x000005c2       0x1e obj_ergodox_ez/common/action_util.o
 .progmem.data.__c.4531
                0x000005e0       0x1e obj_ergodox_ez/common/action_util.o
 .progmem.data.__c.4677
                0x000005fe        0x7 obj_ergodox_ez/common/bootmagic.o
 .progmem.data.__c.4671
                0x00000605       0x15 obj_ergodox_ez/common/bootmagic.o
 .progmem.data.__c.4468
                0x0000061a        0x3 obj_ergodox_ez/common/mousekey.o
 .progmem.data.__c.4466
                0x0000061d        0x3 obj_ergodox_ez/common/mousekey.o
 .progmem.data.__c.4464
                0x00000620        0x2 obj_ergodox_ez/common/mousekey.o
 .progmem.data.__c.4462
                0x00000622        0x3 obj_ergodox_ez/common/mousekey.o
 .progmem.data.__c.4460
                0x00000625        0x3 obj_ergodox_ez/common/mousekey.o
 .progmem.data.__c.4458
                0x00000628        0x3 obj_ergodox_ez/common/mousekey.o
 .progmem.data.__c.4456
                0x0000062b        0x2 obj_ergodox_ez/common/mousekey.o
 .progmem.data.__c.4454
                0x0000062d        0x3 obj_ergodox_ez/common/mousekey.o
 .progmem.data.__c.4452
                0x00000630        0x2 obj_ergodox_ez/common/mousekey.o
 .progmem.data.__c.4450
                0x00000632        0x3 obj_ergodox_ez/common/mousekey.o
 .progmem.data.__c.4448
                0x00000635        0x2 obj_ergodox_ez/common/mousekey.o
 .progmem.data.__c.4446
                0x00000637        0x3 obj_ergodox_ez/common/mousekey.o
 .progmem.data.__c.4444
                0x0000063a        0x2 obj_ergodox_ez/common/mousekey.o
 .progmem.data.__c.4442
                0x0000063c        0x5 obj_ergodox_ez/common/mousekey.o
 .progmem.data.__c.4440
                0x00000641       0x23 obj_ergodox_ez/common/mousekey.o
 .progmem.data.__c.5075
                0x00000664       0x1b obj_ergodox_ez/common/command.o
 .progmem.data.__c.5072
                0x0000067f       0x19 obj_ergodox_ez/common/command.o
 .progmem.data.__c.5069
                0x00000698       0x15 obj_ergodox_ez/common/command.o
 .progmem.data.__c.5066
                0x000006ad       0x13 obj_ergodox_ez/common/command.o
 .progmem.data.__c.5063
                0x000006c0       0x12 obj_ergodox_ez/common/command.o
 .progmem.data.__c.5059
                0x000006d2        0xf obj_ergodox_ez/common/command.o
 .progmem.data.__c.5052
                0x000006e1       0x1b obj_ergodox_ez/common/command.o
 .progmem.data.__c.5049
                0x000006fc       0x19 obj_ergodox_ez/common/command.o
 .progmem.data.__c.5046
                0x00000715       0x15 obj_ergodox_ez/common/command.o
 .progmem.data.__c.5043
                0x0000072a       0x13 obj_ergodox_ez/common/command.o
 .progmem.data.__c.5040
                0x0000073d       0x12 obj_ergodox_ez/common/command.o
 .progmem.data.__c.5036
                0x0000074f        0xf obj_ergodox_ez/common/command.o
 .progmem.data.__c.5029
                0x0000075e        0x2 obj_ergodox_ez/common/command.o
 .progmem.data.__c.5027
                0x00000760        0x3 obj_ergodox_ez/common/command.o
 .progmem.data.__c.5025
                0x00000763       0x17 obj_ergodox_ez/common/command.o
 .progmem.data.__c.5023
                0x0000077a        0x2 obj_ergodox_ez/common/command.o
 .progmem.data.__c.5021
                0x0000077c        0x3 obj_ergodox_ez/common/command.o
 .progmem.data.__c.5019
                0x0000077f       0x15 obj_ergodox_ez/common/command.o
 .progmem.data.__c.5017
                0x00000794        0x2 obj_ergodox_ez/common/command.o
 .progmem.data.__c.5015
                0x00000796        0x3 obj_ergodox_ez/common/command.o
 .progmem.data.__c.5013
                0x00000799       0x11 obj_ergodox_ez/common/command.o
 .progmem.data.__c.5011
                0x000007aa        0x2 obj_ergodox_ez/common/command.o
 .progmem.data.__c.5009
                0x000007ac        0x3 obj_ergodox_ez/common/command.o
 .progmem.data.__c.5007
                0x000007af        0xf obj_ergodox_ez/common/command.o
 .progmem.data.__c.5005
                0x000007be        0x2 obj_ergodox_ez/common/command.o
 .progmem.data.__c.5003
                0x000007c0        0x3 obj_ergodox_ez/common/command.o
 .progmem.data.__c.5001
                0x000007c3       0x12 obj_ergodox_ez/common/command.o
 .progmem.data.__c.4999
                0x000007d5        0x2 obj_ergodox_ez/common/command.o
 .progmem.data.__c.4997
                0x000007d7        0x3 obj_ergodox_ez/common/command.o
 .progmem.data.__c.4995
                0x000007da       0x12 obj_ergodox_ez/common/command.o
 .progmem.data.__c.4993
                0x000007ec        0xe obj_ergodox_ez/common/command.o
 .progmem.data.__c.5113
                0x000007fa        0x3 obj_ergodox_ez/common/command.o
 .progmem.data.__c.5111
                0x000007fd        0x6 obj_ergodox_ez/common/command.o
 .progmem.data.__c.5109
                0x00000803        0x2 obj_ergodox_ez/common/command.o
 .progmem.data.__c.5106
                0x00000805        0xd obj_ergodox_ez/common/command.o
 .progmem.data.__c.5092
                0x00000812        0x4 obj_ergodox_ez/common/command.o
 .progmem.data.__c.5082
                0x00000816       0x4e obj_ergodox_ez/common/command.o
 .progmem.data.__c.5080
                0x00000864       0xfb obj_ergodox_ez/common/command.o
 .progmem.data.__c.4985
                0x0000095f        0x2 obj_ergodox_ez/common/command.o
 .progmem.data.__c.4982
                0x00000961        0x4 obj_ergodox_ez/common/command.o
 .progmem.data.__c.4987
                0x00000965        0x4 obj_ergodox_ez/common/command.o
 .progmem.data.__c.5131
                0x00000969        0x5 obj_ergodox_ez/common/command.o
 .progmem.data.__c.4971
                0x0000096e       0x27 obj_ergodox_ez/common/command.o
 .progmem.data.__c.4792
                0x00000995       0xb7 obj_ergodox_ez/common/command.o
 .progmem.data.__c.4887
                0x00000a4c        0x2 obj_ergodox_ez/common/command.o
 .progmem.data.__c.4885
                0x00000a4e        0x3 obj_ergodox_ez/common/command.o
 .progmem.data.__c.4883
                0x00000a51        0x8 obj_ergodox_ez/common/command.o
 .progmem.data.__c.4881
                0x00000a59        0x2 obj_ergodox_ez/common/command.o
 .progmem.data.__c.4879
                0x00000a5b        0x3 obj_ergodox_ez/common/command.o
 .progmem.data.__c.4877
                0x00000a5e       0x1c obj_ergodox_ez/common/command.o
 .progmem.data.__c.4875
                0x00000a7a        0x2 obj_ergodox_ez/common/command.o
 .progmem.data.__c.4873
                0x00000a7c        0x3 obj_ergodox_ez/common/command.o
 .progmem.data.__c.4871
                0x00000a7f       0x12 obj_ergodox_ez/common/command.o
 .progmem.data.__c.4869
                0x00000a91        0x2 obj_ergodox_ez/common/command.o
 .progmem.data.__c.4867
                0x00000a93        0x3 obj_ergodox_ez/common/command.o
 .progmem.data.__c.4865
                0x00000a96        0xa obj_ergodox_ez/common/command.o
 .progmem.data.__c.4863
                0x00000aa0        0x2 obj_ergodox_ez/common/command.o
 .progmem.data.__c.4861
                0x00000aa2        0x3 obj_ergodox_ez/common/command.o
 .progmem.data.__c.4859
                0x00000aa5       0x12 obj_ergodox_ez/common/command.o
 .progmem.data.__c.4857
                0x00000ab7        0x2 obj_ergodox_ez/common/command.o
 .progmem.data.__c.4855
                0x00000ab9        0x3 obj_ergodox_ez/common/command.o
 .progmem.data.__c.4853
                0x00000abc       0x12 obj_ergodox_ez/common/command.o
 .progmem.data.__c.4851
                0x00000ace        0x2 obj_ergodox_ez/common/command.o
 .progmem.data.__c.4849
                0x00000ad0        0x3 obj_ergodox_ez/common/command.o
 .progmem.data.__c.4847
                0x00000ad3       0x17 obj_ergodox_ez/common/command.o
 .progmem.data.__c.4845
                0x00000aea        0x2 obj_ergodox_ez/common/command.o
 .progmem.data.__c.4843
                0x00000aec        0x3 obj_ergodox_ez/common/command.o
 .progmem.data.__c.4841
                0x00000aef       0x19 obj_ergodox_ez/common/command.o
 .progmem.data.__c.4839
                0x00000b08        0x2 obj_ergodox_ez/common/command.o
 .progmem.data.__c.4837
                0x00000b0a        0x5 obj_ergodox_ez/common/command.o
 .progmem.data.__c.4835
                0x00000b0f       0x14 obj_ergodox_ez/common/command.o
 .progmem.data.__c.4832
                0x00000b23        0x2 obj_ergodox_ez/common/command.o
 .progmem.data.__c.4830
                0x00000b25        0x3 obj_ergodox_ez/common/command.o
 .progmem.data.__c.4828
                0x00000b28        0x9 obj_ergodox_ez/common/command.o
 .progmem.data.__c.4826
                0x00000b31        0x2 obj_ergodox_ez/common/command.o
 .progmem.data.__c.4824
                0x00000b33        0x3 obj_ergodox_ez/common/command.o
 .progmem.data.__c.4822
                0x00000b36        0xc obj_ergodox_ez/common/command.o
 .progmem.data.__c.4820
                0x00000b42        0x2 obj_ergodox_ez/common/command.o
 .progmem.data.__c.4818
                0x00000b44        0x3 obj_ergodox_ez/common/command.o
 .progmem.data.__c.4816
                0x00000b47        0xa obj_ergodox_ez/common/command.o
 .progmem.data.__c.4814
                0x00000b51        0x2 obj_ergodox_ez/common/command.o
 .progmem.data.__c.4812
                0x00000b53        0x3 obj_ergodox_ez/common/command.o
 .progmem.data.__c.4810
                0x00000b56        0xa obj_ergodox_ez/common/command.o
 .progmem.data.__c.4808
                0x00000b60        0x2 obj_ergodox_ez/common/command.o
 .progmem.data.__c.4806
                0x00000b62        0x5 obj_ergodox_ez/common/command.o
 .progmem.data.__c.4804
                0x00000b67       0x13 obj_ergodox_ez/common/command.o
 .progmem.data.__c.4801
                0x00000b7a        0x2 obj_ergodox_ez/common/command.o
 .progmem.data.__c.4799
                0x00000b7c        0x3 obj_ergodox_ez/common/command.o
 .progmem.data.__c.4797
                0x00000b7f       0x10 obj_ergodox_ez/common/command.o
 .progmem.data.__c.4966
                0x00000b8f        0x2 obj_ergodox_ez/common/command.o
 .progmem.data.__c.4957
                0x00000b91        0xb obj_ergodox_ez/common/command.o
 .progmem.data.__c.4955
                0x00000b9c        0xa obj_ergodox_ez/common/command.o
 .progmem.data.__c.4952
                0x00000ba6       0x14 obj_ergodox_ez/common/command.o
 .progmem.data.__c.4950
                0x00000bba       0x13 obj_ergodox_ez/common/command.o
 .progmem.data.__c.4948
                0x00000bcd       0x13 obj_ergodox_ez/common/command.o
 .progmem.data.__c.4946
                0x00000be0       0x17 obj_ergodox_ez/common/command.o
 .progmem.data.__c.4944
                0x00000bf7       0x1a obj_ergodox_ez/common/command.o
 .progmem.data.__c.4942
                0x00000c11        0xe obj_ergodox_ez/common/command.o
 .progmem.data.__c.4939
                0x00000c1f       0x2e obj_ergodox_ez/common/command.o
 .progmem.data.__c.4937
                0x00000c4d       0x44 obj_ergodox_ez/common/command.o
 .progmem.data.__c.4935
                0x00000c91       0x2d obj_ergodox_ez/common/command.o
 .progmem.data.__c.4933
                0x00000cbe       0x3d obj_ergodox_ez/common/command.o
 .progmem.data.__c.4931
                0x00000cfb       0x2c obj_ergodox_ez/common/command.o
 .progmem.data.__c.4929
                0x00000d27        0xf obj_ergodox_ez/common/command.o
 .progmem.data.__c.4926
                0x00000d36        0xd obj_ergodox_ez/common/command.o
 .progmem.data.__c.4924
                0x00000d43        0xc obj_ergodox_ez/common/command.o
 .progmem.data.__c.4921
                0x00000d4f       0x10 obj_ergodox_ez/common/command.o
 .progmem.data.__c.4919
                0x00000d5f        0xf obj_ergodox_ez/common/command.o
 .progmem.data.__c.4916
                0x00000d6e        0xe obj_ergodox_ez/common/command.o
 .progmem.data.__c.4914
                0x00000d7c        0xd obj_ergodox_ez/common/command.o
 .progmem.data.__c.4911
                0x00000d89        0xc obj_ergodox_ez/common/command.o
 .progmem.data.__c.4909
                0x00000d95        0xd obj_ergodox_ez/common/command.o
 .progmem.data.__c.4906
                0x00000da2       0x11 obj_ergodox_ez/common/command.o
 .progmem.data.__c.4903
                0x00000db3        0x4 obj_ergodox_ez/common/command.o
 .progmem.data.__c.4898
                0x00000db7        0xb obj_ergodox_ez/common/command.o
 .progmem.data.__c.4894
                0x00000dc2       0x10 obj_ergodox_ez/common/command.o
 .progmem.data.breathing_table
                0x00000dd2       0x40 obj_ergodox_ez/common/sleep_led.o
                0x00000e12                . = ALIGN (0x2)
 *(.jumptables)
 *(.jumptables*)
 *(.lowtext)
 *(.lowtext*)
                0x00000e12                __ctors_start = .
 *(.ctors)
                0x00000e12                __ctors_end = .
                0x00000e12                __dtors_start = .
 *(.dtors)
                0x00000e12                __dtors_end = .
 SORT(*)(.ctors)
 SORT(*)(.dtors)
 *(.init0)
 .init0         0x00000e12        0x0 /usr/local/CrossPack-AVR-20131216/lib/gcc/avr/4.8.1/../../../../avr/lib/avr5/crtm32u4.o
                0x00000e12                __init
 *(.init0)
 *(.init1)
 *(.init1)
 *(.init2)
 .init2         0x00000e12        0xc /usr/local/CrossPack-AVR-20131216/lib/gcc/avr/4.8.1/../../../../avr/lib/avr5/crtm32u4.o
 *(.init2)
 *(.init3)
 .init3         0x00000e1e       0x4e obj_ergodox_ez/common/avr/bootloader.o
                0x00000e1e                bootloader_jump_after_watchdog_reset
 *(.init3)
 *(.init4)
 .init4         0x00000e6c       0x16 /usr/local/CrossPack-AVR-20131216/lib/gcc/avr/4.8.1/avr5/libgcc.a(_copy_data.o)
                0x00000e6c                __do_copy_data
 .init4         0x00000e82       0x10 /usr/local/CrossPack-AVR-20131216/lib/gcc/avr/4.8.1/avr5/libgcc.a(_clear_bss.o)
                0x00000e82                __do_clear_bss
 *(.init4)
 *(.init5)
 *(.init5)
 *(.init6)
 *(.init6)
 *(.init7)
 *(.init7)
 *(.init8)
 *(.init8)
 *(.init9)
 .init9         0x00000e92        0x8 /usr/local/CrossPack-AVR-20131216/lib/gcc/avr/4.8.1/../../../../avr/lib/avr5/crtm32u4.o
 *(.init9)
 *(.text)
 .text          0x00000e9a        0x4 /usr/local/CrossPack-AVR-20131216/lib/gcc/avr/4.8.1/../../../../avr/lib/avr5/crtm32u4.o
                0x00000e9a                __vector_42
                0x00000e9a                __vector_22
                0x00000e9a                __vector_28
                0x00000e9a                __vector_1
                0x00000e9a                __vector_32
                0x00000e9a                __vector_34
                0x00000e9a                __vector_24
                0x00000e9a                __vector_12
                0x00000e9a                __bad_interrupt
                0x00000e9a                __vector_6
                0x00000e9a                __vector_31
                0x00000e9a                __vector_35
                0x00000e9a                __vector_39
                0x00000e9a                __vector_3
                0x00000e9a                __vector_23
                0x00000e9a                __vector_30
                0x00000e9a                __vector_25
                0x00000e9a                __vector_13
                0x00000e9a                __vector_19
                0x00000e9a                __vector_7
                0x00000e9a                __vector_41
                0x00000e9a                __vector_27
                0x00000e9a                __vector_5
                0x00000e9a                __vector_33
                0x00000e9a                __vector_37
                0x00000e9a                __vector_4
                0x00000e9a                __vector_9
                0x00000e9a                __vector_2
                0x00000e9a                __vector_15
                0x00000e9a                __vector_36
                0x00000e9a                __vector_29
                0x00000e9a                __vector_40
                0x00000e9a                __vector_8
                0x00000e9a                __vector_26
                0x00000e9a                __vector_14
                0x00000e9a                __vector_16
                0x00000e9a                __vector_18
                0x00000e9a                __vector_20
                0x00000e9a                __vector_38
 .text          0x00000e9e      0x15c obj_ergodox_ez/common/avr/xprintf.o
                0x00000e9e                xputc
                0x00000eb6                xputs
                0x00000ec4                xitoa
                0x00000fe8                __xprintf
                0x00000ffa                . = ALIGN (0x2)
 *(.text.*)
 .text.action_get_macro
                0x00000ffa       0x36 obj_ergodox_ez/keymaps/keymap_osx_keikun17.o
                0x00000ffa                action_get_macro
 .text.matrix_init_user
                0x00001030        0x2 obj_ergodox_ez/keymaps/keymap_osx_keikun17.o
                0x00001030                matrix_init_user
 .text.matrix_scan_user
                0x00001032       0x3a obj_ergodox_ez/keymaps/keymap_osx_keikun17.o
                0x00001032                matrix_scan_user
 .text.matrix_scan_kb
                0x0000106c       0x12 obj_ergodox_ez/ergodox_ez.o
                0x0000106c                matrix_scan_kb
 .text.ergodox_blink_all_leds
                0x0000107e       0xb0 obj_ergodox_ez/ergodox_ez.o
                0x0000107e                ergodox_blink_all_leds
 .text.matrix_init_kb
                0x0000112e       0x3a obj_ergodox_ez/ergodox_ez.o
                0x0000112e                matrix_init_kb
 .text.init_mcp23018
                0x00001168       0x9e obj_ergodox_ez/ergodox_ez.o
                0x00001168                init_mcp23018
 .text.i2c_init
                0x00001206        0xc obj_ergodox_ez/twimaster.o
                0x00001206                i2c_init
 .text.i2c_start
                0x00001212       0x44 obj_ergodox_ez/twimaster.o
                0x00001212                i2c_start
 .text.i2c_stop
                0x00001256       0x10 obj_ergodox_ez/twimaster.o
                0x00001256                i2c_stop
 .text.i2c_write
                0x00001266       0x22 obj_ergodox_ez/twimaster.o
                0x00001266                i2c_write
 .text.i2c_readNak
                0x00001288       0x14 obj_ergodox_ez/twimaster.o
                0x00001288                i2c_readNak
 .text.unselect_rows
                0x0000129c       0x50 obj_ergodox_ez/matrix.o
 .text.matrix_init
                0x000012ec       0x3a obj_ergodox_ez/matrix.o
                0x000012ec                matrix_init
 .text.matrix_scan
                0x00001326      0x256 obj_ergodox_ez/matrix.o
                0x00001326                matrix_scan
 .text.matrix_get_row
                0x0000157c        0xc obj_ergodox_ez/matrix.o
                0x0000157c                matrix_get_row
 .text.matrix_print
                0x00001588       0x8e obj_ergodox_ez/matrix.o
                0x00001588                matrix_print
 .text.keycode_to_action
                0x00001616      0x17e obj_ergodox_ez/quantum/keymap_common.o
 .text.action_function
                0x00001794        0x2 obj_ergodox_ez/quantum/keymap_common.o
                0x00001794                action_function
 .text.keymap_key_to_keycode
                0x00001796       0x24 obj_ergodox_ez/quantum/keymap_common.o
                0x00001796                keymap_key_to_keycode
 .text.keymap_fn_to_action
                0x000017ba       0x10 obj_ergodox_ez/quantum/keymap_common.o
                0x000017ba                keymap_fn_to_action
 .text.keymap_func_to_action
                0x000017ca       0x10 obj_ergodox_ez/quantum/keymap_common.o
                0x000017ca                keymap_func_to_action
 .text.action_for_key
                0x000017da      0x27c obj_ergodox_ez/quantum/keymap_common.o
                0x000017da                action_for_key
 .text.led_set  0x00001a56        0x2 obj_ergodox_ez/quantum/led.o
                0x00001a56                led_set
 .text.keyboard_leds
                0x00001a58        0x6 obj_ergodox_ez/protocol/lufa/lufa.o
 .text.sendchar
                0x00001a5e       0xc8 obj_ergodox_ez/protocol/lufa/lufa.o
                0x00001a5e                sendchar
 .text.send_consumer
                0x00001b26       0x66 obj_ergodox_ez/protocol/lufa/lufa.o
 .text.send_system
                0x00001b8c       0x68 obj_ergodox_ez/protocol/lufa/lufa.o
 .text.send_mouse
                0x00001bf4       0x46 obj_ergodox_ez/protocol/lufa/lufa.o
 .text.send_keyboard
                0x00001c3a       0xa4 obj_ergodox_ez/protocol/lufa/lufa.o
 .text.EVENT_USB_Device_Connect
                0x00001cde       0x24 obj_ergodox_ez/protocol/lufa/lufa.o
                0x00001cde                EVENT_USB_Device_Connect
 .text.EVENT_USB_Device_Disconnect
                0x00001d02        0xe obj_ergodox_ez/protocol/lufa/lufa.o
                0x00001d02                EVENT_USB_Device_Disconnect
 .text.EVENT_USB_Device_Reset
                0x00001d10        0x8 obj_ergodox_ez/protocol/lufa/lufa.o
                0x00001d10                EVENT_USB_Device_Reset
 .text.EVENT_USB_Device_Suspend
                0x00001d18        0xc obj_ergodox_ez/protocol/lufa/lufa.o
                0x00001d18                EVENT_USB_Device_Suspend
 .text.EVENT_USB_Device_WakeUp
                0x00001d24       0x18 obj_ergodox_ez/protocol/lufa/lufa.o
                0x00001d24                EVENT_USB_Device_WakeUp
 .text.EVENT_USB_Device_StartOfFrame
                0x00001d3c       0x80 obj_ergodox_ez/protocol/lufa/lufa.o
                0x00001d3c                EVENT_USB_Device_StartOfFrame
 .text.EVENT_USB_Device_ConfigurationChanged
                0x00001dbc       0x32 obj_ergodox_ez/protocol/lufa/lufa.o
                0x00001dbc                EVENT_USB_Device_ConfigurationChanged
 .text.EVENT_USB_Device_ControlRequest
                0x00001dee      0x164 obj_ergodox_ez/protocol/lufa/lufa.o
                0x00001dee                EVENT_USB_Device_ControlRequest
 .text.startup.main
                0x00001f52       0x94 obj_ergodox_ez/protocol/lufa/lufa.o
                0x00001f52                main
 .text.CALLBACK_USB_GetDescriptor
                0x00001fe6       0xb2 obj_ergodox_ez/protocol/lufa/descriptor.o
                0x00001fe6                CALLBACK_USB_GetDescriptor
 .text.USB_Device_SendRemoteWakeup
                0x00002098       0x2c obj_ergodox_ez/protocol/lufa/LUFA-git/LUFA/Drivers/USB/Core/AVR8/Device_AVR8.o
                0x00002098                USB_Device_SendRemoteWakeup
 .text.Endpoint_Write_Stream_LE
                0x000020c4       0x92 obj_ergodox_ez/protocol/lufa/LUFA-git/LUFA/Drivers/USB/Core/AVR8/EndpointStream_AVR8.o
                0x000020c4                Endpoint_Write_Stream_LE
 .text.Endpoint_Write_Control_Stream_LE
                0x00002156       0xc2 obj_ergodox_ez/protocol/lufa/LUFA-git/LUFA/Drivers/USB/Core/AVR8/EndpointStream_AVR8.o
                0x00002156                Endpoint_Write_Control_Stream_LE
 .text.Endpoint_Write_Control_PStream_LE
                0x00002218       0xc4 obj_ergodox_ez/protocol/lufa/LUFA-git/LUFA/Drivers/USB/Core/AVR8/EndpointStream_AVR8.o
                0x00002218                Endpoint_Write_Control_PStream_LE
 .text.Endpoint_ConfigureEndpoint_Prv
                0x000022dc       0x6a obj_ergodox_ez/protocol/lufa/LUFA-git/LUFA/Drivers/USB/Core/AVR8/Endpoint_AVR8.o
                0x000022dc                Endpoint_ConfigureEndpoint_Prv
 .text.Endpoint_ClearStatusStage
                0x00002346       0x42 obj_ergodox_ez/protocol/lufa/LUFA-git/LUFA/Drivers/USB/Core/AVR8/Endpoint_AVR8.o
                0x00002346                Endpoint_ClearStatusStage
 .text.Endpoint_WaitUntilReady
                0x00002388       0x60 obj_ergodox_ez/protocol/lufa/LUFA-git/LUFA/Drivers/USB/Core/AVR8/Endpoint_AVR8.o
                0x00002388                Endpoint_WaitUntilReady
 .text.USB_Disable
                0x000023e8       0x34 obj_ergodox_ez/protocol/lufa/LUFA-git/LUFA/Drivers/USB/Core/AVR8/USBController_AVR8.o
                0x000023e8                USB_Disable
 .text.USB_ResetInterface
                0x0000241c       0x86 obj_ergodox_ez/protocol/lufa/LUFA-git/LUFA/Drivers/USB/Core/AVR8/USBController_AVR8.o
                0x0000241c                USB_ResetInterface
 .text.USB_Init
                0x000024a2       0x22 obj_ergodox_ez/protocol/lufa/LUFA-git/LUFA/Drivers/USB/Core/AVR8/USBController_AVR8.o
                0x000024a2                USB_Init
 .text.USB_INT_DisableAllInterrupts
                0x000024c4       0x10 obj_ergodox_ez/protocol/lufa/LUFA-git/LUFA/Drivers/USB/Core/AVR8/USBInterrupt_AVR8.o
                0x000024c4                USB_INT_DisableAllInterrupts
 .text.USB_INT_ClearAllInterrupts
                0x000024d4        0xa obj_ergodox_ez/protocol/lufa/LUFA-git/LUFA/Drivers/USB/Core/AVR8/USBInterrupt_AVR8.o
                0x000024d4                USB_INT_ClearAllInterrupts
 .text.__vector_10
                0x000024de      0x1a4 obj_ergodox_ez/protocol/lufa/LUFA-git/LUFA/Drivers/USB/Core/AVR8/USBInterrupt_AVR8.o
                0x000024de                __vector_10
 .text.__vector_11
                0x00002682       0x78 obj_ergodox_ez/protocol/lufa/LUFA-git/LUFA/Drivers/USB/Core/AVR8/USBInterrupt_AVR8.o
                0x00002682                __vector_11
 .text.USB_Device_ProcessControlRequest
                0x000026fa      0x29c obj_ergodox_ez/protocol/lufa/LUFA-git/LUFA/Drivers/USB/Core/DeviceStandardReq.o
                0x000026fa                USB_Device_ProcessControlRequest
 .text.USB_USBTask
                0x00002996       0x3a obj_ergodox_ez/protocol/lufa/LUFA-git/LUFA/Drivers/USB/Core/USBTask.o
                0x00002996                USB_USBTask
 .text.host_set_driver
                0x000029d0        0xa obj_ergodox_ez/common/host.o
                0x000029d0                host_set_driver
 .text.host_keyboard_leds
                0x000029da       0x18 obj_ergodox_ez/common/host.o
                0x000029da                host_keyboard_leds
 .text.host_keyboard_send
                0x000029f2       0x8a obj_ergodox_ez/common/host.o
                0x000029f2                host_keyboard_send
 .text.host_mouse_send
                0x00002a7c       0x16 obj_ergodox_ez/common/host.o
                0x00002a7c                host_mouse_send
 .text.host_system_send
                0x00002a92       0x2c obj_ergodox_ez/common/host.o
                0x00002a92                host_system_send
 .text.host_consumer_send
                0x00002abe       0x2c obj_ergodox_ez/common/host.o
                0x00002abe                host_consumer_send
 .text.matrix_setup
                0x00002aea        0x2 obj_ergodox_ez/common/keyboard.o
                0x00002aea                matrix_setup
 .text.keyboard_setup
                0x00002aec        0x4 obj_ergodox_ez/common/keyboard.o
                0x00002aec                keyboard_setup
 .text.keyboard_init
                0x00002af0        0xc obj_ergodox_ez/common/keyboard.o
                0x00002af0                keyboard_init
 .text.keyboard_set_leds
                0x00002afc       0x50 obj_ergodox_ez/common/keyboard.o
                0x00002afc                keyboard_set_leds
 .text.keyboard_task
                0x00002b4c      0x146 obj_ergodox_ez/common/keyboard.o
                0x00002b4c                keyboard_task
 .text.action_exec
                0x00002c92       0x5c obj_ergodox_ez/common/action.o
                0x00002c92                action_exec
 .text.register_code
                0x00002cee      0x190 obj_ergodox_ez/common/action.o
                0x00002cee                register_code
 .text.unregister_code
                0x00002e7e       0x9e obj_ergodox_ez/common/action.o
                0x00002e7e                unregister_code
 .text.register_mods
                0x00002f1c        0xe obj_ergodox_ez/common/action.o
                0x00002f1c                register_mods
 .text.unregister_mods
                0x00002f2a        0xe obj_ergodox_ez/common/action.o
                0x00002f2a                unregister_mods
 .text.process_action
                0x00002f38      0x608 obj_ergodox_ez/common/action.o
                0x00002f38                process_action
 .text.clear_keyboard_but_mods
                0x00003540       0x24 obj_ergodox_ez/common/action.o
                0x00003540                clear_keyboard_but_mods
 .text.clear_keyboard
                0x00003564        0x8 obj_ergodox_ez/common/action.o
                0x00003564                clear_keyboard
 .text.is_tap_key
                0x0000356c       0x4a obj_ergodox_ez/common/action.o
                0x0000356c                is_tap_key
 .text.debug_event
                0x000035b6       0x1e obj_ergodox_ez/common/action.o
                0x000035b6                debug_event
 .text.debug_record
                0x000035d4       0x20 obj_ergodox_ez/common/action.o
                0x000035d4                debug_record
 .text.debug_waiting_buffer
                0x000035f4       0x42 obj_ergodox_ez/common/action_tapping.o
 .text.debug_tapping_key
                0x00003636       0x1c obj_ergodox_ez/common/action_tapping.o
 .text.waiting_buffer_scan_tap
                0x00003652       0xd0 obj_ergodox_ez/common/action_tapping.o
 .text.process_tapping
                0x00003722      0x3da obj_ergodox_ez/common/action_tapping.o
 .text.action_tapping_process
                0x00003afc      0x15a obj_ergodox_ez/common/action_tapping.o
                0x00003afc                action_tapping_process
 .text.action_macro_play
                0x00003c56      0x100 obj_ergodox_ez/common/action_macro.o
                0x00003c56                action_macro_play
 .text.default_layer_debug
                0x00003d56        0x2 obj_ergodox_ez/common/action_layer.o
                0x00003d56                default_layer_debug
 .text.default_layer_set
                0x00003d58       0x14 obj_ergodox_ez/common/action_layer.o
                0x00003d58                default_layer_set
 .text.default_layer_or
                0x00003d6c       0x34 obj_ergodox_ez/common/action_layer.o
                0x00003d6c                default_layer_or
 .text.default_layer_and
                0x00003da0       0x34 obj_ergodox_ez/common/action_layer.o
                0x00003da0                default_layer_and
 .text.default_layer_xor
                0x00003dd4       0x34 obj_ergodox_ez/common/action_layer.o
                0x00003dd4                default_layer_xor
 .text.layer_clear
                0x00003e08       0x14 obj_ergodox_ez/common/action_layer.o
                0x00003e08                layer_clear
 .text.layer_move
                0x00003e1c       0x2a obj_ergodox_ez/common/action_layer.o
                0x00003e1c                layer_move
 .text.layer_on
                0x00003e46       0x42 obj_ergodox_ez/common/action_layer.o
                0x00003e46                layer_on
 .text.layer_off
                0x00003e88       0x4a obj_ergodox_ez/common/action_layer.o
                0x00003e88                layer_off
 .text.layer_invert
                0x00003ed2       0x42 obj_ergodox_ez/common/action_layer.o
                0x00003ed2                layer_invert
 .text.layer_or
                0x00003f14       0x34 obj_ergodox_ez/common/action_layer.o
                0x00003f14                layer_or
 .text.layer_and
                0x00003f48       0x34 obj_ergodox_ez/common/action_layer.o
                0x00003f48                layer_and
 .text.layer_xor
                0x00003f7c       0x34 obj_ergodox_ez/common/action_layer.o
                0x00003f7c                layer_xor
 .text.layer_debug
                0x00003fb0        0x2 obj_ergodox_ez/common/action_layer.o
                0x00003fb0                layer_debug
 .text.layer_switch_get_action
                0x00003fb2       0x84 obj_ergodox_ez/common/action_layer.o
                0x00003fb2                layer_switch_get_action
 .text.add_key  0x00004036       0xa2 obj_ergodox_ez/common/action_util.o
                0x00004036                add_key
 .text.del_key  0x000040d8       0x88 obj_ergodox_ez/common/action_util.o
                0x000040d8                del_key
 .text.clear_keys
                0x00004160       0x1c obj_ergodox_ez/common/action_util.o
                0x00004160                clear_keys
 .text.add_mods
                0x0000417c        0xc obj_ergodox_ez/common/action_util.o
                0x0000417c                add_mods
 .text.del_mods
                0x00004188        0xe obj_ergodox_ez/common/action_util.o
                0x00004188                del_mods
 .text.clear_mods
                0x00004196        0x6 obj_ergodox_ez/common/action_util.o
                0x00004196                clear_mods
 .text.add_weak_mods
                0x0000419c        0xc obj_ergodox_ez/common/action_util.o
                0x0000419c                add_weak_mods
 .text.del_weak_mods
                0x000041a8        0xe obj_ergodox_ez/common/action_util.o
                0x000041a8                del_weak_mods
 .text.clear_weak_mods
                0x000041b6        0x6 obj_ergodox_ez/common/action_util.o
                0x000041b6                clear_weak_mods
 .text.set_oneshot_mods
                0x000041bc        0x6 obj_ergodox_ez/common/action_util.o
                0x000041bc                set_oneshot_mods
 .text.clear_oneshot_mods
                0x000041c2        0x6 obj_ergodox_ez/common/action_util.o
                0x000041c2                clear_oneshot_mods
 .text.has_anykey
                0x000041c8       0x26 obj_ergodox_ez/common/action_util.o
                0x000041c8                has_anykey
 .text.send_keyboard_report
                0x000041ee       0x4c obj_ergodox_ez/common/action_util.o
                0x000041ee                send_keyboard_report
 .text.print_set_sendchar
                0x0000423a        0xa obj_ergodox_ez/common/print.o
                0x0000423a                print_set_sendchar
 .text.biton32  0x00004244       0xa6 obj_ergodox_ez/common/util.o
                0x00004244                biton32
 .text.bitrev   0x000042ea       0x24 obj_ergodox_ez/common/util.o
                0x000042ea                bitrev
 .text.bitrev16
                0x0000430e       0x34 obj_ergodox_ez/common/util.o
                0x0000430e                bitrev16
 .text.suspend_power_down
                0x00004342       0x4c obj_ergodox_ez/common/avr/suspend.o
                0x00004342                suspend_power_down
 .text.matrix_power_up
                0x0000438e        0x2 obj_ergodox_ez/common/avr/suspend.o
                0x0000438e                matrix_power_up
 .text.matrix_power_down
                0x00004390        0x2 obj_ergodox_ez/common/avr/suspend.o
                0x00004390                matrix_power_down
 .text.suspend_wakeup_condition
                0x00004392       0x2a obj_ergodox_ez/common/avr/suspend.o
                0x00004392                suspend_wakeup_condition
 .text.suspend_wakeup_init
                0x000043bc        0x4 obj_ergodox_ez/common/avr/suspend.o
                0x000043bc                suspend_wakeup_init
 .text.timer_init
                0x000043c0       0x12 obj_ergodox_ez/common/avr/timer.o
                0x000043c0                timer_init
 .text.timer_read
                0x000043d2       0x18 obj_ergodox_ez/common/avr/timer.o
                0x000043d2                timer_read
 .text.timer_elapsed
                0x000043ea       0x52 obj_ergodox_ez/common/avr/timer.o
                0x000043ea                timer_elapsed
 .text.__vector_21
                0x0000443c       0x4a obj_ergodox_ez/common/avr/timer.o
                0x0000443c                __vector_21
 .text.bootloader_jump
                0x00004486       0x46 obj_ergodox_ez/common/avr/bootloader.o
                0x00004486                bootloader_jump
 .text.scan_keycode
                0x000044cc       0x64 obj_ergodox_ez/common/bootmagic.o
 .text.bootmagic_scan_keycode
                0x00004530       0x1c obj_ergodox_ez/common/bootmagic.o
                0x00004530                bootmagic_scan_keycode
 .text.bootmagic
                0x0000454c      0x266 obj_ergodox_ez/common/bootmagic.o
                0x0000454c                bootmagic
 .text.eeconfig_init
                0x000047b2       0x34 obj_ergodox_ez/common/avr/eeconfig.o
                0x000047b2                eeconfig_init
 .text.eeconfig_is_enabled
                0x000047e6       0x16 obj_ergodox_ez/common/avr/eeconfig.o
                0x000047e6                eeconfig_is_enabled
 .text.eeconfig_read_debug
                0x000047fc        0x8 obj_ergodox_ez/common/avr/eeconfig.o
                0x000047fc                eeconfig_read_debug
 .text.eeconfig_write_debug
                0x00004804        0xa obj_ergodox_ez/common/avr/eeconfig.o
                0x00004804                eeconfig_write_debug
 .text.eeconfig_read_default_layer
                0x0000480e        0x8 obj_ergodox_ez/common/avr/eeconfig.o
                0x0000480e                eeconfig_read_default_layer
 .text.eeconfig_write_default_layer
                0x00004816        0xa obj_ergodox_ez/common/avr/eeconfig.o
                0x00004816                eeconfig_write_default_layer
 .text.eeconfig_read_keymap
                0x00004820        0x8 obj_ergodox_ez/common/avr/eeconfig.o
                0x00004820                eeconfig_read_keymap
 .text.eeconfig_write_keymap
                0x00004828        0xa obj_ergodox_ez/common/avr/eeconfig.o
                0x00004828                eeconfig_write_keymap
 .text.move_unit
                0x00004832       0x90 obj_ergodox_ez/common/mousekey.o
 .text.wheel_unit
                0x000048c2       0x72 obj_ergodox_ez/common/mousekey.o
 .text.mousekey_on
                0x00004934       0xd0 obj_ergodox_ez/common/mousekey.o
                0x00004934                mousekey_on
 .text.mousekey_off
                0x00004a04      0x10a obj_ergodox_ez/common/mousekey.o
                0x00004a04                mousekey_off
 .text.mousekey_send
                0x00004b0e      0x11a obj_ergodox_ez/common/mousekey.o
                0x00004b0e                mousekey_send
 .text.mousekey_task
                0x00004c28      0x142 obj_ergodox_ez/common/mousekey.o
                0x00004c28                mousekey_task
 .text.mousekey_clear
                0x00004d6a       0x18 obj_ergodox_ez/common/mousekey.o
                0x00004d6a                mousekey_clear
 .text.mousekey_console_help
                0x00004d82       0x2e obj_ergodox_ez/common/command.o
 .text.mousekey_param_inc
                0x00004db0      0x146 obj_ergodox_ez/common/command.o
 .text.mousekey_param_dec
                0x00004ef6       0xfc obj_ergodox_ez/common/command.o
 .text.switch_default_layer
                0x00004ff2       0x3c obj_ergodox_ez/common/command.o
 .text.command_common
                0x0000502e      0x504 obj_ergodox_ez/common/command.o
 .text.command_extra
                0x00005532        0x4 obj_ergodox_ez/common/command.o
                0x00005532                command_extra
 .text.command_console_extra
                0x00005536        0x4 obj_ergodox_ez/common/command.o
                0x00005536                command_console_extra
 .text.command_proc
                0x0000553a      0x2aa obj_ergodox_ez/common/command.o
                0x0000553a                command_proc
 .text.sleep_led_init
                0x000057e4       0x24 obj_ergodox_ez/common/sleep_led.o
                0x000057e4                sleep_led_init
 .text.sleep_led_enable
                0x00005808        0xc obj_ergodox_ez/common/sleep_led.o
                0x00005808                sleep_led_enable
 .text.sleep_led_disable
                0x00005814        0xc obj_ergodox_ez/common/sleep_led.o
                0x00005814                sleep_led_disable
 .text.sleep_led_toggle
                0x00005820        0xe obj_ergodox_ez/common/sleep_led.o
                0x00005820                sleep_led_toggle
 .text.__vector_17
                0x0000582e       0x7e obj_ergodox_ez/common/sleep_led.o
                0x0000582e                __vector_17
 .text.avr-libc.fplib
                0x000058ac        0xa /usr/local/CrossPack-AVR-20131216/lib/gcc/avr/4.8.1/../../../../avr/lib/avr5/libm.a(fixsfsi.o)
                0x000058ac                __fixsfsi
 .text.avr-libc.fplib
                0x000058b6       0x58 /usr/local/CrossPack-AVR-20131216/lib/gcc/avr/4.8.1/../../../../avr/lib/avr5/libm.a(fixunssfsi.o)
                0x000058b6                __fixunssfsi
 .text.avr-libc.fplib
                0x0000590e       0x7a /usr/local/CrossPack-AVR-20131216/lib/gcc/avr/4.8.1/../../../../avr/lib/avr5/libm.a(floatsisf.o)
                0x0000590e                __floatunsisf
                0x00005912                __floatsisf
 .text.avr-libc.fplib
                0x00005988       0x44 /usr/local/CrossPack-AVR-20131216/lib/gcc/avr/4.8.1/../../../../avr/lib/avr5/libm.a(fp_split3.o)
                0x00005988                __fp_split3
                0x00005998                __fp_splitA
 .text.avr-libc.fplib
                0x000059cc        0xe /usr/local/CrossPack-AVR-20131216/lib/gcc/avr/4.8.1/../../../../avr/lib/avr5/libm.a(fp_zero.o)
                0x000059cc                __fp_zero
                0x000059ce                __fp_szero
 .text.avr-libc.fplib
                0x000059da        0x4 /usr/local/CrossPack-AVR-20131216/lib/gcc/avr/4.8.1/../../../../avr/lib/avr5/libm.a(mulsf3.o)
                0x000059da                __mulsf3
 .text.avr-libc.fplib
                0x000059de       0xc2 /usr/local/CrossPack-AVR-20131216/lib/gcc/avr/4.8.1/../../../../avr/lib/avr5/libm.a(mulsf3x.o)
                0x000059f2                __mulsf3x
                0x000059f6                __mulsf3_pse
 .text.avr-libc.fplib
                0x00005aa0        0xc /usr/local/CrossPack-AVR-20131216/lib/gcc/avr/4.8.1/../../../../avr/lib/avr5/libm.a(fp_inf.o)
                0x00005aa0                __fp_inf
 .text.avr-libc.fplib
                0x00005aac        0x6 /usr/local/CrossPack-AVR-20131216/lib/gcc/avr/4.8.1/../../../../avr/lib/avr5/libm.a(fp_nan.o)
                0x00005aac                __fp_nan
 .text.avr-libc.fplib
                0x00005ab2        0xe /usr/local/CrossPack-AVR-20131216/lib/gcc/avr/4.8.1/../../../../avr/lib/avr5/libm.a(fp_pscA.o)
                0x00005ab2                __fp_pscA
 .text.avr-libc.fplib
                0x00005ac0        0xe /usr/local/CrossPack-AVR-20131216/lib/gcc/avr/4.8.1/../../../../avr/lib/avr5/libm.a(fp_pscB.o)
                0x00005ac0                __fp_pscB
 .text.avr-libc.fplib
                0x00005ace       0x22 /usr/local/CrossPack-AVR-20131216/lib/gcc/avr/4.8.1/../../../../avr/lib/avr5/libm.a(fp_round.o)
                0x00005ace                __fp_round
 .text.libgcc.div
                0x00005af0       0x18 /usr/local/CrossPack-AVR-20131216/lib/gcc/avr/4.8.1/avr5/libgcc.a(_udivmodqi4.o)
                0x00005af0                __udivmodqi4
 .text.libgcc.div
                0x00005b08       0x28 /usr/local/CrossPack-AVR-20131216/lib/gcc/avr/4.8.1/avr5/libgcc.a(_divmodhi4.o)
                0x00005b08                __divmodhi4
                0x00005b08                _div
 .text.libgcc   0x00005b30        0xc /usr/local/CrossPack-AVR-20131216/lib/gcc/avr/4.8.1/avr5/libgcc.a(_tablejump.o)
                0x00005b30                __tablejump2__
                0x00005b34                __tablejump__
 .text.libgcc.div
                0x00005b3c       0x28 /usr/local/CrossPack-AVR-20131216/lib/gcc/avr/4.8.1/avr5/libgcc.a(_udivmodhi4.o)
                0x00005b3c                __udivmodhi4
 .text.avr-libc
                0x00005b64       0x10 /usr/local/CrossPack-AVR-20131216/lib/gcc/avr/4.8.1/../../../../avr/lib/avr5/libc.a(eerd_byte_atmega32u4.o)
                0x00005b64                __eerd_byte_m32u4
 .text.avr-libc
                0x00005b74        0xc /usr/local/CrossPack-AVR-20131216/lib/gcc/avr/4.8.1/../../../../avr/lib/avr5/libc.a(eerd_word_atmega32u4.o)
                0x00005b74                __eerd_word_m32u4
 .text.avr-libc
                0x00005b80       0x1c /usr/local/CrossPack-AVR-20131216/lib/gcc/avr/4.8.1/../../../../avr/lib/avr5/libc.a(eewr_byte_atmega32u4.o)
                0x00005b80                __eewr_byte_m32u4
                0x00005b82                __eewr_r18_m32u4
 .text.avr-libc
                0x00005b9c        0xa /usr/local/CrossPack-AVR-20131216/lib/gcc/avr/4.8.1/../../../../avr/lib/avr5/libc.a(eewr_word_atmega32u4.o)
                0x00005b9c                __eewr_word_m32u4
 .text.avr-libc
                0x00005ba6       0x20 /usr/local/CrossPack-AVR-20131216/lib/gcc/avr/4.8.1/../../../../avr/lib/avr5/libc.a(eerd_block_atmega32u4.o)
                0x00005ba6                __eerd_block_m32u4
                0x00005baa                __eerd_blraw_m32u4
                0x00005bc6                . = ALIGN (0x2)
 *(.fini9)
 .fini9         0x00005bc6        0x0 /usr/local/CrossPack-AVR-20131216/lib/gcc/avr/4.8.1/avr5/libgcc.a(_exit.o)
                0x00005bc6                exit
                0x00005bc6                _exit
 *(.fini9)
 *(.fini8)
 *(.fini8)
 *(.fini7)
 *(.fini7)
 *(.fini6)
 *(.fini6)
 *(.fini5)
 *(.fini5)
 *(.fini4)
 *(.fini4)
 *(.fini3)
 *(.fini3)
 *(.fini2)
 *(.fini2)
 *(.fini1)
 *(.fini1)
 *(.fini0)
 .fini0         0x00005bc6        0x4 /usr/local/CrossPack-AVR-20131216/lib/gcc/avr/4.8.1/avr5/libgcc.a(_exit.o)
 *(.fini0)
                0x00005bca                _etext = .

.data           0x00800100       0x3a load address 0x00005bca
                0x00800100                PROVIDE (__data_start, .)
 *(.data)
 .data          0x00800100        0x0 /usr/local/CrossPack-AVR-20131216/lib/gcc/avr/4.8.1/../../../../avr/lib/avr5/crtm32u4.o
 .data          0x00800100        0x0 obj_ergodox_ez/keymaps/keymap_osx_keikun17.o
 .data          0x00800100        0x0 obj_ergodox_ez/ergodox_ez.o
 .data          0x00800100        0x0 obj_ergodox_ez/twimaster.o
 .data          0x00800100        0x0 obj_ergodox_ez/matrix.o
 .data          0x00800100        0x0 obj_ergodox_ez/quantum/keymap_common.o
 .data          0x00800100        0x0 obj_ergodox_ez/quantum/led.o
 .data          0x00800100        0x0 obj_ergodox_ez/protocol/lufa/lufa.o
 .data          0x00800100        0x0 obj_ergodox_ez/protocol/lufa/descriptor.o
 .data          0x00800100        0x0 obj_ergodox_ez/protocol/lufa/LUFA-git/LUFA/Drivers/USB/Class/Common/HIDParser.o
 .data          0x00800100        0x0 obj_ergodox_ez/protocol/lufa/LUFA-git/LUFA/Drivers/USB/Core/AVR8/Device_AVR8.o
 .data          0x00800100        0x0 obj_ergodox_ez/protocol/lufa/LUFA-git/LUFA/Drivers/USB/Core/AVR8/EndpointStream_AVR8.o
 .data          0x00800100        0x0 obj_ergodox_ez/protocol/lufa/LUFA-git/LUFA/Drivers/USB/Core/AVR8/Endpoint_AVR8.o
 .data          0x00800100        0x0 obj_ergodox_ez/protocol/lufa/LUFA-git/LUFA/Drivers/USB/Core/AVR8/Host_AVR8.o
 .data          0x00800100        0x0 obj_ergodox_ez/protocol/lufa/LUFA-git/LUFA/Drivers/USB/Core/AVR8/PipeStream_AVR8.o
 .data          0x00800100        0x0 obj_ergodox_ez/protocol/lufa/LUFA-git/LUFA/Drivers/USB/Core/AVR8/Pipe_AVR8.o
 .data          0x00800100        0x0 obj_ergodox_ez/protocol/lufa/LUFA-git/LUFA/Drivers/USB/Core/AVR8/USBController_AVR8.o
 .data          0x00800100        0x0 obj_ergodox_ez/protocol/lufa/LUFA-git/LUFA/Drivers/USB/Core/AVR8/USBInterrupt_AVR8.o
 .data          0x00800100        0x0 obj_ergodox_ez/protocol/lufa/LUFA-git/LUFA/Drivers/USB/Core/ConfigDescriptors.o
 .data          0x00800100        0x0 obj_ergodox_ez/protocol/lufa/LUFA-git/LUFA/Drivers/USB/Core/DeviceStandardReq.o
 .data          0x00800100        0x0 obj_ergodox_ez/protocol/lufa/LUFA-git/LUFA/Drivers/USB/Core/Events.o
 .data          0x00800100        0x0 obj_ergodox_ez/protocol/lufa/LUFA-git/LUFA/Drivers/USB/Core/HostStandardReq.o
 .data          0x00800100        0x0 obj_ergodox_ez/protocol/lufa/LUFA-git/LUFA/Drivers/USB/Core/USBTask.o
 .data          0x00800100        0x0 obj_ergodox_ez/common/host.o
 .data          0x00800100        0x0 obj_ergodox_ez/common/keyboard.o
 .data          0x00800100        0x0 obj_ergodox_ez/common/action.o
 .data          0x00800100        0x0 obj_ergodox_ez/common/action_tapping.o
 .data          0x00800100        0x0 obj_ergodox_ez/common/action_macro.o
 .data          0x00800100        0x0 obj_ergodox_ez/common/action_layer.o
 .data          0x00800100        0x0 obj_ergodox_ez/common/action_util.o
 .data          0x00800100        0x0 obj_ergodox_ez/common/keymap.o
 .data          0x00800100        0x0 obj_ergodox_ez/common/print.o
 .data          0x00800100        0x0 obj_ergodox_ez/common/debug.o
 .data          0x00800100        0x0 obj_ergodox_ez/common/util.o
 .data          0x00800100        0x0 obj_ergodox_ez/common/avr/suspend.o
 .data          0x00800100        0x0 obj_ergodox_ez/common/avr/xprintf.o
 .data          0x00800100        0x0 obj_ergodox_ez/common/avr/timer.o
 .data          0x00800100        0x0 obj_ergodox_ez/common/avr/bootloader.o
 .data          0x00800100        0x0 obj_ergodox_ez/common/bootmagic.o
 .data          0x00800100        0x0 obj_ergodox_ez/common/avr/eeconfig.o
 .data          0x00800100        0x0 obj_ergodox_ez/common/mousekey.o
 .data          0x00800100        0x0 obj_ergodox_ez/common/command.o
 .data          0x00800100        0x0 obj_ergodox_ez/common/sleep_led.o
 .data          0x00800100        0x0 /usr/local/CrossPack-AVR-20131216/lib/gcc/avr/4.8.1/../../../../avr/lib/avr5/libm.a(fixsfsi.o)
 .data          0x00800100        0x0 /usr/local/CrossPack-AVR-20131216/lib/gcc/avr/4.8.1/../../../../avr/lib/avr5/libm.a(fixunssfsi.o)
 .data          0x00800100        0x0 /usr/local/CrossPack-AVR-20131216/lib/gcc/avr/4.8.1/../../../../avr/lib/avr5/libm.a(floatsisf.o)
 .data          0x00800100        0x0 /usr/local/CrossPack-AVR-20131216/lib/gcc/avr/4.8.1/../../../../avr/lib/avr5/libm.a(fp_split3.o)
 .data          0x00800100        0x0 /usr/local/CrossPack-AVR-20131216/lib/gcc/avr/4.8.1/../../../../avr/lib/avr5/libm.a(fp_zero.o)
 .data          0x00800100        0x0 /usr/local/CrossPack-AVR-20131216/lib/gcc/avr/4.8.1/../../../../avr/lib/avr5/libm.a(mulsf3.o)
 .data          0x00800100        0x0 /usr/local/CrossPack-AVR-20131216/lib/gcc/avr/4.8.1/../../../../avr/lib/avr5/libm.a(mulsf3x.o)
 .data          0x00800100        0x0 /usr/local/CrossPack-AVR-20131216/lib/gcc/avr/4.8.1/../../../../avr/lib/avr5/libm.a(fp_inf.o)
 .data          0x00800100        0x0 /usr/local/CrossPack-AVR-20131216/lib/gcc/avr/4.8.1/../../../../avr/lib/avr5/libm.a(fp_nan.o)
 .data          0x00800100        0x0 /usr/local/CrossPack-AVR-20131216/lib/gcc/avr/4.8.1/../../../../avr/lib/avr5/libm.a(fp_pscA.o)
 .data          0x00800100        0x0 /usr/local/CrossPack-AVR-20131216/lib/gcc/avr/4.8.1/../../../../avr/lib/avr5/libm.a(fp_pscB.o)
 .data          0x00800100        0x0 /usr/local/CrossPack-AVR-20131216/lib/gcc/avr/4.8.1/../../../../avr/lib/avr5/libm.a(fp_round.o)
 .data          0x00800100        0x0 /usr/local/CrossPack-AVR-20131216/lib/gcc/avr/4.8.1/avr5/libgcc.a(_udivmodqi4.o)
 .data          0x00800100        0x0 /usr/local/CrossPack-AVR-20131216/lib/gcc/avr/4.8.1/avr5/libgcc.a(_divmodhi4.o)
 .data          0x00800100        0x0 /usr/local/CrossPack-AVR-20131216/lib/gcc/avr/4.8.1/avr5/libgcc.a(_exit.o)
 .data          0x00800100        0x0 /usr/local/CrossPack-AVR-20131216/lib/gcc/avr/4.8.1/avr5/libgcc.a(_tablejump.o)
 .data          0x00800100        0x0 /usr/local/CrossPack-AVR-20131216/lib/gcc/avr/4.8.1/avr5/libgcc.a(_copy_data.o)
 .data          0x00800100        0x0 /usr/local/CrossPack-AVR-20131216/lib/gcc/avr/4.8.1/avr5/libgcc.a(_clear_bss.o)
 .data          0x00800100        0x0 /usr/local/CrossPack-AVR-20131216/lib/gcc/avr/4.8.1/avr5/libgcc.a(_udivmodhi4.o)
 .data          0x00800100        0x0 /usr/local/CrossPack-AVR-20131216/lib/gcc/avr/4.8.1/../../../../avr/lib/avr5/libc.a(eerd_byte_atmega32u4.o)
 .data          0x00800100        0x0 /usr/local/CrossPack-AVR-20131216/lib/gcc/avr/4.8.1/../../../../avr/lib/avr5/libc.a(eerd_word_atmega32u4.o)
 .data          0x00800100        0x0 /usr/local/CrossPack-AVR-20131216/lib/gcc/avr/4.8.1/../../../../avr/lib/avr5/libc.a(eeupd_byte_atmega32u4.o)
 .data          0x00800100        0x0 /usr/local/CrossPack-AVR-20131216/lib/gcc/avr/4.8.1/../../../../avr/lib/avr5/libc.a(eewr_byte_atmega32u4.o)
 .data          0x00800100        0x0 /usr/local/CrossPack-AVR-20131216/lib/gcc/avr/4.8.1/../../../../avr/lib/avr5/libc.a(eewr_word_atmega32u4.o)
 .data          0x00800100        0x0 /usr/local/CrossPack-AVR-20131216/lib/gcc/avr/4.8.1/../../../../avr/lib/avr5/libc.a(eerd_block_atmega32u4.o)
 *(.data*)
 .data.mcp23018_status
                0x00800100        0x1 obj_ergodox_ez/ergodox_ez.o
                0x00800100                mcp23018_status
 .data.debouncing
                0x00800101        0x1 obj_ergodox_ez/matrix.o
 .data.lufa_driver
                0x00800102        0xa obj_ergodox_ez/protocol/lufa/lufa.o
                0x00800102                lufa_driver
 .data.keyboard_protocol
                0x0080010c        0x1 obj_ergodox_ez/protocol/lufa/lufa.o
                0x0080010c                keyboard_protocol
 .data.keyboard_nkro
                0x0080010d        0x1 obj_ergodox_ez/common/host.o
                0x0080010d                keyboard_nkro
 .data.keyboard_report
                0x0080010e        0x2 obj_ergodox_ez/common/action_util.o
                0x0080010e                keyboard_report
 .data.mk_wheel_time_to_max
                0x00800110        0x1 obj_ergodox_ez/common/mousekey.o
                0x00800110                mk_wheel_time_to_max
 .data.mk_wheel_max_speed
                0x00800111        0x1 obj_ergodox_ez/common/mousekey.o
                0x00800111                mk_wheel_max_speed
 .data.mk_time_to_max
                0x00800112        0x1 obj_ergodox_ez/common/mousekey.o
                0x00800112                mk_time_to_max
 .data.mk_max_speed
                0x00800113        0x1 obj_ergodox_ez/common/mousekey.o
                0x00800113                mk_max_speed
 .data.mk_interval
                0x00800114        0x1 obj_ergodox_ez/common/mousekey.o
                0x00800114                mk_interval
 .data.mk_delay
                0x00800115        0x1 obj_ergodox_ez/common/mousekey.o
                0x00800115                mk_delay
 *(.rodata)
 *(.rodata*)
 .rodata.CSWTCH.3
                0x00800116        0x5 obj_ergodox_ez/protocol/lufa/descriptor.o
 .rodata.CSWTCH.2
                0x0080011b        0xa obj_ergodox_ez/protocol/lufa/descriptor.o
 .rodata.CSWTCH.1
                0x00800125        0xa obj_ergodox_ez/protocol/lufa/descriptor.o
 .rodata.CSWTCH.44
                0x0080012f        0xa obj_ergodox_ez/common/command.o
 *(.gnu.linkonce.d*)
                0x0080013a                . = ALIGN (0x2)
 *fill*         0x00800139        0x1 
                0x0080013a                _edata = .
                0x0080013a                PROVIDE (__data_end, .)

.bss            0x0080013a       0xbf
                0x0080013a                PROVIDE (__bss_start, .)
 *(.bss)
 .bss           0x0080013a        0x2 obj_ergodox_ez/common/avr/xprintf.o
                0x0080013a                xfunc_out
 *(.bss*)
 .bss.i2c_initialized
                0x0080013c        0x1 obj_ergodox_ez/ergodox_ez.o
                0x0080013c                i2c_initialized
 .bss.mcp23018_reset_loop
                0x0080013d        0x1 obj_ergodox_ez/matrix.o
 .bss.matrix_debouncing
                0x0080013e        0xe obj_ergodox_ez/matrix.o
 .bss.matrix    0x0080014c        0xe obj_ergodox_ez/matrix.o
 .bss.timeouted.4723
                0x0080015a        0x1 obj_ergodox_ez/protocol/lufa/lufa.o
 .bss.count.4653
                0x0080015b        0x1 obj_ergodox_ez/protocol/lufa/lufa.o
 .bss.console_flush
                0x0080015c        0x1 obj_ergodox_ez/protocol/lufa/lufa.o
 .bss.keyboard_report_sent
                0x0080015d       0x10 obj_ergodox_ez/protocol/lufa/lufa.o
 .bss.keyboard_led_stats
                0x0080016d        0x1 obj_ergodox_ez/protocol/lufa/lufa.o
 .bss.keyboard_idle
                0x0080016e        0x1 obj_ergodox_ez/protocol/lufa/lufa.o
                0x0080016e                keyboard_idle
 .bss.last_consumer_report
                0x0080016f        0x2 obj_ergodox_ez/common/host.o
 .bss.last_system_report
                0x00800171        0x2 obj_ergodox_ez/common/host.o
 .bss.driver    0x00800173        0x2 obj_ergodox_ez/common/host.o
 .bss.led_status.4714
                0x00800175        0x1 obj_ergodox_ez/common/keyboard.o
 .bss.matrix_prev.4713
                0x00800176        0xe obj_ergodox_ez/common/keyboard.o
 .bss.waiting_buffer_tail
                0x00800184        0x1 obj_ergodox_ez/common/action_tapping.o
 .bss.waiting_buffer_head
                0x00800185        0x1 obj_ergodox_ez/common/action_tapping.o
 .bss.waiting_buffer
                0x00800186       0x30 obj_ergodox_ez/common/action_tapping.o
 .bss.tapping_key
                0x008001b6        0x6 obj_ergodox_ez/common/action_tapping.o
 .bss.layer_state
                0x008001bc        0x4 obj_ergodox_ez/common/action_layer.o
                0x008001bc                layer_state
 .bss.default_layer_state
                0x008001c0        0x4 obj_ergodox_ez/common/action_layer.o
                0x008001c0                default_layer_state
 .bss.oneshot_mods
                0x008001c4        0x1 obj_ergodox_ez/common/action_util.o
 .bss.__compound_literal.0
                0x008001c5       0x10 obj_ergodox_ez/common/action_util.o
 .bss.weak_mods
                0x008001d5        0x1 obj_ergodox_ez/common/action_util.o
 .bss.real_mods
                0x008001d6        0x1 obj_ergodox_ez/common/action_util.o
 .bss.debug_config
                0x008001d7        0x1 obj_ergodox_ez/common/debug.o
                0x008001d7                debug_config
 .bss.wdt_timeout
                0x008001d8        0x1 obj_ergodox_ez/common/avr/suspend.o
 .bss.timer_count
                0x008001d9        0x4 obj_ergodox_ez/common/avr/timer.o
                0x008001d9                timer_count
 .bss.last_timer
                0x008001dd        0x2 obj_ergodox_ez/common/mousekey.o
 .bss.mousekey_accel
                0x008001df        0x1 obj_ergodox_ez/common/mousekey.o
 .bss.mousekey_repeat
                0x008001e0        0x1 obj_ergodox_ez/common/mousekey.o
 .bss.mouse_report
                0x008001e1        0x5 obj_ergodox_ez/common/mousekey.o
 .bss.mousekey_param
                0x008001e6        0x1 obj_ergodox_ez/common/command.o
 .bss.command_state
                0x008001e7        0x1 obj_ergodox_ez/common/command.o
                0x008001e7                command_state
 .bss.timer.1660
                0x008001e8        0x2 obj_ergodox_ez/common/sleep_led.o
 *(COMMON)
 COMMON         0x008001ea        0x2 obj_ergodox_ez/keymaps/keymap_osx_keikun17.o
                0x008001ea                keymap_config
 COMMON         0x008001ec        0x3 obj_ergodox_ez/protocol/lufa/LUFA-git/LUFA/Drivers/USB/Core/DeviceStandardReq.o
                0x008001ec                USB_Device_ConfigurationNumber
                0x008001ed                USB_Device_CurrentlySelfPowered
                0x008001ee                USB_Device_RemoteWakeupEnabled
 COMMON         0x008001ef        0xa obj_ergodox_ez/protocol/lufa/LUFA-git/LUFA/Drivers/USB/Core/USBTask.o
                0x008001ef                USB_IsInitialized
                0x008001f0                USB_DeviceState
                0x008001f1                USB_ControlRequest
                0x008001f9                PROVIDE (__bss_end, .)
                0x00005bca                __data_load_start = LOADADDR (.data)
                0x00005c04                __data_load_end = (__data_load_start + SIZEOF (.data))

.noinit         0x008001f9        0x4
                0x008001f9                PROVIDE (__noinit_start, .)
 *(.noinit*)
 .noinit        0x008001f9        0x4 obj_ergodox_ez/common/avr/bootloader.o
                0x008001f9                reset_key
                0x008001fd                PROVIDE (__noinit_end, .)
                0x008001fd                _end = .
                0x008001fd                PROVIDE (__heap_start, .)

.eeprom         0x00810000        0x0
 *(.eeprom*)
                0x00810000                __eeprom_end = .

.fuse
 *(.fuse)
 *(.lfuse)
 *(.hfuse)
 *(.efuse)

.lock
 *(.lock*)

.signature
 *(.signature*)

.user_signatures
 *(.user_signatures*)

.stab           0x00000000      0x8b8
 *(.stab)
 .stab          0x00000000      0x8b8 obj_ergodox_ez/common/avr/xprintf.o

.stabstr        0x00000000       0xa0
 *(.stabstr)
 .stabstr       0x00000000       0xa0 obj_ergodox_ez/common/avr/xprintf.o

.stab.excl
 *(.stab.excl)

.stab.exclstr
 *(.stab.exclstr)

.stab.index
 *(.stab.index)

.stab.indexstr
 *(.stab.indexstr)

.comment        0x00000000       0x11
 *(.comment)
 .comment       0x00000000       0x11 obj_ergodox_ez/keymaps/keymap_osx_keikun17.o
                                 0x12 (size before relaxing)
 .comment       0x00000000       0x12 obj_ergodox_ez/ergodox_ez.o
 .comment       0x00000000       0x12 obj_ergodox_ez/twimaster.o
 .comment       0x00000000       0x12 obj_ergodox_ez/matrix.o
 .comment       0x00000000       0x12 obj_ergodox_ez/quantum/keymap_common.o
 .comment       0x00000000       0x12 obj_ergodox_ez/quantum/led.o
 .comment       0x00000000       0x12 obj_ergodox_ez/protocol/lufa/lufa.o
 .comment       0x00000000       0x12 obj_ergodox_ez/protocol/lufa/descriptor.o
 .comment       0x00000000       0x12 obj_ergodox_ez/protocol/lufa/LUFA-git/LUFA/Drivers/USB/Class/Common/HIDParser.o
 .comment       0x00000000       0x12 obj_ergodox_ez/protocol/lufa/LUFA-git/LUFA/Drivers/USB/Core/AVR8/Device_AVR8.o
 .comment       0x00000000       0x12 obj_ergodox_ez/protocol/lufa/LUFA-git/LUFA/Drivers/USB/Core/AVR8/EndpointStream_AVR8.o
 .comment       0x00000000       0x12 obj_ergodox_ez/protocol/lufa/LUFA-git/LUFA/Drivers/USB/Core/AVR8/Endpoint_AVR8.o
 .comment       0x00000000       0x12 obj_ergodox_ez/protocol/lufa/LUFA-git/LUFA/Drivers/USB/Core/AVR8/Host_AVR8.o
 .comment       0x00000000       0x12 obj_ergodox_ez/protocol/lufa/LUFA-git/LUFA/Drivers/USB/Core/AVR8/PipeStream_AVR8.o
 .comment       0x00000000       0x12 obj_ergodox_ez/protocol/lufa/LUFA-git/LUFA/Drivers/USB/Core/AVR8/Pipe_AVR8.o
 .comment       0x00000000       0x12 obj_ergodox_ez/protocol/lufa/LUFA-git/LUFA/Drivers/USB/Core/AVR8/USBController_AVR8.o
 .comment       0x00000000       0x12 obj_ergodox_ez/protocol/lufa/LUFA-git/LUFA/Drivers/USB/Core/AVR8/USBInterrupt_AVR8.o
 .comment       0x00000000       0x12 obj_ergodox_ez/protocol/lufa/LUFA-git/LUFA/Drivers/USB/Core/ConfigDescriptors.o
 .comment       0x00000000       0x12 obj_ergodox_ez/protocol/lufa/LUFA-git/LUFA/Drivers/USB/Core/DeviceStandardReq.o
 .comment       0x00000000       0x12 obj_ergodox_ez/protocol/lufa/LUFA-git/LUFA/Drivers/USB/Core/Events.o
 .comment       0x00000000       0x12 obj_ergodox_ez/protocol/lufa/LUFA-git/LUFA/Drivers/USB/Core/HostStandardReq.o
 .comment       0x00000000       0x12 obj_ergodox_ez/protocol/lufa/LUFA-git/LUFA/Drivers/USB/Core/USBTask.o
 .comment       0x00000000       0x12 obj_ergodox_ez/common/host.o
 .comment       0x00000000       0x12 obj_ergodox_ez/common/keyboard.o
 .comment       0x00000000       0x12 obj_ergodox_ez/common/action.o
 .comment       0x00000000       0x12 obj_ergodox_ez/common/action_tapping.o
 .comment       0x00000000       0x12 obj_ergodox_ez/common/action_macro.o
 .comment       0x00000000       0x12 obj_ergodox_ez/common/action_layer.o
 .comment       0x00000000       0x12 obj_ergodox_ez/common/action_util.o
 .comment       0x00000000       0x12 obj_ergodox_ez/common/keymap.o
 .comment       0x00000000       0x12 obj_ergodox_ez/common/print.o
 .comment       0x00000000       0x12 obj_ergodox_ez/common/debug.o
 .comment       0x00000000       0x12 obj_ergodox_ez/common/util.o
 .comment       0x00000000       0x12 obj_ergodox_ez/common/avr/suspend.o
 .comment       0x00000000       0x12 obj_ergodox_ez/common/avr/timer.o
 .comment       0x00000000       0x12 obj_ergodox_ez/common/avr/bootloader.o
 .comment       0x00000000       0x12 obj_ergodox_ez/common/bootmagic.o
 .comment       0x00000000       0x12 obj_ergodox_ez/common/avr/eeconfig.o
 .comment       0x00000000       0x12 obj_ergodox_ez/common/mousekey.o
 .comment       0x00000000       0x12 obj_ergodox_ez/common/command.o
 .comment       0x00000000       0x12 obj_ergodox_ez/common/sleep_led.o

.debug
 *(.debug)

.line
 *(.line)

.debug_srcinfo
 *(.debug_srcinfo)

.debug_sfnames
 *(.debug_sfnames)

.debug_aranges  0x00000000      0xbd8
 *(.debug_aranges)
 .debug_aranges
                0x00000000       0x30 obj_ergodox_ez/keymaps/keymap_osx_keikun17.o
 .debug_aranges
                0x00000030       0x48 obj_ergodox_ez/ergodox_ez.o
 .debug_aranges
                0x00000078       0x58 obj_ergodox_ez/twimaster.o
 .debug_aranges
                0x000000d0       0x78 obj_ergodox_ez/matrix.o
 .debug_aranges
                0x00000148       0x50 obj_ergodox_ez/quantum/keymap_common.o
 .debug_aranges
                0x00000198       0x20 obj_ergodox_ez/quantum/led.o
 .debug_aranges
                0x000001b8       0x90 obj_ergodox_ez/protocol/lufa/lufa.o
 .debug_aranges
                0x00000248       0x20 obj_ergodox_ez/protocol/lufa/descriptor.o
 .debug_aranges
                0x00000268       0x38 obj_ergodox_ez/protocol/lufa/LUFA-git/LUFA/Drivers/USB/Class/Common/HIDParser.o
 .debug_aranges
                0x000002a0       0x20 obj_ergodox_ez/protocol/lufa/LUFA-git/LUFA/Drivers/USB/Core/AVR8/Device_AVR8.o
 .debug_aranges
                0x000002c0       0xc8 obj_ergodox_ez/protocol/lufa/LUFA-git/LUFA/Drivers/USB/Core/AVR8/EndpointStream_AVR8.o
 .debug_aranges
                0x00000388       0x40 obj_ergodox_ez/protocol/lufa/LUFA-git/LUFA/Drivers/USB/Core/AVR8/Endpoint_AVR8.o
 .debug_aranges
                0x000003c8       0x18 obj_ergodox_ez/protocol/lufa/LUFA-git/LUFA/Drivers/USB/Core/AVR8/Host_AVR8.o
 .debug_aranges
                0x000003e0       0x18 obj_ergodox_ez/protocol/lufa/LUFA-git/LUFA/Drivers/USB/Core/AVR8/PipeStream_AVR8.o
 .debug_aranges
                0x000003f8       0x18 obj_ergodox_ez/protocol/lufa/LUFA-git/LUFA/Drivers/USB/Core/AVR8/Pipe_AVR8.o
 .debug_aranges
                0x00000410       0x30 obj_ergodox_ez/protocol/lufa/LUFA-git/LUFA/Drivers/USB/Core/AVR8/USBController_AVR8.o
 .debug_aranges
                0x00000440       0x38 obj_ergodox_ez/protocol/lufa/LUFA-git/LUFA/Drivers/USB/Core/AVR8/USBInterrupt_AVR8.o
 .debug_aranges
                0x00000478       0x40 obj_ergodox_ez/protocol/lufa/LUFA-git/LUFA/Drivers/USB/Core/ConfigDescriptors.o
 .debug_aranges
                0x000004b8       0x20 obj_ergodox_ez/protocol/lufa/LUFA-git/LUFA/Drivers/USB/Core/DeviceStandardReq.o
 .debug_aranges
                0x000004d8       0x20 obj_ergodox_ez/protocol/lufa/LUFA-git/LUFA/Drivers/USB/Core/Events.o
 .debug_aranges
                0x000004f8       0x18 obj_ergodox_ez/protocol/lufa/LUFA-git/LUFA/Drivers/USB/Core/HostStandardReq.o
 .debug_aranges
                0x00000510       0x20 obj_ergodox_ez/protocol/lufa/LUFA-git/LUFA/Drivers/USB/Core/USBTask.o
 .debug_aranges
                0x00000530       0x60 obj_ergodox_ez/common/host.o
 .debug_aranges
                0x00000590       0x40 obj_ergodox_ez/common/keyboard.o
 .debug_aranges
                0x000005d0       0x78 obj_ergodox_ez/common/action.o
 .debug_aranges
                0x00000648       0x40 obj_ergodox_ez/common/action_tapping.o
 .debug_aranges
                0x00000688       0x20 obj_ergodox_ez/common/action_macro.o
 .debug_aranges
                0x000006a8       0x90 obj_ergodox_ez/common/action_layer.o
 .debug_aranges
                0x00000738       0xb0 obj_ergodox_ez/common/action_util.o
 .debug_aranges
                0x000007e8       0x38 obj_ergodox_ez/common/keymap.o
 .debug_aranges
                0x00000820       0x20 obj_ergodox_ez/common/print.o
 .debug_aranges
                0x00000840       0x18 obj_ergodox_ez/common/debug.o
 .debug_aranges
                0x00000858       0x60 obj_ergodox_ez/common/util.o
 .debug_aranges
                0x000008b8       0x48 obj_ergodox_ez/common/avr/suspend.o
 .debug_aranges
                0x00000900       0x50 obj_ergodox_ez/common/avr/timer.o
 .debug_aranges
                0x00000950       0x28 obj_ergodox_ez/common/avr/bootloader.o
 .debug_aranges
                0x00000978       0x30 obj_ergodox_ez/common/bootmagic.o
 .debug_aranges
                0x000009a8       0x68 obj_ergodox_ez/common/avr/eeconfig.o
 .debug_aranges
                0x00000a10       0x50 obj_ergodox_ez/common/mousekey.o
 .debug_aranges
                0x00000a60       0x58 obj_ergodox_ez/common/command.o
 .debug_aranges
                0x00000ab8       0x40 obj_ergodox_ez/common/sleep_led.o
 .debug_aranges
                0x00000af8       0x20 /usr/local/CrossPack-AVR-20131216/lib/gcc/avr/4.8.1/avr5/libgcc.a(_udivmodqi4.o)
 .debug_aranges
                0x00000b18       0x20 /usr/local/CrossPack-AVR-20131216/lib/gcc/avr/4.8.1/avr5/libgcc.a(_divmodhi4.o)
 .debug_aranges
                0x00000b38       0x20 /usr/local/CrossPack-AVR-20131216/lib/gcc/avr/4.8.1/avr5/libgcc.a(_exit.o)
 .debug_aranges
                0x00000b58       0x20 /usr/local/CrossPack-AVR-20131216/lib/gcc/avr/4.8.1/avr5/libgcc.a(_tablejump.o)
 .debug_aranges
                0x00000b78       0x20 /usr/local/CrossPack-AVR-20131216/lib/gcc/avr/4.8.1/avr5/libgcc.a(_copy_data.o)
 .debug_aranges
                0x00000b98       0x20 /usr/local/CrossPack-AVR-20131216/lib/gcc/avr/4.8.1/avr5/libgcc.a(_clear_bss.o)
 .debug_aranges
                0x00000bb8       0x20 /usr/local/CrossPack-AVR-20131216/lib/gcc/avr/4.8.1/avr5/libgcc.a(_udivmodhi4.o)

.debug_pubnames
 *(.debug_pubnames)

.debug_info     0x00000000    0x12599
 *(.debug_info)
 .debug_info    0x00000000      0xbe1 obj_ergodox_ez/keymaps/keymap_osx_keikun17.o
 .debug_info    0x00000be1      0x6f0 obj_ergodox_ez/ergodox_ez.o
 .debug_info    0x000012d1      0x1be obj_ergodox_ez/twimaster.o
 .debug_info    0x0000148f      0x8c0 obj_ergodox_ez/matrix.o
 .debug_info    0x00001d4f     0x1268 obj_ergodox_ez/quantum/keymap_common.o
 .debug_info    0x00002fb7       0x91 obj_ergodox_ez/quantum/led.o
 .debug_info    0x00003048     0x15af obj_ergodox_ez/protocol/lufa/lufa.o
 .debug_info    0x000045f7      0x818 obj_ergodox_ez/protocol/lufa/descriptor.o
 .debug_info    0x00004e0f      0x73e obj_ergodox_ez/protocol/lufa/LUFA-git/LUFA/Drivers/USB/Class/Common/HIDParser.o
 .debug_info    0x0000554d       0xd2 obj_ergodox_ez/protocol/lufa/LUFA-git/LUFA/Drivers/USB/Core/AVR8/Device_AVR8.o
 .debug_info    0x0000561f     0x17b4 obj_ergodox_ez/protocol/lufa/LUFA-git/LUFA/Drivers/USB/Core/AVR8/EndpointStream_AVR8.o
 .debug_info    0x00006dd3      0x614 obj_ergodox_ez/protocol/lufa/LUFA-git/LUFA/Drivers/USB/Core/AVR8/Endpoint_AVR8.o
 .debug_info    0x000073e7       0x56 obj_ergodox_ez/protocol/lufa/LUFA-git/LUFA/Drivers/USB/Core/AVR8/Host_AVR8.o
 .debug_info    0x0000743d       0x56 obj_ergodox_ez/protocol/lufa/LUFA-git/LUFA/Drivers/USB/Core/AVR8/PipeStream_AVR8.o
 .debug_info    0x00007493       0x56 obj_ergodox_ez/protocol/lufa/LUFA-git/LUFA/Drivers/USB/Core/AVR8/Pipe_AVR8.o
 .debug_info    0x000074e9      0x4cb obj_ergodox_ez/protocol/lufa/LUFA-git/LUFA/Drivers/USB/Core/AVR8/USBController_AVR8.o
 .debug_info    0x000079b4      0x7c4 obj_ergodox_ez/protocol/lufa/LUFA-git/LUFA/Drivers/USB/Core/AVR8/USBInterrupt_AVR8.o
 .debug_info    0x00008178      0x3cd obj_ergodox_ez/protocol/lufa/LUFA-git/LUFA/Drivers/USB/Core/ConfigDescriptors.o
 .debug_info    0x00008545      0xa57 obj_ergodox_ez/protocol/lufa/LUFA-git/LUFA/Drivers/USB/Core/DeviceStandardReq.o
 .debug_info    0x00008f9c       0x78 obj_ergodox_ez/protocol/lufa/LUFA-git/LUFA/Drivers/USB/Core/Events.o
 .debug_info    0x00009014       0x56 obj_ergodox_ez/protocol/lufa/LUFA-git/LUFA/Drivers/USB/Core/HostStandardReq.o
 .debug_info    0x0000906a      0x26b obj_ergodox_ez/protocol/lufa/LUFA-git/LUFA/Drivers/USB/Core/USBTask.o
 .debug_info    0x000092d5      0x546 obj_ergodox_ez/common/host.o
 .debug_info    0x0000981b      0x544 obj_ergodox_ez/common/keyboard.o
 .debug_info    0x00009d5f     0x15c6 obj_ergodox_ez/common/action.o
 .debug_info    0x0000b325      0xe2e obj_ergodox_ez/common/action_tapping.o
 .debug_info    0x0000c153      0x80c obj_ergodox_ez/common/action_macro.o
 .debug_info    0x0000c95f      0x824 obj_ergodox_ez/common/action_layer.o
 .debug_info    0x0000d183      0x719 obj_ergodox_ez/common/action_util.o
 .debug_info    0x0000d89c      0xe6b obj_ergodox_ez/common/keymap.o
 .debug_info    0x0000e707       0xda obj_ergodox_ez/common/print.o
 .debug_info    0x0000e7e1       0xfc obj_ergodox_ez/common/debug.o
 .debug_info    0x0000e8dd      0x29b obj_ergodox_ez/common/util.o
 .debug_info    0x0000eb78      0x242 obj_ergodox_ez/common/avr/suspend.o
 .debug_info    0x0000edba      0x204 obj_ergodox_ez/common/avr/timer.o
 .debug_info    0x0000efbe      0x18a obj_ergodox_ez/common/avr/bootloader.o
 .debug_info    0x0000f148      0xbd1 obj_ergodox_ez/common/bootmagic.o
 .debug_info    0x0000fd19      0x3cf obj_ergodox_ez/common/avr/eeconfig.o
 .debug_info    0x000100e8      0x7c6 obj_ergodox_ez/common/mousekey.o
 .debug_info    0x000108ae     0x15c5 obj_ergodox_ez/common/command.o
 .debug_info    0x00011e73      0x1f4 obj_ergodox_ez/common/sleep_led.o
 .debug_info    0x00012067       0xbe /usr/local/CrossPack-AVR-20131216/lib/gcc/avr/4.8.1/avr5/libgcc.a(_udivmodqi4.o)
 .debug_info    0x00012125       0xbe /usr/local/CrossPack-AVR-20131216/lib/gcc/avr/4.8.1/avr5/libgcc.a(_divmodhi4.o)
 .debug_info    0x000121e3       0xbe /usr/local/CrossPack-AVR-20131216/lib/gcc/avr/4.8.1/avr5/libgcc.a(_exit.o)
 .debug_info    0x000122a1       0xbe /usr/local/CrossPack-AVR-20131216/lib/gcc/avr/4.8.1/avr5/libgcc.a(_tablejump.o)
 .debug_info    0x0001235f       0xbe /usr/local/CrossPack-AVR-20131216/lib/gcc/avr/4.8.1/avr5/libgcc.a(_copy_data.o)
 .debug_info    0x0001241d       0xbe /usr/local/CrossPack-AVR-20131216/lib/gcc/avr/4.8.1/avr5/libgcc.a(_clear_bss.o)
 .debug_info    0x000124db       0xbe /usr/local/CrossPack-AVR-20131216/lib/gcc/avr/4.8.1/avr5/libgcc.a(_udivmodhi4.o)
 *(.gnu.linkonce.wi.*)

.debug_abbrev   0x00000000     0x4772
 *(.debug_abbrev)
 .debug_abbrev  0x00000000      0x1fb obj_ergodox_ez/keymaps/keymap_osx_keikun17.o
 .debug_abbrev  0x000001fb      0x224 obj_ergodox_ez/ergodox_ez.o
 .debug_abbrev  0x0000041f       0xe8 obj_ergodox_ez/twimaster.o
 .debug_abbrev  0x00000507      0x3bf obj_ergodox_ez/matrix.o
 .debug_abbrev  0x000008c6      0x353 obj_ergodox_ez/quantum/keymap_common.o
 .debug_abbrev  0x00000c19       0x60 obj_ergodox_ez/quantum/led.o
 .debug_abbrev  0x00000c79      0x493 obj_ergodox_ez/protocol/lufa/lufa.o
 .debug_abbrev  0x0000110c      0x177 obj_ergodox_ez/protocol/lufa/descriptor.o
 .debug_abbrev  0x00001283      0x21e obj_ergodox_ez/protocol/lufa/LUFA-git/LUFA/Drivers/USB/Class/Common/HIDParser.o
 .debug_abbrev  0x000014a1       0x80 obj_ergodox_ez/protocol/lufa/LUFA-git/LUFA/Drivers/USB/Core/AVR8/Device_AVR8.o
 .debug_abbrev  0x00001521      0x213 obj_ergodox_ez/protocol/lufa/LUFA-git/LUFA/Drivers/USB/Core/AVR8/EndpointStream_AVR8.o
 .debug_abbrev  0x00001734      0x222 obj_ergodox_ez/protocol/lufa/LUFA-git/LUFA/Drivers/USB/Core/AVR8/Endpoint_AVR8.o
 .debug_abbrev  0x00001956       0x26 obj_ergodox_ez/protocol/lufa/LUFA-git/LUFA/Drivers/USB/Core/AVR8/Host_AVR8.o
 .debug_abbrev  0x0000197c       0x26 obj_ergodox_ez/protocol/lufa/LUFA-git/LUFA/Drivers/USB/Core/AVR8/PipeStream_AVR8.o
 .debug_abbrev  0x000019a2       0x26 obj_ergodox_ez/protocol/lufa/LUFA-git/LUFA/Drivers/USB/Core/AVR8/Pipe_AVR8.o
 .debug_abbrev  0x000019c8      0x196 obj_ergodox_ez/protocol/lufa/LUFA-git/LUFA/Drivers/USB/Core/AVR8/USBController_AVR8.o
 .debug_abbrev  0x00001b5e      0x234 obj_ergodox_ez/protocol/lufa/LUFA-git/LUFA/Drivers/USB/Core/AVR8/USBInterrupt_AVR8.o
 .debug_abbrev  0x00001d92      0x183 obj_ergodox_ez/protocol/lufa/LUFA-git/LUFA/Drivers/USB/Core/ConfigDescriptors.o
 .debug_abbrev  0x00001f15      0x2d8 obj_ergodox_ez/protocol/lufa/LUFA-git/LUFA/Drivers/USB/Core/DeviceStandardReq.o
 .debug_abbrev  0x000021ed       0x44 obj_ergodox_ez/protocol/lufa/LUFA-git/LUFA/Drivers/USB/Core/Events.o
 .debug_abbrev  0x00002231       0x26 obj_ergodox_ez/protocol/lufa/LUFA-git/LUFA/Drivers/USB/Core/HostStandardReq.o
 .debug_abbrev  0x00002257      0x168 obj_ergodox_ez/protocol/lufa/LUFA-git/LUFA/Drivers/USB/Core/USBTask.o
 .debug_abbrev  0x000023bf      0x229 obj_ergodox_ez/common/host.o
 .debug_abbrev  0x000025e8      0x226 obj_ergodox_ez/common/keyboard.o
 .debug_abbrev  0x0000280e      0x2ce obj_ergodox_ez/common/action.o
 .debug_abbrev  0x00002adc      0x2ef obj_ergodox_ez/common/action_tapping.o
 .debug_abbrev  0x00002dcb      0x179 obj_ergodox_ez/common/action_macro.o
 .debug_abbrev  0x00002f44      0x213 obj_ergodox_ez/common/action_layer.o
 .debug_abbrev  0x00003157      0x31c obj_ergodox_ez/common/action_util.o
 .debug_abbrev  0x00003473      0x2b1 obj_ergodox_ez/common/keymap.o
 .debug_abbrev  0x00003724       0x97 obj_ergodox_ez/common/print.o
 .debug_abbrev  0x000037bb       0x87 obj_ergodox_ez/common/debug.o
 .debug_abbrev  0x00003842       0xcb obj_ergodox_ez/common/util.o
 .debug_abbrev  0x0000390d      0x193 obj_ergodox_ez/common/avr/suspend.o
 .debug_abbrev  0x00003aa0      0x11e obj_ergodox_ez/common/avr/timer.o
 .debug_abbrev  0x00003bbe      0x115 obj_ergodox_ez/common/avr/bootloader.o
 .debug_abbrev  0x00003cd3      0x27b obj_ergodox_ez/common/bootmagic.o
 .debug_abbrev  0x00003f4e       0xef obj_ergodox_ez/common/avr/eeconfig.o
 .debug_abbrev  0x0000403d      0x204 obj_ergodox_ez/common/mousekey.o
 .debug_abbrev  0x00004241      0x366 obj_ergodox_ez/common/command.o
 .debug_abbrev  0x000045a7      0x13f obj_ergodox_ez/common/sleep_led.o
 .debug_abbrev  0x000046e6       0x14 /usr/local/CrossPack-AVR-20131216/lib/gcc/avr/4.8.1/avr5/libgcc.a(_udivmodqi4.o)
 .debug_abbrev  0x000046fa       0x14 /usr/local/CrossPack-AVR-20131216/lib/gcc/avr/4.8.1/avr5/libgcc.a(_divmodhi4.o)
 .debug_abbrev  0x0000470e       0x14 /usr/local/CrossPack-AVR-20131216/lib/gcc/avr/4.8.1/avr5/libgcc.a(_exit.o)
 .debug_abbrev  0x00004722       0x14 /usr/local/CrossPack-AVR-20131216/lib/gcc/avr/4.8.1/avr5/libgcc.a(_tablejump.o)
 .debug_abbrev  0x00004736       0x14 /usr/local/CrossPack-AVR-20131216/lib/gcc/avr/4.8.1/avr5/libgcc.a(_copy_data.o)
 .debug_abbrev  0x0000474a       0x14 /usr/local/CrossPack-AVR-20131216/lib/gcc/avr/4.8.1/avr5/libgcc.a(_clear_bss.o)
 .debug_abbrev  0x0000475e       0x14 /usr/local/CrossPack-AVR-20131216/lib/gcc/avr/4.8.1/avr5/libgcc.a(_udivmodhi4.o)

.debug_line     0x00000000     0x61e7
 *(.debug_line)
 .debug_line    0x00000000      0x1c3 obj_ergodox_ez/keymaps/keymap_osx_keikun17.o
 .debug_line    0x000001c3      0x201 obj_ergodox_ez/ergodox_ez.o
 .debug_line    0x000003c4      0x157 obj_ergodox_ez/twimaster.o
 .debug_line    0x0000051b      0x347 obj_ergodox_ez/matrix.o
 .debug_line    0x00000862      0x2f5 obj_ergodox_ez/quantum/keymap_common.o
 .debug_line    0x00000b57       0x7a obj_ergodox_ez/quantum/led.o
 .debug_line    0x00000bd1      0x7bd obj_ergodox_ez/protocol/lufa/lufa.o
 .debug_line    0x0000138e      0x206 obj_ergodox_ez/protocol/lufa/descriptor.o
 .debug_line    0x00001594      0x25c obj_ergodox_ez/protocol/lufa/LUFA-git/LUFA/Drivers/USB/Class/Common/HIDParser.o
 .debug_line    0x000017f0      0x141 obj_ergodox_ez/protocol/lufa/LUFA-git/LUFA/Drivers/USB/Core/AVR8/Device_AVR8.o
 .debug_line    0x00001931      0xc93 obj_ergodox_ez/protocol/lufa/LUFA-git/LUFA/Drivers/USB/Core/AVR8/EndpointStream_AVR8.o
 .debug_line    0x000025c4      0x400 obj_ergodox_ez/protocol/lufa/LUFA-git/LUFA/Drivers/USB/Core/AVR8/Endpoint_AVR8.o
 .debug_line    0x000029c4       0x1a obj_ergodox_ez/protocol/lufa/LUFA-git/LUFA/Drivers/USB/Core/AVR8/Host_AVR8.o
 .debug_line    0x000029de       0x1a obj_ergodox_ez/protocol/lufa/LUFA-git/LUFA/Drivers/USB/Core/AVR8/PipeStream_AVR8.o
 .debug_line    0x000029f8       0x1a obj_ergodox_ez/protocol/lufa/LUFA-git/LUFA/Drivers/USB/Core/AVR8/Pipe_AVR8.o
 .debug_line    0x00002a12      0x30b obj_ergodox_ez/protocol/lufa/LUFA-git/LUFA/Drivers/USB/Core/AVR8/USBController_AVR8.o
 .debug_line    0x00002d1d      0x4e0 obj_ergodox_ez/protocol/lufa/LUFA-git/LUFA/Drivers/USB/Core/AVR8/USBInterrupt_AVR8.o
 .debug_line    0x000031fd      0x198 obj_ergodox_ez/protocol/lufa/LUFA-git/LUFA/Drivers/USB/Core/ConfigDescriptors.o
 .debug_line    0x00003395      0x39c obj_ergodox_ez/protocol/lufa/LUFA-git/LUFA/Drivers/USB/Core/DeviceStandardReq.o
 .debug_line    0x00003731       0x71 obj_ergodox_ez/protocol/lufa/LUFA-git/LUFA/Drivers/USB/Core/Events.o
 .debug_line    0x000037a2       0x1a obj_ergodox_ez/protocol/lufa/LUFA-git/LUFA/Drivers/USB/Core/HostStandardReq.o
 .debug_line    0x000037bc      0x1ac obj_ergodox_ez/protocol/lufa/LUFA-git/LUFA/Drivers/USB/Core/USBTask.o
 .debug_line    0x00003968      0x1da obj_ergodox_ez/common/host.o
 .debug_line    0x00003b42      0x203 obj_ergodox_ez/common/keyboard.o
 .debug_line    0x00003d45      0x46d obj_ergodox_ez/common/action.o
 .debug_line    0x000041b2      0x27c obj_ergodox_ez/common/action_tapping.o
 .debug_line    0x0000442e      0x18d obj_ergodox_ez/common/action_macro.o
 .debug_line    0x000045bb      0x1f5 obj_ergodox_ez/common/action_layer.o
 .debug_line    0x000047b0      0x2b5 obj_ergodox_ez/common/action_util.o
 .debug_line    0x00004a65      0x259 obj_ergodox_ez/common/keymap.o
 .debug_line    0x00004cbe       0xac obj_ergodox_ez/common/print.o
 .debug_line    0x00004d6a       0x80 obj_ergodox_ez/common/debug.o
 .debug_line    0x00004dea      0x195 obj_ergodox_ez/common/util.o
 .debug_line    0x00004f7f      0x1bd obj_ergodox_ez/common/avr/suspend.o
 .debug_line    0x0000513c      0x124 obj_ergodox_ez/common/avr/timer.o
 .debug_line    0x00005260      0x19a obj_ergodox_ez/common/avr/bootloader.o
 .debug_line    0x000053fa      0x261 obj_ergodox_ez/common/bootmagic.o
 .debug_line    0x0000565b      0x15d obj_ergodox_ez/common/avr/eeconfig.o
 .debug_line    0x000057b8      0x31f obj_ergodox_ez/common/mousekey.o
 .debug_line    0x00005ad7      0x389 obj_ergodox_ez/common/command.o
 .debug_line    0x00005e60       0xdf obj_ergodox_ez/common/sleep_led.o
 .debug_line    0x00005f3f       0x62 /usr/local/CrossPack-AVR-20131216/lib/gcc/avr/4.8.1/avr5/libgcc.a(_udivmodqi4.o)
 .debug_line    0x00005fa1       0x69 /usr/local/CrossPack-AVR-20131216/lib/gcc/avr/4.8.1/avr5/libgcc.a(_divmodhi4.o)
 .debug_line    0x0000600a       0x58 /usr/local/CrossPack-AVR-20131216/lib/gcc/avr/4.8.1/avr5/libgcc.a(_exit.o)
 .debug_line    0x00006062       0x5c /usr/local/CrossPack-AVR-20131216/lib/gcc/avr/4.8.1/avr5/libgcc.a(_tablejump.o)
 .debug_line    0x000060be       0x61 /usr/local/CrossPack-AVR-20131216/lib/gcc/avr/4.8.1/avr5/libgcc.a(_copy_data.o)
 .debug_line    0x0000611f       0x5e /usr/local/CrossPack-AVR-20131216/lib/gcc/avr/4.8.1/avr5/libgcc.a(_clear_bss.o)
 .debug_line    0x0000617d       0x6a /usr/local/CrossPack-AVR-20131216/lib/gcc/avr/4.8.1/avr5/libgcc.a(_udivmodhi4.o)

.debug_frame    0x00000000     0x1d6c
 *(.debug_frame)
 .debug_frame   0x00000000       0x44 obj_ergodox_ez/keymaps/keymap_osx_keikun17.o
 .debug_frame   0x00000044       0x74 obj_ergodox_ez/ergodox_ez.o
 .debug_frame   0x000000b8       0x94 obj_ergodox_ez/twimaster.o
 .debug_frame   0x0000014c      0x188 obj_ergodox_ez/matrix.o
 .debug_frame   0x000002d4       0x84 obj_ergodox_ez/quantum/keymap_common.o
 .debug_frame   0x00000358       0x24 obj_ergodox_ez/quantum/led.o
 .debug_frame   0x0000037c      0x138 obj_ergodox_ez/protocol/lufa/lufa.o
 .debug_frame   0x000004b4       0x24 obj_ergodox_ez/protocol/lufa/descriptor.o
 .debug_frame   0x000004d8      0x134 obj_ergodox_ez/protocol/lufa/LUFA-git/LUFA/Drivers/USB/Class/Common/HIDParser.o
 .debug_frame   0x0000060c       0x24 obj_ergodox_ez/protocol/lufa/LUFA-git/LUFA/Drivers/USB/Core/AVR8/Device_AVR8.o
 .debug_frame   0x00000630      0x414 obj_ergodox_ez/protocol/lufa/LUFA-git/LUFA/Drivers/USB/Core/AVR8/EndpointStream_AVR8.o
 .debug_frame   0x00000a44       0x7c obj_ergodox_ez/protocol/lufa/LUFA-git/LUFA/Drivers/USB/Core/AVR8/Endpoint_AVR8.o