Archive member included because of file (symbol)

/usr/local/CrossPack-AVR-20131216/lib/gcc/avr/4.8.1/../../../../avr/lib/avr5/libm.a(fixsfsi.o)
                              obj_ergodox_ez/common/mousekey.o (__fixsfsi)
/usr/local/CrossPack-AVR-20131216/lib/gcc/avr/4.8.1/../../../../avr/lib/avr5/libm.a(fixunssfsi.o)
                              /usr/local/CrossPack-AVR-20131216/lib/gcc/avr/4.8.1/../../../../avr/lib/avr5/libm.a(fixsfsi.o) (__fixunssfsi)
/usr/local/CrossPack-AVR-20131216/lib/gcc/avr/4.8.1/../../../../avr/lib/avr5/libm.a(floatsisf.o)
                              obj_ergodox_ez/common/mousekey.o (__floatsisf)
/usr/local/CrossPack-AVR-20131216/lib/gcc/avr/4.8.1/../../../../avr/lib/avr5/libm.a(fp_split3.o)
                              /usr/local/CrossPack-AVR-20131216/lib/gcc/avr/4.8.1/../../../../avr/lib/avr5/libm.a(fixunssfsi.o) (__fp_splitA)
/usr/local/CrossPack-AVR-20131216/lib/gcc/avr/4.8.1/../../../../avr/lib/avr5/libm.a(fp_zero.o)
                              /usr/local/CrossPack-AVR-20131216/lib/gcc/avr/4.8.1/../../../../avr/lib/avr5/libm.a(fixunssfsi.o) (__fp_zero)
/usr/local/CrossPack-AVR-20131216/lib/gcc/avr/4.8.1/../../../../avr/lib/avr5/libm.a(mulsf3.o)
                              obj_ergodox_ez/common/mousekey.o (__mulsf3)
/usr/local/CrossPack-AVR-20131216/lib/gcc/avr/4.8.1/../../../../avr/lib/avr5/libm.a(mulsf3x.o)
                              /usr/local/CrossPack-AVR-20131216/lib/gcc/avr/4.8.1/../../../../avr/lib/avr5/libm.a(mulsf3.o) (__mulsf3x)
/usr/local/CrossPack-AVR-20131216/lib/gcc/avr/4.8.1/../../../../avr/lib/avr5/libm.a(fp_inf.o)
                              /usr/local/CrossPack-AVR-20131216/lib/gcc/avr/4.8.1/../../../../avr/lib/avr5/libm.a(mulsf3x.o) (__fp_inf)
/usr/local/CrossPack-AVR-20131216/lib/gcc/avr/4.8.1/../../../../avr/lib/avr5/libm.a(fp_nan.o)
                              /usr/local/CrossPack-AVR-20131216/lib/gcc/avr/4.8.1/../../../../avr/lib/avr5/libm.a(mulsf3x.o) (__fp_nan)
/usr/local/CrossPack-AVR-20131216/lib/gcc/avr/4.8.1/../../../../avr/lib/avr5/libm.a(fp_pscA.o)
                              /usr/local/CrossPack-AVR-20131216/lib/gcc/avr/4.8.1/../../../../avr/lib/avr5/libm.a(mulsf3x.o) (__fp_pscA)
/usr/local/CrossPack-AVR-20131216/lib/gcc/avr/4.8.1/../../../../avr/lib/avr5/libm.a(fp_pscB.o)
                              /usr/local/CrossPack-AVR-20131216/lib/gcc/avr/4.8.1/../../../../avr/lib/avr5/libm.a(mulsf3x.o) (__fp_pscB)
/usr/local/CrossPack-AVR-20131216/lib/gcc/avr/4.8.1/../../../../avr/lib/avr5/libm.a(fp_round.o)
                              /usr/local/CrossPack-AVR-20131216/lib/gcc/avr/4.8.1/../../../../avr/lib/avr5/libm.a(mulsf3.o) (__fp_round)
/usr/local/CrossPack-AVR-20131216/lib/gcc/avr/4.8.1/avr5/libgcc.a(_udivmodqi4.o)
                              obj_ergodox_ez/protocol/lufa/lufa.o (__udivmodqi4)
/usr/local/CrossPack-AVR-20131216/lib/gcc/avr/4.8.1/avr5/libgcc.a(_divmodhi4.o)
                              obj_ergodox_ez/common/mousekey.o (__divmodhi4)
/usr/local/CrossPack-AVR-20131216/lib/gcc/avr/4.8.1/avr5/libgcc.a(_exit.o)
                              /usr/local/CrossPack-AVR-20131216/lib/gcc/avr/4.8.1/../../../../avr/lib/avr5/crtm32u4.o (exit)
/usr/local/CrossPack-AVR-20131216/lib/gcc/avr/4.8.1/avr5/libgcc.a(_tablejump.o)
                              obj_ergodox_ez/protocol/lufa/LUFA-git/LUFA/Drivers/USB/Core/DeviceStandardReq.o (__tablejump2__)
/usr/local/CrossPack-AVR-20131216/lib/gcc/avr/4.8.1/avr5/libgcc.a(_copy_data.o)
                              obj_ergodox_ez/ergodox_ez.o (__do_copy_data)
/usr/local/CrossPack-AVR-20131216/lib/gcc/avr/4.8.1/avr5/libgcc.a(_clear_bss.o)
                              obj_ergodox_ez/keymaps/keymap_osx_keikun17.o (__do_clear_bss)
/usr/local/CrossPack-AVR-20131216/lib/gcc/avr/4.8.1/avr5/libgcc.a(_udivmodhi4.o)
                              /usr/local/CrossPack-AVR-20131216/lib/gcc/avr/4.8.1/avr5/libgcc.a(_divmodhi4.o) (__udivmodhi4)
/usr/local/CrossPack-AVR-20131216/lib/gcc/avr/4.8.1/../../../../avr/lib/avr5/libc.a(eerd_byte_atmega32u4.o)
                              obj_ergodox_ez/protocol/lufa/LUFA-git/LUFA/Drivers/USB/Core/AVR8/EndpointStream_AVR8.o (__eerd_byte_m32u4)
/usr/local/CrossPack-AVR-20131216/lib/gcc/avr/4.8.1/../../../../avr/lib/avr5/libc.a(eerd_word_atmega32u4.o)
                              obj_ergodox_ez/common/avr/eeconfig.o (__eerd_word_m32u4)
/usr/local/CrossPack-AVR-20131216/lib/gcc/avr/4.8.1/../../../../avr/lib/avr5/libc.a(eeupd_byte_atmega32u4.o)
                              obj_ergodox_ez/protocol/lufa/LUFA-git/LUFA/Drivers/USB/Core/AVR8/EndpointStream_AVR8.o (__eeupd_byte_m32u4)
/usr/local/CrossPack-AVR-20131216/lib/gcc/avr/4.8.1/../../../../avr/lib/avr5/libc.a(eewr_byte_atmega32u4.o)
                              obj_ergodox_ez/common/avr/eeconfig.o (__eewr_byte_m32u4)
/usr/local/CrossPack-AVR-20131216/lib/gcc/avr/4.8.1/../../../../avr/lib/avr5/libc.a(eewr_word_atmega32u4.o)
                              obj_ergodox_ez/common/avr/eeconfig.o (__eewr_word_m32u4)
[...]
Memory Configuration

Name             Origin             Length             Attributes
text             0x00000000         0x00020000         xr
data             0x00800060         0x0000ffa0         rw !x
eeprom           0x00810000         0x00010000         rw !x
fuse             0x00820000         0x00000400         rw !x
lock             0x00830000         0x00000400         rw !x
signature        0x00840000         0x00000400         rw !x
user_signatures  0x00850000         0x00000400         rw !x
*default*        0x00000000         0xffffffff

Linker script and memory map

Address of section .data set to 0x800100
LOAD /usr/local/CrossPack-AVR-20131216/lib/gcc/avr/4.8.1/../../../../avr/lib/avr5/crtm32u4.o
LOAD obj_ergodox_ez/keymaps/keymap_osx_keikun17.o
LOAD obj_ergodox_ez/ergodox_ez.o
LOAD obj_ergodox_ez/twimaster.o
LOAD obj_ergodox_ez/matrix.o
LOAD obj_ergodox_ez/quantum/keymap_common.o
LOAD obj_ergodox_ez/quantum/led.o
LOAD obj_ergodox_ez/protocol/lufa/lufa.o
LOAD obj_ergodox_ez/protocol/lufa/descriptor.o
LOAD obj_ergodox_ez/protocol/lufa/LUFA-git/LUFA/Drivers/USB/Class/Common/HIDParser.o
LOAD obj_ergodox_ez/protocol/lufa/LUFA-git/LUFA/Drivers/USB/Core/AVR8/Device_AVR8.o
LOAD obj_ergodox_ez/protocol/lufa/LUFA-git/LUFA/Drivers/USB/Core/AVR8/EndpointStream_AVR8.o
LOAD obj_ergodox_ez/protocol/lufa/LUFA-git/LUFA/Drivers/USB/Core/AVR8/Endpoint_AVR8.o
LOAD obj_ergodox_ez/protocol/lufa/LUFA-git/LUFA/Drivers/USB/Core/AVR8/Host_AVR8.o
LOAD obj_ergodox_ez/protocol/lufa/LUFA-git/LUFA/Drivers/USB/Core/AVR8/PipeStream_AVR8.o
LOAD obj_ergodox_ez/protocol/lufa/LUFA-git/LUFA/Drivers/USB/Core/AVR8/Pipe_AVR8.o
LOAD obj_ergodox_ez/protocol/lufa/LUFA-git/LUFA/Drivers/USB/Core/AVR8/USBController_AVR8.o
LOAD obj_ergodox_ez/protocol/lufa/LUFA-git/LUFA/Drivers/USB/Core/AVR8/USBInterrupt_AVR8.o
LOAD obj_ergodox_ez/protocol/lufa/LUFA-git/LUFA/Drivers/USB/Core/ConfigDescriptors.o
LOAD obj_ergodox_ez/protocol/lufa/LUFA-git/LUFA/Drivers/USB/Core/DeviceStandardReq.o
LOAD obj_ergodox_ez/protocol/lufa/LUFA-git/LUFA/Drivers/USB/Core/Events.o
LOAD obj_ergodox_ez/protocol/lufa/LUFA-git/LUFA/Drivers/USB/Core/HostStandardReq.o
LOAD obj_ergodox_ez/protocol/lufa/LUFA-git/LUFA/Drivers/USB/Core/USBTask.o
LOAD obj_ergodox_ez/common/host.o
LOAD obj_ergodox_ez/common/keyboard.o
LOAD obj_ergodox_ez/common/action.o
LOAD obj_ergodox_ez/common/action_tapping.o
LOAD obj_ergodox_ez/common/action_macro.o
LOAD obj_ergodox_ez/common/action_layer.o
LOAD obj_ergodox_ez/common/action_util.o
LOAD obj_ergodox_ez/common/keymap.o
LOAD obj_ergodox_ez/common/print.o
LOAD obj_ergodox_ez/common/debug.o
LOAD obj_ergodox_ez/common/util.o
LOAD obj_ergodox_ez/common/avr/suspend.o
LOAD obj_ergodox_ez/common/avr/xprintf.o
LOAD obj_ergodox_ez/common/avr/timer.o
LOAD obj_ergodox_ez/common/avr/bootloader.o
LOAD obj_ergodox_ez/common/bootmagic.o
LOAD obj_ergodox_ez/common/avr/eeconfig.o
LOAD obj_ergodox_ez/common/mousekey.o
LOAD obj_ergodox_ez/common/command.o
LOAD obj_ergodox_ez/common/sleep_led.o
LOAD /usr/local/CrossPack-AVR-20131216/lib/gcc/avr/4.8.1/../../../../avr/lib/avr5/libm.a
START GROUP
LOAD /usr/local/CrossPack-AVR-20131216/lib/gcc/avr/4.8.1/avr5/libgcc.a
LOAD /usr/local/CrossPack-AVR-20131216/lib/gcc/avr/4.8.1/../../../../avr/lib/avr5/libm.a
LOAD /usr/local/CrossPack-AVR-20131216/lib/gcc/avr/4.8.1/../../../../avr/lib/avr5/libc.a
END GROUP

.hash
 *(.hash)

.dynsym
 *(.dynsym)

.dynstr
 *(.dynstr)

.gnu.version
 *(.gnu.version)

.gnu.version_d
 *(.gnu.version_d)

.gnu.version_r
 *(.gnu.version_r)

.rel.init
 *(.rel.init)

.rela.init
 *(.rela.init)

.rel.text
 *(.rel.text)
 *(.rel.text.*)
 *(.rel.gnu.linkonce.t*)

.rela.text
 *(.rela.text)
 *(.rela.text.*)
 *(.rela.gnu.linkonce.t*)

.rel.fini
 *(.rel.fini)

.rela.fini
 *(.rela.fini)

.rel.rodata
 *(.rel.rodata)
 *(.rel.rodata.*)
 *(.rel.gnu.linkonce.r*)

.rela.rodata
 *(.rela.rodata)
 *(.rela.rodata.*)
 *(.rela.gnu.linkonce.r*)

.rel.data
 *(.rel.data)
 *(.rel.data.*)
 *(.rel.gnu.linkonce.d*)

.rela.data
 *(.rela.data)
 *(.rela.data.*)
 *(.rela.gnu.linkonce.d*)

.rel.ctors
 *(.rel.ctors)

.rela.ctors
 *(.rela.ctors)

.rel.dtors
 *(.rel.dtors)

.rela.dtors
 *(.rela.dtors)

.rel.got
 *(.rel.got)

.rela.got
 *(.rela.got)

.rel.bss
 *(.rel.bss)

.rela.bss
 *(.rela.bss)

.rel.plt
 *(.rel.plt)

.rela.plt
 *(.rela.plt)

.text           0x00000000     0x5ba6
 *(.vectors)
 .vectors       0x00000000       0xac /usr/local/CrossPack-AVR-20131216/lib/gcc/avr/4.8.1/../../../../avr/lib/avr5/crtm32u4.o
                0x00000000                __vectors
                0x00000000                __vector_default
 *(.vectors)
 *(.progmem.gcc*)
 .progmem.gcc_sw_table.USB_Device_ProcessControlRequest
                0x000000ac       0x14 obj_ergodox_ez/protocol/lufa/LUFA-git/LUFA/Drivers/USB/Core/DeviceStandardReq.o
 .progmem.gcc_sw_table.process_action
                0x000000c0       0x20 obj_ergodox_ez/common/action.o
                0x000000e0                . = ALIGN (0x2)
                0x000000e0                __trampolines_start = .
 *(.trampolines)
 .trampolines   0x000000e0        0x0 linker stubs
 *(.trampolines*)
                0x000000e0                __trampolines_end = .
 *(.progmem*)
 .progmem.data.fn_actions
                0x000000e0        0x4 obj_ergodox_ez/keymaps/keymap_osx_keikun17.o
                0x000000e0                fn_actions
 .progmem.data.keymaps
                0x000000e4      0x1f8 obj_ergodox_ez/keymaps/keymap_osx_keikun17.o
                0x000000e4                keymaps
 .progmem.data.__c.4827
                0x000002dc        0x2 obj_ergodox_ez/matrix.o
 .progmem.data.__c.4825
                0x000002de        0x6 obj_ergodox_ez/matrix.o
 .progmem.data.__c.4823
                0x000002e4        0x3 obj_ergodox_ez/matrix.o
 .progmem.data.__c.4821
                0x000002e7        0x5 obj_ergodox_ez/matrix.o
 .progmem.data.__c.4818
                0x000002ec       0x17 obj_ergodox_ez/matrix.o
 .progmem.data.__c.4796
                0x00000303        0x2 obj_ergodox_ez/matrix.o
 .progmem.data.__c.4794
                0x00000305        0x5 obj_ergodox_ez/matrix.o
 .progmem.data.__c.4792
                0x0000030a        0xa obj_ergodox_ez/matrix.o
 .progmem.data.__c.4788
                0x00000314       0x14 obj_ergodox_ez/matrix.o
 .progmem.data.__c.4786
                0x00000328       0x1a obj_ergodox_ez/matrix.o
 .progmem.data.__c.4784
                0x00000342       0x1a obj_ergodox_ez/matrix.o
 .progmem.data.__c.4651
                0x0000035c       0x12 obj_ergodox_ez/quantum/keymap_common.o
 .progmem.data.__c.4748
                0x0000036e        0x4 obj_ergodox_ez/protocol/lufa/lufa.o
 .progmem.data.__c.4746
                0x00000372       0x11 obj_ergodox_ez/protocol/lufa/lufa.o
 .progmem.data.__c.4647
                0x00000383        0x4 obj_ergodox_ez/protocol/lufa/lufa.o
 .progmem.data.__c.4643
                0x00000387        0x4 obj_ergodox_ez/protocol/lufa/lufa.o
 .progmem.data.__c.4639
                0x0000038b        0x4 obj_ergodox_ez/protocol/lufa/lufa.o
 .progmem.data.__c.4634
                0x0000038f        0x4 obj_ergodox_ez/protocol/lufa/lufa.o
 .progmem.data.__c.4629
                0x00000393        0x4 obj_ergodox_ez/protocol/lufa/lufa.o
 .progmem.data.ProductString
                0x00000397       0x18 obj_ergodox_ez/protocol/lufa/descriptor.o
                0x00000397                ProductString
 .progmem.data.ManufacturerString
                0x000003af       0x18 obj_ergodox_ez/protocol/lufa/descriptor.o
                0x000003af                ManufacturerString
 .progmem.data.LanguageString
                0x000003c7        0x4 obj_ergodox_ez/protocol/lufa/descriptor.o
                0x000003c7                LanguageString
 .progmem.data.ConfigurationDescriptor
                0x000003cb       0x8d obj_ergodox_ez/protocol/lufa/descriptor.o
                0x000003cb                ConfigurationDescriptor
 .progmem.data.DeviceDescriptor
                0x00000458       0x12 obj_ergodox_ez/protocol/lufa/descriptor.o
                0x00000458                DeviceDescriptor
 .progmem.data.NKROReport
                0x0000046a       0x39 obj_ergodox_ez/protocol/lufa/descriptor.o
                0x0000046a                NKROReport
 .progmem.data.ConsoleReport
                0x000004a3       0x20 obj_ergodox_ez/protocol/lufa/descriptor.o
                0x000004a3                ConsoleReport
 .progmem.data.ExtrakeyReport
                0x000004c3       0x36 obj_ergodox_ez/protocol/lufa/descriptor.o
                0x000004c3                ExtrakeyReport
 .progmem.data.MouseReport
                0x000004f9       0x4d obj_ergodox_ez/protocol/lufa/descriptor.o
                0x000004f9                MouseReport
 .progmem.data.KeyboardReport
                0x00000546       0x3f obj_ergodox_ez/protocol/lufa/descriptor.o
                0x00000546                KeyboardReport
 .progmem.data.__c.4396
                0x00000585        0x2 obj_ergodox_ez/common/host.o
 .progmem.data.__c.4391
                0x00000587        0x6 obj_ergodox_ez/common/host.o
 .progmem.data.__c.4388
                0x0000058d       0x12 obj_ergodox_ez/common/host.o
 .progmem.data.__c.4737
                0x0000059f        0x2 obj_ergodox_ez/common/keyboard.o
 .progmem.data.__c.4735
                0x000005a1        0x5 obj_ergodox_ez/common/keyboard.o
 .progmem.data.__c.4733
                0x000005a6       0x13 obj_ergodox_ez/common/keyboard.o
 .progmem.data.__c.4536
                0x000005b9       0x1e obj_ergodox_ez/common/action_util.o
 .progmem.data.__c.4531
                0x000005d7       0x1e obj_ergodox_ez/common/action_util.o
 .progmem.data.__c.4677
                0x000005f5        0x7 obj_ergodox_ez/common/bootmagic.o
 .progmem.data.__c.4671
                0x000005fc       0x15 obj_ergodox_ez/common/bootmagic.o
 .progmem.data.__c.4468
                0x00000611        0x3 obj_ergodox_ez/common/mousekey.o
 .progmem.data.__c.4466
                0x00000614        0x3 obj_ergodox_ez/common/mousekey.o
 .progmem.data.__c.4464
                0x00000617        0x2 obj_ergodox_ez/common/mousekey.o
 .progmem.data.__c.4462
                0x00000619        0x3 obj_ergodox_ez/common/mousekey.o
 .progmem.data.__c.4460
                0x0000061c        0x3 obj_ergodox_ez/common/mousekey.o
 .progmem.data.__c.4458
                0x0000061f        0x3 obj_ergodox_ez/common/mousekey.o
 .progmem.data.__c.4456
                0x00000622        0x2 obj_ergodox_ez/common/mousekey.o
 .progmem.data.__c.4454
                0x00000624        0x3 obj_ergodox_ez/common/mousekey.o
 .progmem.data.__c.4452
                0x00000627        0x2 obj_ergodox_ez/common/mousekey.o
 .progmem.data.__c.4450
                0x00000629        0x3 obj_ergodox_ez/common/mousekey.o
 .progmem.data.__c.4448
                0x0000062c        0x2 obj_ergodox_ez/common/mousekey.o
 .progmem.data.__c.4446
                0x0000062e        0x3 obj_ergodox_ez/common/mousekey.o
 .progmem.data.__c.4444
                0x00000631        0x2 obj_ergodox_ez/common/mousekey.o
 .progmem.data.__c.4442
                0x00000633        0x5 obj_ergodox_ez/common/mousekey.o
 .progmem.data.__c.4440
                0x00000638       0x23 obj_ergodox_ez/common/mousekey.o
 .progmem.data.__c.5075
                0x0000065b       0x1b obj_ergodox_ez/common/command.o
 .progmem.data.__c.5072
                0x00000676       0x19 obj_ergodox_ez/common/command.o
 .progmem.data.__c.5069
                0x0000068f       0x15 obj_ergodox_ez/common/command.o
 .progmem.data.__c.5066
                0x000006a4       0x13 obj_ergodox_ez/common/command.o
 .progmem.data.__c.5063
                0x000006b7       0x12 obj_ergodox_ez/common/command.o
 .progmem.data.__c.5059
                0x000006c9        0xf obj_ergodox_ez/common/command.o
 .progmem.data.__c.5052
                0x000006d8       0x1b obj_ergodox_ez/common/command.o
 .progmem.data.__c.5049
                0x000006f3       0x19 obj_ergodox_ez/common/command.o
 .progmem.data.__c.5046
                0x0000070c       0x15 obj_ergodox_ez/common/command.o
 .progmem.data.__c.5043
                0x00000721       0x13 obj_ergodox_ez/common/command.o
 .progmem.data.__c.5040
                0x00000734       0x12 obj_ergodox_ez/common/command.o
 .progmem.data.__c.5036
                0x00000746        0xf obj_ergodox_ez/common/command.o
 .progmem.data.__c.5029
                0x00000755        0x2 obj_ergodox_ez/common/command.o
 .progmem.data.__c.5027
                0x00000757        0x3 obj_ergodox_ez/common/command.o
 .progmem.data.__c.5025
                0x0000075a       0x17 obj_ergodox_ez/common/command.o
 .progmem.data.__c.5023
                0x00000771        0x2 obj_ergodox_ez/common/command.o
 .progmem.data.__c.5021
                0x00000773        0x3 obj_ergodox_ez/common/command.o
 .progmem.data.__c.5019
                0x00000776       0x15 obj_ergodox_ez/common/command.o
 .progmem.data.__c.5017
                0x0000078b        0x2 obj_ergodox_ez/common/command.o
 .progmem.data.__c.5015
                0x0000078d        0x3 obj_ergodox_ez/common/command.o
 .progmem.data.__c.5013
                0x00000790       0x11 obj_ergodox_ez/common/command.o
 .progmem.data.__c.5011
                0x000007a1        0x2 obj_ergodox_ez/common/command.o
 .progmem.data.__c.5009
                0x000007a3        0x3 obj_ergodox_ez/common/command.o
 .progmem.data.__c.5007
                0x000007a6        0xf obj_ergodox_ez/common/command.o
 .progmem.data.__c.5005
                0x000007b5        0x2 obj_ergodox_ez/common/command.o
 .progmem.data.__c.5003
                0x000007b7        0x3 obj_ergodox_ez/common/command.o
 .progmem.data.__c.5001
                0x000007ba       0x12 obj_ergodox_ez/common/command.o
 .progmem.data.__c.4999
                0x000007cc        0x2 obj_ergodox_ez/common/command.o
 .progmem.data.__c.4997
                0x000007ce        0x3 obj_ergodox_ez/common/command.o
 .progmem.data.__c.4995
                0x000007d1       0x12 obj_ergodox_ez/common/command.o
 .progmem.data.__c.4993
                0x000007e3        0xe obj_ergodox_ez/common/command.o
 .progmem.data.__c.5113
                0x000007f1        0x3 obj_ergodox_ez/common/command.o
 .progmem.data.__c.5111
                0x000007f4        0x6 obj_ergodox_ez/common/command.o
 .progmem.data.__c.5109
                0x000007fa        0x2 obj_ergodox_ez/common/command.o
 .progmem.data.__c.5106
                0x000007fc        0xd obj_ergodox_ez/common/command.o
 .progmem.data.__c.5092
                0x00000809        0x4 obj_ergodox_ez/common/command.o
 .progmem.data.__c.5082
                0x0000080d       0x4e obj_ergodox_ez/common/command.o
 .progmem.data.__c.5080
                0x0000085b       0xfb obj_ergodox_ez/common/command.o
 .progmem.data.__c.4985
                0x00000956        0x2 obj_ergodox_ez/common/command.o
 .progmem.data.__c.4982
                0x00000958        0x4 obj_ergodox_ez/common/command.o
 .progmem.data.__c.4987
                0x0000095c        0x4 obj_ergodox_ez/common/command.o
 .progmem.data.__c.5131
                0x00000960        0x5 obj_ergodox_ez/common/command.o
 .progmem.data.__c.4971
                0x00000965       0x27 obj_ergodox_ez/common/command.o
 .progmem.data.__c.4792
                0x0000098c       0xb7 obj_ergodox_ez/common/command.o
 .progmem.data.__c.4887
                0x00000a43        0x2 obj_ergodox_ez/common/command.o
 .progmem.data.__c.4885
                0x00000a45        0x3 obj_ergodox_ez/common/command.o
 .progmem.data.__c.4883
                0x00000a48        0x8 obj_ergodox_ez/common/command.o
 .progmem.data.__c.4881
                0x00000a50        0x2 obj_ergodox_ez/common/command.o
 .progmem.data.__c.4879
                0x00000a52        0x3 obj_ergodox_ez/common/command.o
 .progmem.data.__c.4877
                0x00000a55       0x1c obj_ergodox_ez/common/command.o
 .progmem.data.__c.4875
                0x00000a71        0x2 obj_ergodox_ez/common/command.o
 .progmem.data.__c.4873
                0x00000a73        0x3 obj_ergodox_ez/common/command.o
 .progmem.data.__c.4871
                0x00000a76       0x12 obj_ergodox_ez/common/command.o
 .progmem.data.__c.4869
                0x00000a88        0x2 obj_ergodox_ez/common/command.o
 .progmem.data.__c.4867
                0x00000a8a        0x3 obj_ergodox_ez/common/command.o
 .progmem.data.__c.4865
                0x00000a8d        0xa obj_ergodox_ez/common/command.o
 .progmem.data.__c.4863
                0x00000a97        0x2 obj_ergodox_ez/common/command.o
 .progmem.data.__c.4861
                0x00000a99        0x3 obj_ergodox_ez/common/command.o
 .progmem.data.__c.4859
                0x00000a9c       0x12 obj_ergodox_ez/common/command.o
 .progmem.data.__c.4857
                0x00000aae        0x2 obj_ergodox_ez/common/command.o
 .progmem.data.__c.4855
                0x00000ab0        0x3 obj_ergodox_ez/common/command.o
 .progmem.data.__c.4853
                0x00000ab3       0x12 obj_ergodox_ez/common/command.o
 .progmem.data.__c.4851
                0x00000ac5        0x2 obj_ergodox_ez/common/command.o
 .progmem.data.__c.4849
                0x00000ac7        0x3 obj_ergodox_ez/common/command.o
 .progmem.data.__c.4847
                0x00000aca       0x17 obj_ergodox_ez/common/command.o
 .progmem.data.__c.4845
                0x00000ae1        0x2 obj_ergodox_ez/common/command.o
 .progmem.data.__c.4843
                0x00000ae3        0x3 obj_ergodox_ez/common/command.o
 .progmem.data.__c.4841
                0x00000ae6       0x19 obj_ergodox_ez/common/command.o
 .progmem.data.__c.4839
                0x00000aff        0x2 obj_ergodox_ez/common/command.o
 .progmem.data.__c.4837
                0x00000b01        0x5 obj_ergodox_ez/common/command.o
 .progmem.data.__c.4835
                0x00000b06       0x14 obj_ergodox_ez/common/command.o
 .progmem.data.__c.4832
                0x00000b1a        0x2 obj_ergodox_ez/common/command.o
 .progmem.data.__c.4830
                0x00000b1c        0x3 obj_ergodox_ez/common/command.o
 .progmem.data.__c.4828
                0x00000b1f        0x9 obj_ergodox_ez/common/command.o
 .progmem.data.__c.4826
                0x00000b28        0x2 obj_ergodox_ez/common/command.o
 .progmem.data.__c.4824
                0x00000b2a        0x3 obj_ergodox_ez/common/command.o
 .progmem.data.__c.4822
                0x00000b2d        0xc obj_ergodox_ez/common/command.o
 .progmem.data.__c.4820
                0x00000b39        0x2 obj_ergodox_ez/common/command.o
 .progmem.data.__c.4818
                0x00000b3b        0x3 obj_ergodox_ez/common/command.o
 .progmem.data.__c.4816
                0x00000b3e        0xa obj_ergodox_ez/common/command.o
 .progmem.data.__c.4814
                0x00000b48        0x2 obj_ergodox_ez/common/command.o
 .progmem.data.__c.4812
                0x00000b4a        0x3 obj_ergodox_ez/common/command.o
 .progmem.data.__c.4810
                0x00000b4d        0xa obj_ergodox_ez/common/command.o
 .progmem.data.__c.4808
                0x00000b57        0x2 obj_ergodox_ez/common/command.o
 .progmem.data.__c.4806
                0x00000b59        0x5 obj_ergodox_ez/common/command.o
 .progmem.data.__c.4804
                0x00000b5e       0x13 obj_ergodox_ez/common/command.o
 .progmem.data.__c.4801
                0x00000b71        0x2 obj_ergodox_ez/common/command.o
 .progmem.data.__c.4799
                0x00000b73        0x3 obj_ergodox_ez/common/command.o
 .progmem.data.__c.4797
                0x00000b76       0x10 obj_ergodox_ez/common/command.o
 .progmem.data.__c.4966
                0x00000b86        0x2 obj_ergodox_ez/common/command.o
 .progmem.data.__c.4957
                0x00000b88        0xb obj_ergodox_ez/common/command.o
 .progmem.data.__c.4955
                0x00000b93        0xa obj_ergodox_ez/common/command.o
 .progmem.data.__c.4952
                0x00000b9d       0x14 obj_ergodox_ez/common/command.o
 .progmem.data.__c.4950
                0x00000bb1       0x13 obj_ergodox_ez/common/command.o
 .progmem.data.__c.4948
                0x00000bc4       0x13 obj_ergodox_ez/common/command.o
 .progmem.data.__c.4946
                0x00000bd7       0x17 obj_ergodox_ez/common/command.o
 .progmem.data.__c.4944
                0x00000bee       0x1a obj_ergodox_ez/common/command.o
 .progmem.data.__c.4942
                0x00000c08        0xe obj_ergodox_ez/common/command.o
 .progmem.data.__c.4939
                0x00000c16       0x2e obj_ergodox_ez/common/command.o
 .progmem.data.__c.4937
                0x00000c44       0x44 obj_ergodox_ez/common/command.o
 .progmem.data.__c.4935
                0x00000c88       0x27 obj_ergodox_ez/common/command.o
 .progmem.data.__c.4933
                0x00000caf       0x3d obj_ergodox_ez/common/command.o
 .progmem.data.__c.4931
                0x00000cec       0x2c obj_ergodox_ez/common/command.o
 .progmem.data.__c.4929
                0x00000d18        0xf obj_ergodox_ez/common/command.o
 .progmem.data.__c.4926
                0x00000d27        0xd obj_ergodox_ez/common/command.o
 .progmem.data.__c.4924
                0x00000d34        0xc obj_ergodox_ez/common/command.o
 .progmem.data.__c.4921
                0x00000d40       0x10 obj_ergodox_ez/common/command.o
 .progmem.data.__c.4919
                0x00000d50        0xf obj_ergodox_ez/common/command.o
 .progmem.data.__c.4916
                0x00000d5f        0xe obj_ergodox_ez/common/command.o
 .progmem.data.__c.4914
                0x00000d6d        0xd obj_ergodox_ez/common/command.o
 .progmem.data.__c.4911
                0x00000d7a        0xc obj_ergodox_ez/common/command.o
 .progmem.data.__c.4909
                0x00000d86        0xd obj_ergodox_ez/common/command.o
 .progmem.data.__c.4906
                0x00000d93       0x11 obj_ergodox_ez/common/command.o
 .progmem.data.__c.4903
                0x00000da4        0x4 obj_ergodox_ez/common/command.o
 .progmem.data.__c.4898
                0x00000da8        0xb obj_ergodox_ez/common/command.o
 .progmem.data.__c.4894
                0x00000db3       0x10 obj_ergodox_ez/common/command.o
 .progmem.data.breathing_table
                0x00000dc3       0x40 obj_ergodox_ez/common/sleep_led.o
                0x00000e04                . = ALIGN (0x2)
 *fill*         0x00000e03        0x1 
 *(.jumptables)
 *(.jumptables*)
 *(.lowtext)
 *(.lowtext*)
                0x00000e04                __ctors_start = .
 *(.ctors)
                0x00000e04                __ctors_end = .
                0x00000e04                __dtors_start = .
 *(.dtors)
                0x00000e04                __dtors_end = .
 SORT(*)(.ctors)
 SORT(*)(.dtors)
 *(.init0)
 .init0         0x00000e04        0x0 /usr/local/CrossPack-AVR-20131216/lib/gcc/avr/4.8.1/../../../../avr/lib/avr5/crtm32u4.o
                0x00000e04                __init
 *(.init0)
 *(.init1)
 *(.init1)
 *(.init2)
 .init2         0x00000e04        0xc /usr/local/CrossPack-AVR-20131216/lib/gcc/avr/4.8.1/../../../../avr/lib/avr5/crtm32u4.o
 *(.init2)
 *(.init3)
 .init3         0x00000e10       0x4e obj_ergodox_ez/common/avr/bootloader.o
                0x00000e10                bootloader_jump_after_watchdog_reset
 *(.init3)
 *(.init4)
 .init4         0x00000e5e       0x16 /usr/local/CrossPack-AVR-20131216/lib/gcc/avr/4.8.1/avr5/libgcc.a(_copy_data.o)
                0x00000e5e                __do_copy_data
 .init4         0x00000e74       0x10 /usr/local/CrossPack-AVR-20131216/lib/gcc/avr/4.8.1/avr5/libgcc.a(_clear_bss.o)
                0x00000e74                __do_clear_bss
 *(.init4)
 *(.init5)
 *(.init5)
 *(.init6)
 *(.init6)
 *(.init7)
 *(.init7)
 *(.init8)
 *(.init8)
 *(.init9)
 .init9         0x00000e84        0x8 /usr/local/CrossPack-AVR-20131216/lib/gcc/avr/4.8.1/../../../../avr/lib/avr5/crtm32u4.o
 *(.init9)
 *(.text)
 .text          0x00000e8c        0x4 /usr/local/CrossPack-AVR-20131216/lib/gcc/avr/4.8.1/../../../../avr/lib/avr5/crtm32u4.o
                0x00000e8c                __vector_42
                0x00000e8c                __vector_22
                0x00000e8c                __vector_28
                0x00000e8c                __vector_1
                0x00000e8c                __vector_32
                0x00000e8c                __vector_34
                0x00000e8c                __vector_24
                0x00000e8c                __vector_12
                0x00000e8c                __bad_interrupt
                0x00000e8c                __vector_6
                0x00000e8c                __vector_31
                0x00000e8c                __vector_35
                0x00000e8c                __vector_39
                0x00000e8c                __vector_3
                0x00000e8c                __vector_23
                0x00000e8c                __vector_30
                0x00000e8c                __vector_25
                0x00000e8c                __vector_13
                0x00000e8c                __vector_19
                0x00000e8c                __vector_7
                0x00000e8c                __vector_41
                0x00000e8c                __vector_27
                0x00000e8c                __vector_5
                0x00000e8c                __vector_33
                0x00000e8c                __vector_37
                0x00000e8c                __vector_4
                0x00000e8c                __vector_9
                0x00000e8c                __vector_2
                0x00000e8c                __vector_15
                0x00000e8c                __vector_36
                0x00000e8c                __vector_29
                0x00000e8c                __vector_40
                0x00000e8c                __vector_8
                0x00000e8c                __vector_26
                0x00000e8c                __vector_14
                0x00000e8c                __vector_16
                0x00000e8c                __vector_18
                0x00000e8c                __vector_20
                0x00000e8c                __vector_38
 .text          0x00000e90      0x15c obj_ergodox_ez/common/avr/xprintf.o
                0x00000e90                xputc
                0x00000ea8                xputs
                0x00000eb6                xitoa
                0x00000fda                __xprintf
                0x00000fec                . = ALIGN (0x2)
 *(.text.*)
 .text.action_get_macro
                0x00000fec       0x20 obj_ergodox_ez/keymaps/keymap_osx_keikun17.o
                0x00000fec                action_get_macro
 .text.matrix_init_user
                0x0000100c        0x2 obj_ergodox_ez/keymaps/keymap_osx_keikun17.o
                0x0000100c                matrix_init_user
 .text.matrix_scan_user
                0x0000100e       0x3a obj_ergodox_ez/keymaps/keymap_osx_keikun17.o
                0x0000100e                matrix_scan_user
 .text.matrix_scan_kb
                0x00001048       0x12 obj_ergodox_ez/ergodox_ez.o
                0x00001048                matrix_scan_kb
 .text.ergodox_blink_all_leds
                0x0000105a       0xb0 obj_ergodox_ez/ergodox_ez.o
                0x0000105a                ergodox_blink_all_leds
 .text.matrix_init_kb
                0x0000110a       0x3a obj_ergodox_ez/ergodox_ez.o
                0x0000110a                matrix_init_kb
 .text.init_mcp23018
                0x00001144       0x9e obj_ergodox_ez/ergodox_ez.o
                0x00001144                init_mcp23018
 .text.i2c_init
                0x000011e2        0xc obj_ergodox_ez/twimaster.o
                0x000011e2                i2c_init
 .text.i2c_start
                0x000011ee       0x44 obj_ergodox_ez/twimaster.o
                0x000011ee                i2c_start
 .text.i2c_stop
                0x00001232       0x10 obj_ergodox_ez/twimaster.o
                0x00001232                i2c_stop
 .text.i2c_write
                0x00001242       0x22 obj_ergodox_ez/twimaster.o
                0x00001242                i2c_write
 .text.i2c_readNak
                0x00001264       0x14 obj_ergodox_ez/twimaster.o
                0x00001264                i2c_readNak
 .text.unselect_rows
                0x00001278       0x50 obj_ergodox_ez/matrix.o
 .text.matrix_init
                0x000012c8       0x3a obj_ergodox_ez/matrix.o
                0x000012c8                matrix_init
 .text.matrix_scan
                0x00001302      0x256 obj_ergodox_ez/matrix.o
                0x00001302                matrix_scan
 .text.matrix_get_row
                0x00001558        0xc obj_ergodox_ez/matrix.o
                0x00001558                matrix_get_row
 .text.matrix_print
                0x00001564       0x8e obj_ergodox_ez/matrix.o
                0x00001564                matrix_print
 .text.keycode_to_action
                0x000015f2      0x17e obj_ergodox_ez/quantum/keymap_common.o
 .text.action_function
                0x00001770        0x2 obj_ergodox_ez/quantum/keymap_common.o
                0x00001770                action_function
 .text.keymap_key_to_keycode
                0x00001772       0x24 obj_ergodox_ez/quantum/keymap_common.o
                0x00001772                keymap_key_to_keycode
 .text.keymap_fn_to_action
                0x00001796       0x10 obj_ergodox_ez/quantum/keymap_common.o
                0x00001796                keymap_fn_to_action
 .text.keymap_func_to_action
                0x000017a6       0x10 obj_ergodox_ez/quantum/keymap_common.o
                0x000017a6                keymap_func_to_action
 .text.action_for_key
                0x000017b6      0x27c obj_ergodox_ez/quantum/keymap_common.o
                0x000017b6                action_for_key
 .text.led_set  0x00001a32        0x2 obj_ergodox_ez/quantum/led.o
                0x00001a32                led_set
 .text.keyboard_leds
                0x00001a34        0x6 obj_ergodox_ez/protocol/lufa/lufa.o
 .text.sendchar
                0x00001a3a       0xc8 obj_ergodox_ez/protocol/lufa/lufa.o
                0x00001a3a                sendchar
 .text.send_consumer
                0x00001b02       0x66 obj_ergodox_ez/protocol/lufa/lufa.o
 .text.send_system
                0x00001b68       0x68 obj_ergodox_ez/protocol/lufa/lufa.o
 .text.send_mouse
                0x00001bd0       0x46 obj_ergodox_ez/protocol/lufa/lufa.o
 .text.send_keyboard
                0x00001c16       0xa4 obj_ergodox_ez/protocol/lufa/lufa.o
 .text.EVENT_USB_Device_Connect
                0x00001cba       0x24 obj_ergodox_ez/protocol/lufa/lufa.o
                0x00001cba                EVENT_USB_Device_Connect
 .text.EVENT_USB_Device_Disconnect
                0x00001cde        0xe obj_ergodox_ez/protocol/lufa/lufa.o
                0x00001cde                EVENT_USB_Device_Disconnect
 .text.EVENT_USB_Device_Reset
                0x00001cec        0x8 obj_ergodox_ez/protocol/lufa/lufa.o
                0x00001cec                EVENT_USB_Device_Reset
 .text.EVENT_USB_Device_Suspend
                0x00001cf4        0xc obj_ergodox_ez/protocol/lufa/lufa.o
                0x00001cf4                EVENT_USB_Device_Suspend
 .text.EVENT_USB_Device_WakeUp
                0x00001d00       0x18 obj_ergodox_ez/protocol/lufa/lufa.o
                0x00001d00                EVENT_USB_Device_WakeUp
 .text.EVENT_USB_Device_StartOfFrame
                0x00001d18       0x80 obj_ergodox_ez/protocol/lufa/lufa.o
                0x00001d18                EVENT_USB_Device_StartOfFrame
 .text.EVENT_USB_Device_ConfigurationChanged
                0x00001d98       0x32 obj_ergodox_ez/protocol/lufa/lufa.o
                0x00001d98                EVENT_USB_Device_ConfigurationChanged
 .text.EVENT_USB_Device_ControlRequest
                0x00001dca      0x164 obj_ergodox_ez/protocol/lufa/lufa.o
                0x00001dca                EVENT_USB_Device_ControlRequest
 .text.startup.main
                0x00001f2e       0x94 obj_ergodox_ez/protocol/lufa/lufa.o
                0x00001f2e                main
 .text.CALLBACK_USB_GetDescriptor
                0x00001fc2       0xb2 obj_ergodox_ez/protocol/lufa/descriptor.o
                0x00001fc2                CALLBACK_USB_GetDescriptor
 .text.USB_Device_SendRemoteWakeup
                0x00002074       0x2c obj_ergodox_ez/protocol/lufa/LUFA-git/LUFA/Drivers/USB/Core/AVR8/Device_AVR8.o
                0x00002074                USB_Device_SendRemoteWakeup
 .text.Endpoint_Write_Stream_LE
                0x000020a0       0x92 obj_ergodox_ez/protocol/lufa/LUFA-git/LUFA/Drivers/USB/Core/AVR8/EndpointStream_AVR8.o
                0x000020a0                Endpoint_Write_Stream_LE
 .text.Endpoint_Write_Control_Stream_LE
                0x00002132       0xc2 obj_ergodox_ez/protocol/lufa/LUFA-git/LUFA/Drivers/USB/Core/AVR8/EndpointStream_AVR8.o
                0x00002132                Endpoint_Write_Control_Stream_LE
 .text.Endpoint_Write_Control_PStream_LE
                0x000021f4       0xc4 obj_ergodox_ez/protocol/lufa/LUFA-git/LUFA/Drivers/USB/Core/AVR8/EndpointStream_AVR8.o
                0x000021f4                Endpoint_Write_Control_PStream_LE
 .text.Endpoint_ConfigureEndpoint_Prv
                0x000022b8       0x6a obj_ergodox_ez/protocol/lufa/LUFA-git/LUFA/Drivers/USB/Core/AVR8/Endpoint_AVR8.o
                0x000022b8                Endpoint_ConfigureEndpoint_Prv
 .text.Endpoint_ClearStatusStage
                0x00002322       0x42 obj_ergodox_ez/protocol/lufa/LUFA-git/LUFA/Drivers/USB/Core/AVR8/Endpoint_AVR8.o
                0x00002322                Endpoint_ClearStatusStage
 .text.Endpoint_WaitUntilReady
                0x00002364       0x60 obj_ergodox_ez/protocol/lufa/LUFA-git/LUFA/Drivers/USB/Core/AVR8/Endpoint_AVR8.o
                0x00002364                Endpoint_WaitUntilReady
 .text.USB_Disable
                0x000023c4       0x34 obj_ergodox_ez/protocol/lufa/LUFA-git/LUFA/Drivers/USB/Core/AVR8/USBController_AVR8.o
                0x000023c4                USB_Disable
 .text.USB_ResetInterface
                0x000023f8       0x86 obj_ergodox_ez/protocol/lufa/LUFA-git/LUFA/Drivers/USB/Core/AVR8/USBController_AVR8.o
                0x000023f8                USB_ResetInterface
 .text.USB_Init
                0x0000247e       0x22 obj_ergodox_ez/protocol/lufa/LUFA-git/LUFA/Drivers/USB/Core/AVR8/USBController_AVR8.o
                0x0000247e                USB_Init
 .text.USB_INT_DisableAllInterrupts
                0x000024a0       0x10 obj_ergodox_ez/protocol/lufa/LUFA-git/LUFA/Drivers/USB/Core/AVR8/USBInterrupt_AVR8.o
                0x000024a0                USB_INT_DisableAllInterrupts
 .text.USB_INT_ClearAllInterrupts
                0x000024b0        0xa obj_ergodox_ez/protocol/lufa/LUFA-git/LUFA/Drivers/USB/Core/AVR8/USBInterrupt_AVR8.o
                0x000024b0                USB_INT_ClearAllInterrupts
 .text.__vector_10
                0x000024ba      0x1a4 obj_ergodox_ez/protocol/lufa/LUFA-git/LUFA/Drivers/USB/Core/AVR8/USBInterrupt_AVR8.o
                0x000024ba                __vector_10
 .text.__vector_11
                0x0000265e       0x78 obj_ergodox_ez/protocol/lufa/LUFA-git/LUFA/Drivers/USB/Core/AVR8/USBInterrupt_AVR8.o
                0x0000265e                __vector_11
 .text.USB_Device_ProcessControlRequest
                0x000026d6      0x29c obj_ergodox_ez/protocol/lufa/LUFA-git/LUFA/Drivers/USB/Core/DeviceStandardReq.o
                0x000026d6                USB_Device_ProcessControlRequest
 .text.USB_USBTask
                0x00002972       0x3a obj_ergodox_ez/protocol/lufa/LUFA-git/LUFA/Drivers/USB/Core/USBTask.o
                0x00002972                USB_USBTask
 .text.host_set_driver
                0x000029ac        0xa obj_ergodox_ez/common/host.o
                0x000029ac                host_set_driver
 .text.host_keyboard_leds
                0x000029b6       0x18 obj_ergodox_ez/common/host.o
                0x000029b6                host_keyboard_leds
 .text.host_keyboard_send
                0x000029ce       0x8a obj_ergodox_ez/common/host.o
                0x000029ce                host_keyboard_send
 .text.host_mouse_send
                0x00002a58       0x16 obj_ergodox_ez/common/host.o
                0x00002a58                host_mouse_send
 .text.host_system_send
                0x00002a6e       0x2c obj_ergodox_ez/common/host.o
                0x00002a6e                host_system_send
 .text.host_consumer_send
                0x00002a9a       0x2c obj_ergodox_ez/common/host.o
                0x00002a9a                host_consumer_send
 .text.matrix_setup
                0x00002ac6        0x2 obj_ergodox_ez/common/keyboard.o
                0x00002ac6                matrix_setup
 .text.keyboard_setup
                0x00002ac8        0x4 obj_ergodox_ez/common/keyboard.o
                0x00002ac8                keyboard_setup
 .text.keyboard_init
                0x00002acc        0xc obj_ergodox_ez/common/keyboard.o
                0x00002acc                keyboard_init
 .text.keyboard_set_leds
                0x00002ad8       0x50 obj_ergodox_ez/common/keyboard.o
                0x00002ad8                keyboard_set_leds
 .text.keyboard_task
                0x00002b28      0x146 obj_ergodox_ez/common/keyboard.o
                0x00002b28                keyboard_task
 .text.action_exec
                0x00002c6e       0x5c obj_ergodox_ez/common/action.o
                0x00002c6e                action_exec
 .text.register_code
                0x00002cca      0x190 obj_ergodox_ez/common/action.o
                0x00002cca                register_code
 .text.unregister_code
                0x00002e5a       0x9e obj_ergodox_ez/common/action.o
                0x00002e5a                unregister_code
 .text.register_mods
                0x00002ef8        0xe obj_ergodox_ez/common/action.o
                0x00002ef8                register_mods
 .text.unregister_mods
                0x00002f06        0xe obj_ergodox_ez/common/action.o
                0x00002f06                unregister_mods
 .text.process_action
                0x00002f14      0x608 obj_ergodox_ez/common/action.o
                0x00002f14                process_action
 .text.clear_keyboard_but_mods
                0x0000351c       0x24 obj_ergodox_ez/common/action.o
                0x0000351c                clear_keyboard_but_mods
 .text.clear_keyboard
                0x00003540        0x8 obj_ergodox_ez/common/action.o
                0x00003540                clear_keyboard
 .text.is_tap_key
                0x00003548       0x4a obj_ergodox_ez/common/action.o
                0x00003548                is_tap_key
 .text.debug_event
                0x00003592       0x1e obj_ergodox_ez/common/action.o
                0x00003592                debug_event
 .text.debug_record
                0x000035b0       0x20 obj_ergodox_ez/common/action.o
                0x000035b0                debug_record
 .text.debug_waiting_buffer
                0x000035d0       0x42 obj_ergodox_ez/common/action_tapping.o
 .text.debug_tapping_key
                0x00003612       0x1c obj_ergodox_ez/common/action_tapping.o
 .text.waiting_buffer_scan_tap
                0x0000362e       0xd0 obj_ergodox_ez/common/action_tapping.o
 .text.process_tapping
                0x000036fe      0x3da obj_ergodox_ez/common/action_tapping.o
 .text.action_tapping_process
                0x00003ad8      0x15a obj_ergodox_ez/common/action_tapping.o
                0x00003ad8                action_tapping_process
 .text.action_macro_play
                0x00003c32      0x100 obj_ergodox_ez/common/action_macro.o
                0x00003c32                action_macro_play
 .text.default_layer_debug
                0x00003d32        0x2 obj_ergodox_ez/common/action_layer.o
                0x00003d32                default_layer_debug
 .text.default_layer_set
                0x00003d34       0x14 obj_ergodox_ez/common/action_layer.o
                0x00003d34                default_layer_set
 .text.default_layer_or
                0x00003d48       0x34 obj_ergodox_ez/common/action_layer.o
                0x00003d48                default_layer_or
 .text.default_layer_and
                0x00003d7c       0x34 obj_ergodox_ez/common/action_layer.o
                0x00003d7c                default_layer_and
 .text.default_layer_xor
                0x00003db0       0x34 obj_ergodox_ez/common/action_layer.o
                0x00003db0                default_layer_xor
 .text.layer_clear
                0x00003de4       0x14 obj_ergodox_ez/common/action_layer.o
                0x00003de4                layer_clear
 .text.layer_move
                0x00003df8       0x2a obj_ergodox_ez/common/action_layer.o
                0x00003df8                layer_move
 .text.layer_on
                0x00003e22       0x42 obj_ergodox_ez/common/action_layer.o
                0x00003e22                layer_on
 .text.layer_off
                0x00003e64       0x4a obj_ergodox_ez/common/action_layer.o
                0x00003e64                layer_off
 .text.layer_invert
                0x00003eae       0x42 obj_ergodox_ez/common/action_layer.o
                0x00003eae                layer_invert
 .text.layer_or
                0x00003ef0       0x34 obj_ergodox_ez/common/action_layer.o
                0x00003ef0                layer_or
 .text.layer_and
                0x00003f24       0x34 obj_ergodox_ez/common/action_layer.o
                0x00003f24                layer_and
 .text.layer_xor
                0x00003f58       0x34 obj_ergodox_ez/common/action_layer.o
                0x00003f58                layer_xor
 .text.layer_debug
                0x00003f8c        0x2 obj_ergodox_ez/common/action_layer.o
                0x00003f8c                layer_debug
 .text.layer_switch_get_action
                0x00003f8e       0x84 obj_ergodox_ez/common/action_layer.o
                0x00003f8e                layer_switch_get_action
 .text.add_key  0x00004012       0xa2 obj_ergodox_ez/common/action_util.o
                0x00004012                add_key
 .text.del_key  0x000040b4       0x88 obj_ergodox_ez/common/action_util.o
                0x000040b4                del_key
 .text.clear_keys
                0x0000413c       0x1c obj_ergodox_ez/common/action_util.o
                0x0000413c                clear_keys
 .text.add_mods
                0x00004158        0xc obj_ergodox_ez/common/action_util.o
                0x00004158                add_mods
 .text.del_mods
                0x00004164        0xe obj_ergodox_ez/common/action_util.o
                0x00004164                del_mods
 .text.clear_mods
                0x00004172        0x6 obj_ergodox_ez/common/action_util.o
                0x00004172                clear_mods
 .text.add_weak_mods
                0x00004178        0xc obj_ergodox_ez/common/action_util.o
                0x00004178                add_weak_mods
 .text.del_weak_mods
                0x00004184        0xe obj_ergodox_ez/common/action_util.o
                0x00004184                del_weak_mods
 .text.clear_weak_mods
                0x00004192        0x6 obj_ergodox_ez/common/action_util.o
                0x00004192                clear_weak_mods
 .text.set_oneshot_mods
                0x00004198        0x6 obj_ergodox_ez/common/action_util.o
                0x00004198                set_oneshot_mods
 .text.clear_oneshot_mods
                0x0000419e        0x6 obj_ergodox_ez/common/action_util.o
                0x0000419e                clear_oneshot_mods
 .text.has_anykey
                0x000041a4       0x26 obj_ergodox_ez/common/action_util.o
                0x000041a4                has_anykey
 .text.send_keyboard_report
                0x000041ca       0x4c obj_ergodox_ez/common/action_util.o
                0x000041ca                send_keyboard_report
 .text.print_set_sendchar
                0x00004216        0xa obj_ergodox_ez/common/print.o
                0x00004216                print_set_sendchar
 .text.biton32  0x00004220       0xa6 obj_ergodox_ez/common/util.o
                0x00004220                biton32
 .text.bitrev   0x000042c6       0x24 obj_ergodox_ez/common/util.o
                0x000042c6                bitrev
 .text.bitrev16
                0x000042ea       0x34 obj_ergodox_ez/common/util.o
                0x000042ea                bitrev16
 .text.suspend_power_down
                0x0000431e       0x4c obj_ergodox_ez/common/avr/suspend.o
                0x0000431e                suspend_power_down
 .text.matrix_power_up
                0x0000436a        0x2 obj_ergodox_ez/common/avr/suspend.o
                0x0000436a                matrix_power_up
 .text.matrix_power_down
                0x0000436c        0x2 obj_ergodox_ez/common/avr/suspend.o
                0x0000436c                matrix_power_down
 .text.suspend_wakeup_condition
                0x0000436e       0x2a obj_ergodox_ez/common/avr/suspend.o
                0x0000436e                suspend_wakeup_condition
 .text.suspend_wakeup_init
                0x00004398        0x4 obj_ergodox_ez/common/avr/suspend.o
                0x00004398                suspend_wakeup_init
 .text.timer_init
                0x0000439c       0x12 obj_ergodox_ez/common/avr/timer.o
                0x0000439c                timer_init
 .text.timer_read
                0x000043ae       0x18 obj_ergodox_ez/common/avr/timer.o
                0x000043ae                timer_read
 .text.timer_elapsed
                0x000043c6       0x52 obj_ergodox_ez/common/avr/timer.o
                0x000043c6                timer_elapsed
 .text.__vector_21
                0x00004418       0x4a obj_ergodox_ez/common/avr/timer.o
                0x00004418                __vector_21
 .text.bootloader_jump
                0x00004462       0x46 obj_ergodox_ez/common/avr/bootloader.o
                0x00004462                bootloader_jump
 .text.scan_keycode
                0x000044a8       0x64 obj_ergodox_ez/common/bootmagic.o
 .text.bootmagic_scan_keycode
                0x0000450c       0x1c obj_ergodox_ez/common/bootmagic.o
                0x0000450c                bootmagic_scan_keycode
 .text.bootmagic
                0x00004528      0x266 obj_ergodox_ez/common/bootmagic.o
                0x00004528                bootmagic
 .text.eeconfig_init
                0x0000478e       0x34 obj_ergodox_ez/common/avr/eeconfig.o
                0x0000478e                eeconfig_init
 .text.eeconfig_is_enabled
                0x000047c2       0x16 obj_ergodox_ez/common/avr/eeconfig.o
                0x000047c2                eeconfig_is_enabled
 .text.eeconfig_read_debug
                0x000047d8        0x8 obj_ergodox_ez/common/avr/eeconfig.o
                0x000047d8                eeconfig_read_debug
 .text.eeconfig_write_debug
                0x000047e0        0xa obj_ergodox_ez/common/avr/eeconfig.o
                0x000047e0                eeconfig_write_debug
 .text.eeconfig_read_default_layer
                0x000047ea        0x8 obj_ergodox_ez/common/avr/eeconfig.o
                0x000047ea                eeconfig_read_default_layer
 .text.eeconfig_write_default_layer
                0x000047f2        0xa obj_ergodox_ez/common/avr/eeconfig.o
                0x000047f2                eeconfig_write_default_layer
 .text.eeconfig_read_keymap
                0x000047fc        0x8 obj_ergodox_ez/common/avr/eeconfig.o
                0x000047fc                eeconfig_read_keymap
 .text.eeconfig_write_keymap
                0x00004804        0xa obj_ergodox_ez/common/avr/eeconfig.o
                0x00004804                eeconfig_write_keymap
 .text.move_unit
                0x0000480e       0x90 obj_ergodox_ez/common/mousekey.o
 .text.wheel_unit
                0x0000489e       0x72 obj_ergodox_ez/common/mousekey.o
 .text.mousekey_on
                0x00004910       0xd0 obj_ergodox_ez/common/mousekey.o
                0x00004910                mousekey_on
 .text.mousekey_off
                0x000049e0      0x10a obj_ergodox_ez/common/mousekey.o
                0x000049e0                mousekey_off
 .text.mousekey_send
                0x00004aea      0x11a obj_ergodox_ez/common/mousekey.o
                0x00004aea                mousekey_send
 .text.mousekey_task
                0x00004c04      0x142 obj_ergodox_ez/common/mousekey.o
                0x00004c04                mousekey_task
 .text.mousekey_clear
                0x00004d46       0x18 obj_ergodox_ez/common/mousekey.o
                0x00004d46                mousekey_clear
 .text.mousekey_console_help
                0x00004d5e       0x2e obj_ergodox_ez/common/command.o
 .text.mousekey_param_inc
                0x00004d8c      0x146 obj_ergodox_ez/common/command.o
 .text.mousekey_param_dec
                0x00004ed2       0xfc obj_ergodox_ez/common/command.o
 .text.switch_default_layer
                0x00004fce       0x3c obj_ergodox_ez/common/command.o
 .text.command_common
                0x0000500a      0x504 obj_ergodox_ez/common/command.o
 .text.command_extra
                0x0000550e        0x4 obj_ergodox_ez/common/command.o
                0x0000550e                command_extra
 .text.command_console_extra
                0x00005512        0x4 obj_ergodox_ez/common/command.o
                0x00005512                command_console_extra
 .text.command_proc
                0x00005516      0x2aa obj_ergodox_ez/common/command.o
                0x00005516                command_proc
 .text.sleep_led_init
                0x000057c0       0x24 obj_ergodox_ez/common/sleep_led.o
                0x000057c0                sleep_led_init
 .text.sleep_led_enable
                0x000057e4        0xc obj_ergodox_ez/common/sleep_led.o
                0x000057e4                sleep_led_enable
 .text.sleep_led_disable
                0x000057f0        0xc obj_ergodox_ez/common/sleep_led.o
                0x000057f0                sleep_led_disable
 .text.sleep_led_toggle
                0x000057fc        0xe obj_ergodox_ez/common/sleep_led.o
                0x000057fc                sleep_led_toggle
 .text.__vector_17
                0x0000580a       0x7e obj_ergodox_ez/common/sleep_led.o
                0x0000580a                __vector_17
 .text.avr-libc.fplib
                0x00005888        0xa /usr/local/CrossPack-AVR-20131216/lib/gcc/avr/4.8.1/../../../../avr/lib/avr5/libm.a(fixsfsi.o)
                0x00005888                __fixsfsi
 .text.avr-libc.fplib
                0x00005892       0x58 /usr/local/CrossPack-AVR-20131216/lib/gcc/avr/4.8.1/../../../../avr/lib/avr5/libm.a(fixunssfsi.o)
                0x00005892                __fixunssfsi
 .text.avr-libc.fplib
                0x000058ea       0x7a /usr/local/CrossPack-AVR-20131216/lib/gcc/avr/4.8.1/../../../../avr/lib/avr5/libm.a(floatsisf.o)
                0x000058ea                __floatunsisf
                0x000058ee                __floatsisf
 .text.avr-libc.fplib
                0x00005964       0x44 /usr/local/CrossPack-AVR-20131216/lib/gcc/avr/4.8.1/../../../../avr/lib/avr5/libm.a(fp_split3.o)
                0x00005964                __fp_split3
                0x00005974                __fp_splitA
 .text.avr-libc.fplib
                0x000059a8        0xe /usr/local/CrossPack-AVR-20131216/lib/gcc/avr/4.8.1/../../../../avr/lib/avr5/libm.a(fp_zero.o)
                0x000059a8                __fp_zero
                0x000059aa                __fp_szero
 .text.avr-libc.fplib
                0x000059b6        0x4 /usr/local/CrossPack-AVR-20131216/lib/gcc/avr/4.8.1/../../../../avr/lib/avr5/libm.a(mulsf3.o)
                0x000059b6                __mulsf3
 .text.avr-libc.fplib
                0x000059ba       0xc2 /usr/local/CrossPack-AVR-20131216/lib/gcc/avr/4.8.1/../../../../avr/lib/avr5/libm.a(mulsf3x.o)
                0x000059ce                __mulsf3x
                0x000059d2                __mulsf3_pse
 .text.avr-libc.fplib
                0x00005a7c        0xc /usr/local/CrossPack-AVR-20131216/lib/gcc/avr/4.8.1/../../../../avr/lib/avr5/libm.a(fp_inf.o)
                0x00005a7c                __fp_inf
 .text.avr-libc.fplib
                0x00005a88        0x6 /usr/local/CrossPack-AVR-20131216/lib/gcc/avr/4.8.1/../../../../avr/lib/avr5/libm.a(fp_nan.o)
                0x00005a88                __fp_nan
 .text.avr-libc.fplib
                0x00005a8e        0xe /usr/local/CrossPack-AVR-20131216/lib/gcc/avr/4.8.1/../../../../avr/lib/avr5/libm.a(fp_pscA.o)
                0x00005a8e                __fp_pscA
 .text.avr-libc.fplib
                0x00005a9c        0xe /usr/local/CrossPack-AVR-20131216/lib/gcc/avr/4.8.1/../../../../avr/lib/avr5/libm.a(fp_pscB.o)
                0x00005a9c                __fp_pscB
 .text.avr-libc.fplib
                0x00005aaa       0x22 /usr/local/CrossPack-AVR-20131216/lib/gcc/avr/4.8.1/../../../../avr/lib/avr5/libm.a(fp_round.o)
                0x00005aaa                __fp_round
 .text.libgcc.div
                0x00005acc       0x18 /usr/local/CrossPack-AVR-20131216/lib/gcc/avr/4.8.1/avr5/libgcc.a(_udivmodqi4.o)
                0x00005acc                __udivmodqi4
 .text.libgcc.div
                0x00005ae4       0x28 /usr/local/CrossPack-AVR-20131216/lib/gcc/avr/4.8.1/avr5/libgcc.a(_divmodhi4.o)
                0x00005ae4                __divmodhi4
                0x00005ae4                _div
 .text.libgcc   0x00005b0c        0xc /usr/local/CrossPack-AVR-20131216/lib/gcc/avr/4.8.1/avr5/libgcc.a(_tablejump.o)
                0x00005b0c                __tablejump2__
                0x00005b10                __tablejump__
 .text.libgcc.div
                0x00005b18       0x28 /usr/local/CrossPack-AVR-20131216/lib/gcc/avr/4.8.1/avr5/libgcc.a(_udivmodhi4.o)
                0x00005b18                __udivmodhi4
 .text.avr-libc
                0x00005b40       0x10 /usr/local/CrossPack-AVR-20131216/lib/gcc/avr/4.8.1/../../../../avr/lib/avr5/libc.a(eerd_byte_atmega32u4.o)
                0x00005b40                __eerd_byte_m32u4
 .text.avr-libc
                0x00005b50        0xc /usr/local/CrossPack-AVR-20131216/lib/gcc/avr/4.8.1/../../../../avr/lib/avr5/libc.a(eerd_word_atmega32u4.o)
                0x00005b50                __eerd_word_m32u4
 .text.avr-libc
                0x00005b5c       0x1c /usr/local/CrossPack-AVR-20131216/lib/gcc/avr/4.8.1/../../../../avr/lib/avr5/libc.a(eewr_byte_atmega32u4.o)
                0x00005b5c                __eewr_byte_m32u4
                0x00005b5e                __eewr_r18_m32u4
 .text.avr-libc
                0x00005b78        0xa /usr/local/CrossPack-AVR-20131216/lib/gcc/avr/4.8.1/../../../../avr/lib/avr5/libc.a(eewr_word_atmega32u4.o)
                0x00005b78                __eewr_word_m32u4
 .text.avr-libc
                0x00005b82       0x20 /usr/local/CrossPack-AVR-20131216/lib/gcc/avr/4.8.1/../../../../avr/lib/avr5/libc.a(eerd_block_atmega32u4.o)
                0x00005b82                __eerd_block_m32u4
                0x00005b86                __eerd_blraw_m32u4
                0x00005ba2                . = ALIGN (0x2)
 *(.fini9)
 .fini9         0x00005ba2        0x0 /usr/local/CrossPack-AVR-20131216/lib/gcc/avr/4.8.1/avr5/libgcc.a(_exit.o)
                0x00005ba2                exit
                0x00005ba2                _exit
 *(.fini9)
 *(.fini8)
 *(.fini8)
 *(.fini7)
 *(.fini7)
 *(.fini6)
 *(.fini6)
 *(.fini5)
 *(.fini5)
 *(.fini4)
 *(.fini4)
 *(.fini3)
 *(.fini3)
 *(.fini2)
 *(.fini2)
 *(.fini1)
 *(.fini1)
 *(.fini0)
 .fini0         0x00005ba2        0x4 /usr/local/CrossPack-AVR-20131216/lib/gcc/avr/4.8.1/avr5/libgcc.a(_exit.o)
 *(.fini0)
                0x00005ba6                _etext = .

.data           0x00800100       0x3a load address 0x00005ba6
                0x00800100                PROVIDE (__data_start, .)
 *(.data)
 .data          0x00800100        0x0 /usr/local/CrossPack-AVR-20131216/lib/gcc/avr/4.8.1/../../../../avr/lib/avr5/crtm32u4.o
 .data          0x00800100        0x0 obj_ergodox_ez/keymaps/keymap_osx_keikun17.o
 .data          0x00800100        0x0 obj_ergodox_ez/ergodox_ez.o
 .data          0x00800100        0x0 obj_ergodox_ez/twimaster.o
 .data          0x00800100        0x0 obj_ergodox_ez/matrix.o
 .data          0x00800100        0x0 obj_ergodox_ez/quantum/keymap_common.o
 .data          0x00800100        0x0 obj_ergodox_ez/quantum/led.o
 .data          0x00800100        0x0 obj_ergodox_ez/protocol/lufa/lufa.o
 .data          0x00800100        0x0 obj_ergodox_ez/protocol/lufa/descriptor.o
 .data          0x00800100        0x0 obj_ergodox_ez/protocol/lufa/LUFA-git/LUFA/Drivers/USB/Class/Common/HIDParser.o
 .data          0x00800100        0x0 obj_ergodox_ez/protocol/lufa/LUFA-git/LUFA/Drivers/USB/Core/AVR8/Device_AVR8.o
 .data          0x00800100        0x0 obj_ergodox_ez/protocol/lufa/LUFA-git/LUFA/Drivers/USB/Core/AVR8/EndpointStream_AVR8.o
 .data          0x00800100        0x0 obj_ergodox_ez/protocol/lufa/LUFA-git/LUFA/Drivers/USB/Core/AVR8/Endpoint_AVR8.o
 .data          0x00800100        0x0 obj_ergodox_ez/protocol/lufa/LUFA-git/LUFA/Drivers/USB/Core/AVR8/Host_AVR8.o
 .data          0x00800100        0x0 obj_ergodox_ez/protocol/lufa/LUFA-git/LUFA/Drivers/USB/Core/AVR8/PipeStream_AVR8.o
 .data          0x00800100        0x0 obj_ergodox_ez/protocol/lufa/LUFA-git/LUFA/Drivers/USB/Core/AVR8/Pipe_AVR8.o
 .data          0x00800100        0x0 obj_ergodox_ez/protocol/lufa/LUFA-git/LUFA/Drivers/USB/Core/AVR8/USBController_AVR8.o
 .data          0x00800100        0x0 obj_ergodox_ez/protocol/lufa/LUFA-git/LUFA/Drivers/USB/Core/AVR8/USBInterrupt_AVR8.o
 .data          0x00800100        0x0 obj_ergodox_ez/protocol/lufa/LUFA-git/LUFA/Drivers/USB/Core/ConfigDescriptors.o
 .data          0x00800100        0x0 obj_ergodox_ez/protocol/lufa/LUFA-git/LUFA/Drivers/USB/Core/DeviceStandardReq.o
 .data          0x00800100        0x0 obj_ergodox_ez/protocol/lufa/LUFA-git/LUFA/Drivers/USB/Core/Events.o
 .data          0x00800100        0x0 obj_ergodox_ez/protocol/lufa/LUFA-git/LUFA/Drivers/USB/Core/HostStandardReq.o
 .data          0x00800100        0x0 obj_ergodox_ez/protocol/lufa/LUFA-git/LUFA/Drivers/USB/Core/USBTask.o
 .data          0x00800100        0x0 obj_ergodox_ez/common/host.o
 .data          0x00800100        0x0 obj_ergodox_ez/common/keyboard.o
 .data          0x00800100        0x0 obj_ergodox_ez/common/action.o
 .data          0x00800100        0x0 obj_ergodox_ez/common/action_tapping.o
 .data          0x00800100        0x0 obj_ergodox_ez/common/action_macro.o
 .data          0x00800100        0x0 obj_ergodox_ez/common/action_layer.o
 .data          0x00800100        0x0 obj_ergodox_ez/common/action_util.o
 .data          0x00800100        0x0 obj_ergodox_ez/common/keymap.o
 .data          0x00800100        0x0 obj_ergodox_ez/common/print.o
 .data          0x00800100        0x0 obj_ergodox_ez/common/debug.o
 .data          0x00800100        0x0 obj_ergodox_ez/common/util.o
 .data          0x00800100        0x0 obj_ergodox_ez/common/avr/suspend.o
 .data          0x00800100        0x0 obj_ergodox_ez/common/avr/xprintf.o
 .data          0x00800100        0x0 obj_ergodox_ez/common/avr/timer.o
 .data          0x00800100        0x0 obj_ergodox_ez/common/avr/bootloader.o
 .data          0x00800100        0x0 obj_ergodox_ez/common/bootmagic.o
 .data          0x00800100        0x0 obj_ergodox_ez/common/avr/eeconfig.o
 .data          0x00800100        0x0 obj_ergodox_ez/common/mousekey.o
 .data          0x00800100        0x0 obj_ergodox_ez/common/command.o
 .data          0x00800100        0x0 obj_ergodox_ez/common/sleep_led.o
 .data          0x00800100        0x0 /usr/local/CrossPack-AVR-20131216/lib/gcc/avr/4.8.1/../../../../avr/lib/avr5/libm.a(fixsfsi.o)
 .data          0x00800100        0x0 /usr/local/CrossPack-AVR-20131216/lib/gcc/avr/4.8.1/../../../../avr/lib/avr5/libm.a(fixunssfsi.o)
 .data          0x00800100        0x0 /usr/local/CrossPack-AVR-20131216/lib/gcc/avr/4.8.1/../../../../avr/lib/avr5/libm.a(floatsisf.o)
 .data          0x00800100        0x0 /usr/local/CrossPack-AVR-20131216/lib/gcc/avr/4.8.1/../../../../avr/lib/avr5/libm.a(fp_split3.o)
 .data          0x00800100        0x0 /usr/local/CrossPack-AVR-20131216/lib/gcc/avr/4.8.1/../../../../avr/lib/avr5/libm.a(fp_zero.o)
 .data          0x00800100        0x0 /usr/local/CrossPack-AVR-20131216/lib/gcc/avr/4.8.1/../../../../avr/lib/avr5/libm.a(mulsf3.o)
 .data          0x00800100        0x0 /usr/local/CrossPack-AVR-20131216/lib/gcc/avr/4.8.1/../../../../avr/lib/avr5/libm.a(mulsf3x.o)
 .data          0x00800100        0x0 /usr/local/CrossPack-AVR-20131216/lib/gcc/avr/4.8.1/../../../../avr/lib/avr5/libm.a(fp_inf.o)
 .data          0x00800100        0x0 /usr/local/CrossPack-AVR-20131216/lib/gcc/avr/4.8.1/../../../../avr/lib/avr5/libm.a(fp_nan.o)
 .data          0x00800100        0x0 /usr/local/CrossPack-AVR-20131216/lib/gcc/avr/4.8.1/../../../../avr/lib/avr5/libm.a(fp_pscA.o)
 .data          0x00800100        0x0 /usr/local/CrossPack-AVR-20131216/lib/gcc/avr/4.8.1/../../../../avr/lib/avr5/libm.a(fp_pscB.o)
 .data          0x00800100        0x0 /usr/local/CrossPack-AVR-20131216/lib/gcc/avr/4.8.1/../../../../avr/lib/avr5/libm.a(fp_round.o)
 .data          0x00800100        0x0 /usr/local/CrossPack-AVR-20131216/lib/gcc/avr/4.8.1/avr5/libgcc.a(_udivmodqi4.o)
 .data          0x00800100        0x0 /usr/local/CrossPack-AVR-20131216/lib/gcc/avr/4.8.1/avr5/libgcc.a(_divmodhi4.o)
 .data          0x00800100        0x0 /usr/local/CrossPack-AVR-20131216/lib/gcc/avr/4.8.1/avr5/libgcc.a(_exit.o)
 .data          0x00800100        0x0 /usr/local/CrossPack-AVR-20131216/lib/gcc/avr/4.8.1/avr5/libgcc.a(_tablejump.o)
 .data          0x00800100        0x0 /usr/local/CrossPack-AVR-20131216/lib/gcc/avr/4.8.1/avr5/libgcc.a(_copy_data.o)
 .data          0x00800100        0x0 /usr/local/CrossPack-AVR-20131216/lib/gcc/avr/4.8.1/avr5/libgcc.a(_clear_bss.o)
 .data          0x00800100        0x0 /usr/local/CrossPack-AVR-20131216/lib/gcc/avr/4.8.1/avr5/libgcc.a(_udivmodhi4.o)
 .data          0x00800100        0x0 /usr/local/CrossPack-AVR-20131216/lib/gcc/avr/4.8.1/../../../../avr/lib/avr5/libc.a(eerd_byte_atmega32u4.o)
 .data          0x00800100        0x0 /usr/local/CrossPack-AVR-20131216/lib/gcc/avr/4.8.1/../../../../avr/lib/avr5/libc.a(eerd_word_atmega32u4.o)
 .data          0x00800100        0x0 /usr/local/CrossPack-AVR-20131216/lib/gcc/avr/4.8.1/../../../../avr/lib/avr5/libc.a(eeupd_byte_atmega32u4.o)
 .data          0x00800100        0x0 /usr/local/CrossPack-AVR-20131216/lib/gcc/avr/4.8.1/../../../../avr/lib/avr5/libc.a(eewr_byte_atmega32u4.o)
 .data          0x00800100        0x0 /usr/local/CrossPack-AVR-20131216/lib/gcc/avr/4.8.1/../../../../avr/lib/avr5/libc.a(eewr_word_atmega32u4.o)
 .data          0x00800100        0x0 /usr/local/CrossPack-AVR-20131216/lib/gcc/avr/4.8.1/../../../../avr/lib/avr5/libc.a(eerd_block_atmega32u4.o)
 *(.data*)
 .data.mcp23018_status
                0x00800100        0x1 obj_ergodox_ez/ergodox_ez.o
                0x00800100                mcp23018_status
 .data.debouncing
                0x00800101        0x1 obj_ergodox_ez/matrix.o
 .data.lufa_driver
                0x00800102        0xa obj_ergodox_ez/protocol/lufa/lufa.o
                0x00800102                lufa_driver
 .data.keyboard_protocol
                0x0080010c        0x1 obj_ergodox_ez/protocol/lufa/lufa.o
                0x0080010c                keyboard_protocol
 .data.keyboard_nkro
                0x0080010d        0x1 obj_ergodox_ez/common/host.o
                0x0080010d                keyboard_nkro
 .data.keyboard_report
                0x0080010e        0x2 obj_ergodox_ez/common/action_util.o
                0x0080010e                keyboard_report
 .data.mk_wheel_time_to_max
                0x00800110        0x1 obj_ergodox_ez/common/mousekey.o
                0x00800110                mk_wheel_time_to_max
 .data.mk_wheel_max_speed
                0x00800111        0x1 obj_ergodox_ez/common/mousekey.o
                0x00800111                mk_wheel_max_speed
 .data.mk_time_to_max
                0x00800112        0x1 obj_ergodox_ez/common/mousekey.o
                0x00800112                mk_time_to_max
 .data.mk_max_speed
                0x00800113        0x1 obj_ergodox_ez/common/mousekey.o
                0x00800113                mk_max_speed
 .data.mk_interval
                0x00800114        0x1 obj_ergodox_ez/common/mousekey.o
                0x00800114                mk_interval
 .data.mk_delay
                0x00800115        0x1 obj_ergodox_ez/common/mousekey.o
                0x00800115                mk_delay
 *(.rodata)
 *(.rodata*)
 .rodata.CSWTCH.3
                0x00800116        0x5 obj_ergodox_ez/protocol/lufa/descriptor.o
 .rodata.CSWTCH.2
                0x0080011b        0xa obj_ergodox_ez/protocol/lufa/descriptor.o
 .rodata.CSWTCH.1
                0x00800125        0xa obj_ergodox_ez/protocol/lufa/descriptor.o
 .rodata.CSWTCH.44
                0x0080012f        0xa obj_ergodox_ez/common/command.o
 *(.gnu.linkonce.d*)
                0x0080013a                . = ALIGN (0x2)
 *fill*         0x00800139        0x1 
                0x0080013a                _edata = .
                0x0080013a                PROVIDE (__data_end, .)

.bss            0x0080013a       0xbf
                0x0080013a                PROVIDE (__bss_start, .)
 *(.bss)
 .bss           0x0080013a        0x2 obj_ergodox_ez/common/avr/xprintf.o
                0x0080013a                xfunc_out
 *(.bss*)
 .bss.i2c_initialized
                0x0080013c        0x1 obj_ergodox_ez/ergodox_ez.o
                0x0080013c                i2c_initialized
 .bss.mcp23018_reset_loop
                0x0080013d        0x1 obj_ergodox_ez/matrix.o
 .bss.matrix_debouncing
                0x0080013e        0xe obj_ergodox_ez/matrix.o
 .bss.matrix    0x0080014c        0xe obj_ergodox_ez/matrix.o
 .bss.timeouted.4723
                0x0080015a        0x1 obj_ergodox_ez/protocol/lufa/lufa.o
 .bss.count.4653
                0x0080015b        0x1 obj_ergodox_ez/protocol/lufa/lufa.o
 .bss.console_flush
                0x0080015c        0x1 obj_ergodox_ez/protocol/lufa/lufa.o
 .bss.keyboard_report_sent
                0x0080015d       0x10 obj_ergodox_ez/protocol/lufa/lufa.o
 .bss.keyboard_led_stats
                0x0080016d        0x1 obj_ergodox_ez/protocol/lufa/lufa.o
 .bss.keyboard_idle
                0x0080016e        0x1 obj_ergodox_ez/protocol/lufa/lufa.o
                0x0080016e                keyboard_idle
 .bss.last_consumer_report
                0x0080016f        0x2 obj_ergodox_ez/common/host.o
 .bss.last_system_report
                0x00800171        0x2 obj_ergodox_ez/common/host.o
 .bss.driver    0x00800173        0x2 obj_ergodox_ez/common/host.o
 .bss.led_status.4714
                0x00800175        0x1 obj_ergodox_ez/common/keyboard.o
 .bss.matrix_prev.4713
                0x00800176        0xe obj_ergodox_ez/common/keyboard.o
 .bss.waiting_buffer_tail
                0x00800184        0x1 obj_ergodox_ez/common/action_tapping.o
 .bss.waiting_buffer_head
                0x00800185        0x1 obj_ergodox_ez/common/action_tapping.o
 .bss.waiting_buffer
                0x00800186       0x30 obj_ergodox_ez/common/action_tapping.o
 .bss.tapping_key
                0x008001b6        0x6 obj_ergodox_ez/common/action_tapping.o
 .bss.layer_state
                0x008001bc        0x4 obj_ergodox_ez/common/action_layer.o
                0x008001bc                layer_state
 .bss.default_layer_state
                0x008001c0        0x4 obj_ergodox_ez/common/action_layer.o
                0x008001c0                default_layer_state
 .bss.oneshot_mods
                0x008001c4        0x1 obj_ergodox_ez/common/action_util.o
 .bss.__compound_literal.0
                0x008001c5       0x10 obj_ergodox_ez/common/action_util.o
 .bss.weak_mods
                0x008001d5        0x1 obj_ergodox_ez/common/action_util.o
 .bss.real_mods
                0x008001d6        0x1 obj_ergodox_ez/common/action_util.o
 .bss.debug_config
                0x008001d7        0x1 obj_ergodox_ez/common/debug.o
                0x008001d7                debug_config
 .bss.wdt_timeout
                0x008001d8        0x1 obj_ergodox_ez/common/avr/suspend.o
 .bss.timer_count
                0x008001d9        0x4 obj_ergodox_ez/common/avr/timer.o
                0x008001d9                timer_count
 .bss.last_timer
                0x008001dd        0x2 obj_ergodox_ez/common/mousekey.o
 .bss.mousekey_accel
                0x008001df        0x1 obj_ergodox_ez/common/mousekey.o
 .bss.mousekey_repeat
                0x008001e0        0x1 obj_ergodox_ez/common/mousekey.o
 .bss.mouse_report
                0x008001e1        0x5 obj_ergodox_ez/common/mousekey.o
 .bss.mousekey_param
                0x008001e6        0x1 obj_ergodox_ez/common/command.o
 .bss.command_state
                0x008001e7        0x1 obj_ergodox_ez/common/command.o
                0x008001e7                command_state
 .bss.timer.1660
                0x008001e8        0x2 obj_ergodox_ez/common/sleep_led.o
 *(COMMON)
 COMMON         0x008001ea        0x2 obj_ergodox_ez/keymaps/keymap_osx_keikun17.o
                0x008001ea                keymap_config
 COMMON         0x008001ec        0x3 obj_ergodox_ez/protocol/lufa/LUFA-git/LUFA/Drivers/USB/Core/DeviceStandardReq.o
                0x008001ec                USB_Device_ConfigurationNumber
                0x008001ed                USB_Device_CurrentlySelfPowered
                0x008001ee                USB_Device_RemoteWakeupEnabled
 COMMON         0x008001ef        0xa obj_ergodox_ez/protocol/lufa/LUFA-git/LUFA/Drivers/USB/Core/USBTask.o
                0x008001ef                USB_IsInitialized
                0x008001f0                USB_DeviceState
                0x008001f1                USB_ControlRequest
                0x008001f9                PROVIDE (__bss_end, .)
                0x00005ba6                __data_load_start = LOADADDR (.data)
                0x00005be0                __data_load_end = (__data_load_start + SIZEOF (.data))

.noinit         0x008001f9        0x4
                0x008001f9                PROVIDE (__noinit_start, .)
 *(.noinit*)
 .noinit        0x008001f9        0x4 obj_ergodox_ez/common/avr/bootloader.o
                0x008001f9                reset_key
                0x008001fd                PROVIDE (__noinit_end, .)
                0x008001fd                _end = .
                0x008001fd                PROVIDE (__heap_start, .)

.eeprom         0x00810000        0x0
 *(.eeprom*)
                0x00810000                __eeprom_end = .

.fuse
 *(.fuse)
 *(.lfuse)
 *(.hfuse)
 *(.efuse)

.lock
 *(.lock*)

.signature
 *(.signature*)

.user_signatures
 *(.user_signatures*)

.stab           0x00000000      0x8b8
 *(.stab)
 .stab          0x00000000      0x8b8 obj_ergodox_ez/common/avr/xprintf.o

.stabstr        0x00000000       0xa0
 *(.stabstr)
 .stabstr       0x00000000       0xa0 obj_ergodox_ez/common/avr/xprintf.o

.stab.excl
 *(.stab.excl)

.stab.exclstr
 *(.stab.exclstr)

.stab.index
 *(.stab.index)

.stab.indexstr
 *(.stab.indexstr)

.comment        0x00000000       0x11
 *(.comment)
 .comment       0x00000000       0x11 obj_ergodox_ez/keymaps/keymap_osx_keikun17.o
                                 0x12 (size before relaxing)
 .comment       0x00000000       0x12 obj_ergodox_ez/ergodox_ez.o
 .comment       0x00000000       0x12 obj_ergodox_ez/twimaster.o
 .comment       0x00000000       0x12 obj_ergodox_ez/matrix.o
 .comment       0x00000000       0x12 obj_ergodox_ez/quantum/keymap_common.o
 .comment       0x00000000       0x12 obj_ergodox_ez/quantum/led.o
 .comment       0x00000000       0x12 obj_ergodox_ez/protocol/lufa/lufa.o
 .comment       0x00000000       0x12 obj_ergodox_ez/protocol/lufa/descriptor.o
 .comment       0x00000000       0x12 obj_ergodox_ez/protocol/lufa/LUFA-git/LUFA/Drivers/USB/Class/Common/HIDParser.o
 .comment       0x00000000       0x12 obj_ergodox_ez/protocol/lufa/LUFA-git/LUFA/Drivers/USB/Core/AVR8/Device_AVR8.o
 .comment       0x00000000       0x12 obj_ergodox_ez/protocol/lufa/LUFA-git/LUFA/Drivers/USB/Core/AVR8/EndpointStream_AVR8.o
 .comment       0x00000000       0x12 obj_ergodox_ez/protocol/lufa/LUFA-git/LUFA/Drivers/USB/Core/AVR8/Endpoint_AVR8.o
 .comment       0x00000000       0x12 obj_ergodox_ez/protocol/lufa/LUFA-git/LUFA/Drivers/USB/Core/AVR8/Host_AVR8.o
 .comment       0x00000000       0x12 obj_ergodox_ez/protocol/lufa/LUFA-git/LUFA/Drivers/USB/Core/AVR8/PipeStream_AVR8.o
 .comment       0x00000000       0x12 obj_ergodox_ez/protocol/lufa/LUFA-git/LUFA/Drivers/USB/Core/AVR8/Pipe_AVR8.o
 .comment       0x00000000       0x12 obj_ergodox_ez/protocol/lufa/LUFA-git/LUFA/Drivers/USB/Core/AVR8/USBController_AVR8.o
 .comment       0x00000000       0x12 obj_ergodox_ez/protocol/lufa/LUFA-git/LUFA/Drivers/USB/Core/AVR8/USBInterrupt_AVR8.o
 .comment       0x00000000       0x12 obj_ergodox_ez/protocol/lufa/LUFA-git/LUFA/Drivers/USB/Core/ConfigDescriptors.o
 .comment       0x00000000       0x12 obj_ergodox_ez/protocol/lufa/LUFA-git/LUFA/Drivers/USB/Core/DeviceStandardReq.o
 .comment       0x00000000       0x12 obj_ergodox_ez/protocol/lufa/LUFA-git/LUFA/Drivers/USB/Core/Events.o
 .comment       0x00000000       0x12 obj_ergodox_ez/protocol/lufa/LUFA-git/LUFA/Drivers/USB/Core/HostStandardReq.o
 .comment       0x00000000       0x12 obj_ergodox_ez/protocol/lufa/LUFA-git/LUFA/Drivers/USB/Core/USBTask.o
 .comment       0x00000000       0x12 obj_ergodox_ez/common/host.o
 .comment       0x00000000       0x12 obj_ergodox_ez/common/keyboard.o
 .comment       0x00000000       0x12 obj_ergodox_ez/common/action.o
 .comment       0x00000000       0x12 obj_ergodox_ez/common/action_tapping.o
 .comment       0x00000000       0x12 obj_ergodox_ez/common/action_macro.o
 .comment       0x00000000       0x12 obj_ergodox_ez/common/action_layer.o
 .comment       0x00000000       0x12 obj_ergodox_ez/common/action_util.o
 .comment       0x00000000       0x12 obj_ergodox_ez/common/keymap.o
 .comment       0x00000000       0x12 obj_ergodox_ez/common/print.o
 .comment       0x00000000       0x12 obj_ergodox_ez/common/debug.o
 .comment       0x00000000       0x12 obj_ergodox_ez/common/util.o
 .comment       0x00000000       0x12 obj_ergodox_ez/common/avr/suspend.o
 .comment       0x00000000       0x12 obj_ergodox_ez/common/avr/timer.o
 .comment       0x00000000       0x12 obj_ergodox_ez/common/avr/bootloader.o
 .comment       0x00000000       0x12 obj_ergodox_ez/common/bootmagic.o
 .comment       0x00000000       0x12 obj_ergodox_ez/common/avr/eeconfig.o
 .comment       0x00000000       0x12 obj_ergodox_ez/common/mousekey.o
 .comment       0x00000000       0x12 obj_ergodox_ez/common/command.o
 .comment       0x00000000       0x12 obj_ergodox_ez/common/sleep_led.o

.debug
 *(.debug)

.line
 *(.line)

.debug_srcinfo
 *(.debug_srcinfo)

.debug_sfnames
 *(.debug_sfnames)

.debug_aranges  0x00000000      0xbd8
 *(.debug_aranges)
 .debug_aranges
                0x00000000       0x30 obj_ergodox_ez/keymaps/keymap_osx_keikun17.o
 .debug_aranges
                0x00000030       0x48 obj_ergodox_ez/ergodox_ez.o
 .debug_aranges
                0x00000078       0x58 obj_ergodox_ez/twimaster.o
 .debug_aranges
                0x000000d0       0x78 obj_ergodox_ez/matrix.o
 .debug_aranges
                0x00000148       0x50 obj_ergodox_ez/quantum/keymap_common.o
 .debug_aranges
                0x00000198       0x20 obj_ergodox_ez/quantum/led.o
 .debug_aranges
                0x000001b8       0x90 obj_ergodox_ez/protocol/lufa/lufa.o
 .debug_aranges
                0x00000248       0x20 obj_ergodox_ez/protocol/lufa/descriptor.o
 .debug_aranges
                0x00000268       0x38 obj_ergodox_ez/protocol/lufa/LUFA-git/LUFA/Drivers/USB/Class/Common/HIDParser.o
 .debug_aranges
                0x000002a0       0x20 obj_ergodox_ez/protocol/lufa/LUFA-git/LUFA/Drivers/USB/Core/AVR8/Device_AVR8.o
 .debug_aranges
                0x000002c0       0xc8 obj_ergodox_ez/protocol/lufa/LUFA-git/LUFA/Drivers/USB/Core/AVR8/EndpointStream_AVR8.o
 .debug_aranges
                0x00000388       0x40 obj_ergodox_ez/protocol/lufa/LUFA-git/LUFA/Drivers/USB/Core/AVR8/Endpoint_AVR8.o
 .debug_aranges
                0x000003c8       0x18 obj_ergodox_ez/protocol/lufa/LUFA-git/LUFA/Drivers/USB/Core/AVR8/Host_AVR8.o
 .debug_aranges
                0x000003e0       0x18 obj_ergodox_ez/protocol/lufa/LUFA-git/LUFA/Drivers/USB/Core/AVR8/PipeStream_AVR8.o
 .debug_aranges
                0x000003f8       0x18 obj_ergodox_ez/protocol/lufa/LUFA-git/LUFA/Drivers/USB/Core/AVR8/Pipe_AVR8.o
 .debug_aranges
                0x00000410       0x30 obj_ergodox_ez/protocol/lufa/LUFA-git/LUFA/Drivers/USB/Core/AVR8/USBController_AVR8.o
 .debug_aranges
                0x00000440       0x38 obj_ergodox_ez/protocol/lufa/LUFA-git/LUFA/Drivers/USB/Core/AVR8/USBInterrupt_AVR8.o
 .debug_aranges
                0x00000478       0x40 obj_ergodox_ez/protocol/lufa/LUFA-git/LUFA/Drivers/USB/Core/ConfigDescriptors.o
 .debug_aranges
                0x000004b8       0x20 obj_ergodox_ez/protocol/lufa/LUFA-git/LUFA/Drivers/USB/Core/DeviceStandardReq.o
 .debug_aranges
                0x000004d8       0x20 obj_ergodox_ez/protocol/lufa/LUFA-git/LUFA/Drivers/USB/Core/Events.o
 .debug_aranges
                0x000004f8       0x18 obj_ergodox_ez/protocol/lufa/LUFA-git/LUFA/Drivers/USB/Core/HostStandardReq.o
 .debug_aranges
                0x00000510       0x20 obj_ergodox_ez/protocol/lufa/LUFA-git/LUFA/Drivers/USB/Core/USBTask.o
 .debug_aranges
                0x00000530       0x60 obj_ergodox_ez/common/host.o
 .debug_aranges
                0x00000590       0x40 obj_ergodox_ez/common/keyboard.o
 .debug_aranges
                0x000005d0       0x78 obj_ergodox_ez/common/action.o
 .debug_aranges
                0x00000648       0x40 obj_ergodox_ez/common/action_tapping.o
 .debug_aranges
                0x00000688       0x20 obj_ergodox_ez/common/action_macro.o
 .debug_aranges
                0x000006a8       0x90 obj_ergodox_ez/common/action_layer.o
 .debug_aranges
                0x00000738       0xb0 obj_ergodox_ez/common/action_util.o
 .debug_aranges
                0x000007e8       0x38 obj_ergodox_ez/common/keymap.o
 .debug_aranges
                0x00000820       0x20 obj_ergodox_ez/common/print.o
 .debug_aranges
                0x00000840       0x18 obj_ergodox_ez/common/debug.o
 .debug_aranges
                0x00000858       0x60 obj_ergodox_ez/common/util.o
 .debug_aranges
                0x000008b8       0x48 obj_ergodox_ez/common/avr/suspend.o
 .debug_aranges
                0x00000900       0x50 obj_ergodox_ez/common/avr/timer.o
 .debug_aranges
                0x00000950       0x28 obj_ergodox_ez/common/avr/bootloader.o
 .debug_aranges
                0x00000978       0x30 obj_ergodox_ez/common/bootmagic.o
 .debug_aranges
                0x000009a8       0x68 obj_ergodox_ez/common/avr/eeconfig.o
 .debug_aranges
                0x00000a10       0x50 obj_ergodox_ez/common/mousekey.o
 .debug_aranges
                0x00000a60       0x58 obj_ergodox_ez/common/command.o
 .debug_aranges
                0x00000ab8       0x40 obj_ergodox_ez/common/sleep_led.o
 .debug_aranges
                0x00000af8       0x20 /usr/local/CrossPack-AVR-20131216/lib/gcc/avr/4.8.1/avr5/libgcc.a(_udivmodqi4.o)
 .debug_aranges
                0x00000b18       0x20 /usr/local/CrossPack-AVR-20131216/lib/gcc/avr/4.8.1/avr5/libgcc.a(_divmodhi4.o)
 .debug_aranges
                0x00000b38       0x20 /usr/local/CrossPack-AVR-20131216/lib/gcc/avr/4.8.1/avr5/libgcc.a(_exit.o)
 .debug_aranges
                0x00000b58       0x20 /usr/local/CrossPack-AVR-20131216/lib/gcc/avr/4.8.1/avr5/libgcc.a(_tablejump.o)
 .debug_aranges
                0x00000b78       0x20 /usr/local/CrossPack-AVR-20131216/lib/gcc/avr/4.8.1/avr5/libgcc.a(_copy_data.o)
 .debug_aranges
                0x00000b98       0x20 /usr/local/CrossPack-AVR-20131216/lib/gcc/avr/4.8.1/avr5/libgcc.a(_clear_bss.o)
 .debug_aranges
                0x00000bb8       0x20 /usr/local/CrossPack-AVR-20131216/lib/gcc/avr/4.8.1/avr5/libgcc.a(_udivmodhi4.o)

.debug_pubnames
 *(.debug_pubnames)

.debug_info     0x00000000    0x1256c
 *(.debug_info)
 .debug_info    0x00000000      0xbb4 obj_ergodox_ez/keymaps/keymap_osx_keikun17.o
 .debug_info    0x00000bb4      0x6f0 obj_ergodox_ez/ergodox_ez.o
 .debug_info    0x000012a4      0x1be obj_ergodox_ez/twimaster.o
 .debug_info    0x00001462      0x8c0 obj_ergodox_ez/matrix.o
 .debug_info    0x00001d22     0x1268 obj_ergodox_ez/quantum/keymap_common.o
 .debug_info    0x00002f8a       0x91 obj_ergodox_ez/quantum/led.o
 .debug_info    0x0000301b     0x15af obj_ergodox_ez/protocol/lufa/lufa.o
 .debug_info    0x000045ca      0x818 obj_ergodox_ez/protocol/lufa/descriptor.o
 .debug_info    0x00004de2      0x73e obj_ergodox_ez/protocol/lufa/LUFA-git/LUFA/Drivers/USB/Class/Common/HIDParser.o
 .debug_info    0x00005520       0xd2 obj_ergodox_ez/protocol/lufa/LUFA-git/LUFA/Drivers/USB/Core/AVR8/Device_AVR8.o
 .debug_info    0x000055f2     0x17b4 obj_ergodox_ez/protocol/lufa/LUFA-git/LUFA/Drivers/USB/Core/AVR8/EndpointStream_AVR8.o
 .debug_info    0x00006da6      0x614 obj_ergodox_ez/protocol/lufa/LUFA-git/LUFA/Drivers/USB/Core/AVR8/Endpoint_AVR8.o
 .debug_info    0x000073ba       0x56 obj_ergodox_ez/protocol/lufa/LUFA-git/LUFA/Drivers/USB/Core/AVR8/Host_AVR8.o
 .debug_info    0x00007410       0x56 obj_ergodox_ez/protocol/lufa/LUFA-git/LUFA/Drivers/USB/Core/AVR8/PipeStream_AVR8.o
 .debug_info    0x00007466       0x56 obj_ergodox_ez/protocol/lufa/LUFA-git/LUFA/Drivers/USB/Core/AVR8/Pipe_AVR8.o
 .debug_info    0x000074bc      0x4cb obj_ergodox_ez/protocol/lufa/LUFA-git/LUFA/Drivers/USB/Core/AVR8/USBController_AVR8.o
 .debug_info    0x00007987      0x7c4 obj_ergodox_ez/protocol/lufa/LUFA-git/LUFA/Drivers/USB/Core/AVR8/USBInterrupt_AVR8.o
 .debug_info    0x0000814b      0x3cd obj_ergodox_ez/protocol/lufa/LUFA-git/LUFA/Drivers/USB/Core/ConfigDescriptors.o
 .debug_info    0x00008518      0xa57 obj_ergodox_ez/protocol/lufa/LUFA-git/LUFA/Drivers/USB/Core/DeviceStandardReq.o
 .debug_info    0x00008f6f       0x78 obj_ergodox_ez/protocol/lufa/LUFA-git/LUFA/Drivers/USB/Core/Events.o
 .debug_info    0x00008fe7       0x56 obj_ergodox_ez/protocol/lufa/LUFA-git/LUFA/Drivers/USB/Core/HostStandardReq.o
 .debug_info    0x0000903d      0x26b obj_ergodox_ez/protocol/lufa/LUFA-git/LUFA/Drivers/USB/Core/USBTask.o
 .debug_info    0x000092a8      0x546 obj_ergodox_ez/common/host.o
 .debug_info    0x000097ee      0x544 obj_ergodox_ez/common/keyboard.o
 .debug_info    0x00009d32     0x15c6 obj_ergodox_ez/common/action.o
 .debug_info    0x0000b2f8      0xe2e obj_ergodox_ez/common/action_tapping.o
 .debug_info    0x0000c126      0x80c obj_ergodox_ez/common/action_macro.o
 .debug_info    0x0000c932      0x824 obj_ergodox_ez/common/action_layer.o
 .debug_info    0x0000d156      0x719 obj_ergodox_ez/common/action_util.o
 .debug_info    0x0000d86f      0xe6b obj_ergodox_ez/common/keymap.o
 .debug_info    0x0000e6da       0xda obj_ergodox_ez/common/print.o
 .debug_info    0x0000e7b4       0xfc obj_ergodox_ez/common/debug.o
 .debug_info    0x0000e8b0      0x29b obj_ergodox_ez/common/util.o
 .debug_info    0x0000eb4b      0x242 obj_ergodox_ez/common/avr/suspend.o
 .debug_info    0x0000ed8d      0x204 obj_ergodox_ez/common/avr/timer.o
 .debug_info    0x0000ef91      0x18a obj_ergodox_ez/common/avr/bootloader.o
 .debug_info    0x0000f11b      0xbd1 obj_ergodox_ez/common/bootmagic.o
 .debug_info    0x0000fcec      0x3cf obj_ergodox_ez/common/avr/eeconfig.o
 .debug_info    0x000100bb      0x7c6 obj_ergodox_ez/common/mousekey.o
 .debug_info    0x00010881     0x15c5 obj_ergodox_ez/common/command.o
 .debug_info    0x00011e46      0x1f4 obj_ergodox_ez/common/sleep_led.o
 .debug_info    0x0001203a       0xbe /usr/local/CrossPack-AVR-20131216/lib/gcc/avr/4.8.1/avr5/libgcc.a(_udivmodqi4.o)
 .debug_info    0x000120f8       0xbe /usr/local/CrossPack-AVR-20131216/lib/gcc/avr/4.8.1/avr5/libgcc.a(_divmodhi4.o)
 .debug_info    0x000121b6       0xbe /usr/local/CrossPack-AVR-20131216/lib/gcc/avr/4.8.1/avr5/libgcc.a(_exit.o)
 .debug_info    0x00012274       0xbe /usr/local/CrossPack-AVR-20131216/lib/gcc/avr/4.8.1/avr5/libgcc.a(_tablejump.o)
 .debug_info    0x00012332       0xbe /usr/local/CrossPack-AVR-20131216/lib/gcc/avr/4.8.1/avr5/libgcc.a(_copy_data.o)
 .debug_info    0x000123f0       0xbe /usr/local/CrossPack-AVR-20131216/lib/gcc/avr/4.8.1/avr5/libgcc.a(_clear_bss.o)
 .debug_info    0x000124ae       0xbe /usr/local/CrossPack-AVR-20131216/lib/gcc/avr/4.8.1/avr5/libgcc.a(_udivmodhi4.o)
 *(.gnu.linkonce.wi.*)

.debug_abbrev   0x00000000     0x4769
 *(.debug_abbrev)
 .debug_abbrev  0x00000000      0x1f2 obj_ergodox_ez/keymaps/keymap_osx_keikun17.o
 .debug_abbrev  0x000001f2      0x224 obj_ergodox_ez/ergodox_ez.o
 .debug_abbrev  0x00000416       0xe8 obj_ergodox_ez/twimaster.o
 .debug_abbrev  0x000004fe      0x3bf obj_ergodox_ez/matrix.o
 .debug_abbrev  0x000008bd      0x353 obj_ergodox_ez/quantum/keymap_common.o
 .debug_abbrev  0x00000c10       0x60 obj_ergodox_ez/quantum/led.o
 .debug_abbrev  0x00000c70      0x493 obj_ergodox_ez/protocol/lufa/lufa.o
 .debug_abbrev  0x00001103      0x177 obj_ergodox_ez/protocol/lufa/descriptor.o
 .debug_abbrev  0x0000127a      0x21e obj_ergodox_ez/protocol/lufa/LUFA-git/LUFA/Drivers/USB/Class/Common/HIDParser.o
 .debug_abbrev  0x00001498       0x80 obj_ergodox_ez/protocol/lufa/LUFA-git/LUFA/Drivers/USB/Core/AVR8/Device_AVR8.o
 .debug_abbrev  0x00001518      0x213 obj_ergodox_ez/protocol/lufa/LUFA-git/LUFA/Drivers/USB/Core/AVR8/EndpointStream_AVR8.o
 .debug_abbrev  0x0000172b      0x222 obj_ergodox_ez/protocol/lufa/LUFA-git/LUFA/Drivers/USB/Core/AVR8/Endpoint_AVR8.o
 .debug_abbrev  0x0000194d       0x26 obj_ergodox_ez/protocol/lufa/LUFA-git/LUFA/Drivers/USB/Core/AVR8/Host_AVR8.o
 .debug_abbrev  0x00001973       0x26 obj_ergodox_ez/protocol/lufa/LUFA-git/LUFA/Drivers/USB/Core/AVR8/PipeStream_AVR8.o
 .debug_abbrev  0x00001999       0x26 obj_ergodox_ez/protocol/lufa/LUFA-git/LUFA/Drivers/USB/Core/AVR8/Pipe_AVR8.o
 .debug_abbrev  0x000019bf      0x196 obj_ergodox_ez/protocol/lufa/LUFA-git/LUFA/Drivers/USB/Core/AVR8/USBController_AVR8.o
 .debug_abbrev  0x00001b55      0x234 obj_ergodox_ez/protocol/lufa/LUFA-git/LUFA/Drivers/USB/Core/AVR8/USBInterrupt_AVR8.o
 .debug_abbrev  0x00001d89      0x183 obj_ergodox_ez/protocol/lufa/LUFA-git/LUFA/Drivers/USB/Core/ConfigDescriptors.o
 .debug_abbrev  0x00001f0c      0x2d8 obj_ergodox_ez/protocol/lufa/LUFA-git/LUFA/Drivers/USB/Core/DeviceStandardReq.o
 .debug_abbrev  0x000021e4       0x44 obj_ergodox_ez/protocol/lufa/LUFA-git/LUFA/Drivers/USB/Core/Events.o
 .debug_abbrev  0x00002228       0x26 obj_ergodox_ez/protocol/lufa/LUFA-git/LUFA/Drivers/USB/Core/HostStandardReq.o
 .debug_abbrev  0x0000224e      0x168 obj_ergodox_ez/protocol/lufa/LUFA-git/LUFA/Drivers/USB/Core/USBTask.o
 .debug_abbrev  0x000023b6      0x229 obj_ergodox_ez/common/host.o
 .debug_abbrev  0x000025df      0x226 obj_ergodox_ez/common/keyboard.o
 .debug_abbrev  0x00002805      0x2ce obj_ergodox_ez/common/action.o
 .debug_abbrev  0x00002ad3      0x2ef obj_ergodox_ez/common/action_tapping.o
 .debug_abbrev  0x00002dc2      0x179 obj_ergodox_ez/common/action_macro.o
 .debug_abbrev  0x00002f3b      0x213 obj_ergodox_ez/common/action_layer.o
 .debug_abbrev  0x0000314e      0x31c obj_ergodox_ez/common/action_util.o
 .debug_abbrev  0x0000346a      0x2b1 obj_ergodox_ez/common/keymap.o
 .debug_abbrev  0x0000371b       0x97 obj_ergodox_ez/common/print.o
 .debug_abbrev  0x000037b2       0x87 obj_ergodox_ez/common/debug.o
 .debug_abbrev  0x00003839       0xcb obj_ergodox_ez/common/util.o
 .debug_abbrev  0x00003904      0x193 obj_ergodox_ez/common/avr/suspend.o
 .debug_abbrev  0x00003a97      0x11e obj_ergodox_ez/common/avr/timer.o
 .debug_abbrev  0x00003bb5      0x115 obj_ergodox_ez/common/avr/bootloader.o
 .debug_abbrev  0x00003cca      0x27b obj_ergodox_ez/common/bootmagic.o
 .debug_abbrev  0x00003f45       0xef obj_ergodox_ez/common/avr/eeconfig.o
 .debug_abbrev  0x00004034      0x204 obj_ergodox_ez/common/mousekey.o
 .debug_abbrev  0x00004238      0x366 obj_ergodox_ez/common/command.o
 .debug_abbrev  0x0000459e      0x13f obj_ergodox_ez/common/sleep_led.o
 .debug_abbrev  0x000046dd       0x14 /usr/local/CrossPack-AVR-20131216/lib/gcc/avr/4.8.1/avr5/libgcc.a(_udivmodqi4.o)
 .debug_abbrev  0x000046f1       0x14 /usr/local/CrossPack-AVR-20131216/lib/gcc/avr/4.8.1/avr5/libgcc.a(_divmodhi4.o)
 .debug_abbrev  0x00004705       0x14 /usr/local/CrossPack-AVR-20131216/lib/gcc/avr/4.8.1/avr5/libgcc.a(_exit.o)
 .debug_abbrev  0x00004719       0x14 /usr/local/CrossPack-AVR-20131216/lib/gcc/avr/4.8.1/avr5/libgcc.a(_tablejump.o)
 .debug_abbrev  0x0000472d       0x14 /usr/local/CrossPack-AVR-20131216/lib/gcc/avr/4.8.1/avr5/libgcc.a(_copy_data.o)
 .debug_abbrev  0x00004741       0x14 /usr/local/CrossPack-AVR-20131216/lib/gcc/avr/4.8.1/avr5/libgcc.a(_clear_bss.o)
 .debug_abbrev  0x00004755       0x14 /usr/local/CrossPack-AVR-20131216/lib/gcc/avr/4.8.1/avr5/libgcc.a(_udivmodhi4.o)

.debug_line     0x00000000     0x61e4
 *(.debug_line)
 .debug_line    0x00000000      0x1c0 obj_ergodox_ez/keymaps/keymap_osx_keikun17.o
 .debug_line    0x000001c0      0x201 obj_ergodox_ez/ergodox_ez.o
 .debug_line    0x000003c1      0x157 obj_ergodox_ez/twimaster.o
 .debug_line    0x00000518      0x347 obj_ergodox_ez/matrix.o
 .debug_line    0x0000085f      0x2f5 obj_ergodox_ez/quantum/keymap_common.o
 .debug_line    0x00000b54       0x7a obj_ergodox_ez/quantum/led.o
 .debug_line    0x00000bce      0x7bd obj_ergodox_ez/protocol/lufa/lufa.o
 .debug_line    0x0000138b      0x206 obj_ergodox_ez/protocol/lufa/descriptor.o
 .debug_line    0x00001591      0x25c obj_ergodox_ez/protocol/lufa/LUFA-git/LUFA/Drivers/USB/Class/Common/HIDParser.o
 .debug_line    0x000017ed      0x141 obj_ergodox_ez/protocol/lufa/LUFA-git/LUFA/Drivers/USB/Core/AVR8/Device_AVR8.o
 .debug_line    0x0000192e      0xc93 obj_ergodox_ez/protocol/lufa/LUFA-git/LUFA/Drivers/USB/Core/AVR8/EndpointStream_AVR8.o
 .debug_line    0x000025c1      0x400 obj_ergodox_ez/protocol/lufa/LUFA-git/LUFA/Drivers/USB/Core/AVR8/Endpoint_AVR8.o
 .debug_line    0x000029c1       0x1a obj_ergodox_ez/protocol/lufa/LUFA-git/LUFA/Drivers/USB/Core/AVR8/Host_AVR8.o
 .debug_line    0x000029db       0x1a obj_ergodox_ez/protocol/lufa/LUFA-git/LUFA/Drivers/USB/Core/AVR8/PipeStream_AVR8.o
 .debug_line    0x000029f5       0x1a obj_ergodox_ez/protocol/lufa/LUFA-git/LUFA/Drivers/USB/Core/AVR8/Pipe_AVR8.o
 .debug_line    0x00002a0f      0x30b obj_ergodox_ez/protocol/lufa/LUFA-git/LUFA/Drivers/USB/Core/AVR8/USBController_AVR8.o
 .debug_line    0x00002d1a      0x4e0 obj_ergodox_ez/protocol/lufa/LUFA-git/LUFA/Drivers/USB/Core/AVR8/USBInterrupt_AVR8.o
 .debug_line    0x000031fa      0x198 obj_ergodox_ez/protocol/lufa/LUFA-git/LUFA/Drivers/USB/Core/ConfigDescriptors.o
 .debug_line    0x00003392      0x39c obj_ergodox_ez/protocol/lufa/LUFA-git/LUFA/Drivers/USB/Core/DeviceStandardReq.o
 .debug_line    0x0000372e       0x71 obj_ergodox_ez/protocol/lufa/LUFA-git/LUFA/Drivers/USB/Core/Events.o
 .debug_line    0x0000379f       0x1a obj_ergodox_ez/protocol/lufa/LUFA-git/LUFA/Drivers/USB/Core/HostStandardReq.o
 .debug_line    0x000037b9      0x1ac obj_ergodox_ez/protocol/lufa/LUFA-git/LUFA/Drivers/USB/Core/USBTask.o
 .debug_line    0x00003965      0x1da obj_ergodox_ez/common/host.o
 .debug_line    0x00003b3f      0x203 obj_ergodox_ez/common/keyboard.o
 .debug_line    0x00003d42      0x46d obj_ergodox_ez/common/action.o
 .debug_line    0x000041af      0x27c obj_ergodox_ez/common/action_tapping.o
 .debug_line    0x0000442b      0x18d obj_ergodox_ez/common/action_macro.o
 .debug_line    0x000045b8      0x1f5 obj_ergodox_ez/common/action_layer.o
 .debug_line    0x000047ad      0x2b5 obj_ergodox_ez/common/action_util.o
 .debug_line    0x00004a62      0x259 obj_ergodox_ez/common/keymap.o
 .debug_line    0x00004cbb       0xac obj_ergodox_ez/common/print.o
 .debug_line    0x00004d67       0x80 obj_ergodox_ez/common/debug.o
 .debug_line    0x00004de7      0x195 obj_ergodox_ez/common/util.o
 .debug_line    0x00004f7c      0x1bd obj_ergodox_ez/common/avr/suspend.o
 .debug_line    0x00005139      0x124 obj_ergodox_ez/common/avr/timer.o
 .debug_line    0x0000525d      0x19a obj_ergodox_ez/common/avr/bootloader.o
 .debug_line    0x000053f7      0x261 obj_ergodox_ez/common/bootmagic.o
 .debug_line    0x00005658      0x15d obj_ergodox_ez/common/avr/eeconfig.o
 .debug_line    0x000057b5      0x31f obj_ergodox_ez/common/mousekey.o
 .debug_line    0x00005ad4      0x389 obj_ergodox_ez/common/command.o
 .debug_line    0x00005e5d       0xdf obj_ergodox_ez/common/sleep_led.o
 .debug_line    0x00005f3c       0x62 /usr/local/CrossPack-AVR-20131216/lib/gcc/avr/4.8.1/avr5/libgcc.a(_udivmodqi4.o)
 .debug_line    0x00005f9e       0x69 /usr/local/CrossPack-AVR-20131216/lib/gcc/avr/4.8.1/avr5/libgcc.a(_divmodhi4.o)
 .debug_line    0x00006007       0x58 /usr/local/CrossPack-AVR-20131216/lib/gcc/avr/4.8.1/avr5/libgcc.a(_exit.o)
 .debug_line    0x0000605f       0x5c /usr/local/CrossPack-AVR-20131216/lib/gcc/avr/4.8.1/avr5/libgcc.a(_tablejump.o)
 .debug_line    0x000060bb       0x61 /usr/local/CrossPack-AVR-20131216/lib/gcc/avr/4.8.1/avr5/libgcc.a(_copy_data.o)
 .debug_line    0x0000611c       0x5e /usr/local/CrossPack-AVR-20131216/lib/gcc/avr/4.8.1/avr5/libgcc.a(_clear_bss.o)
 .debug_line    0x0000617a       0x6a /usr/local/CrossPack-AVR-20131216/lib/gcc/avr/4.8.1/avr5/libgcc.a(_udivmodhi4.o)

.debug_frame    0x00000000     0x1d6c
 *(.debug_frame)
 .debug_frame   0x00000000       0x44 obj_ergodox_ez/keymaps/keymap_osx_keikun17.o
 .debug_frame   0x00000044       0x74 obj_ergodox_ez/ergodox_ez.o
 .debug_frame   0x000000b8       0x94 obj_ergodox_ez/twimaster.o
 .debug_frame   0x0000014c      0x188 obj_ergodox_ez/matrix.o
 .debug_frame   0x000002d4       0x84 obj_ergodox_ez/quantum/keymap_common.o
 .debug_frame   0x00000358       0x24 obj_ergodox_ez/quantum/led.o
 .debug_frame   0x0000037c      0x138 obj_ergodox_ez/protocol/lufa/lufa.o
 .debug_frame   0x000004b4       0x24 obj_ergodox_ez/protocol/lufa/descriptor.o
 .debug_frame   0x000004d8      0x134 obj_ergodox_ez/protocol/lufa/LUFA-git/LUFA/Drivers/USB/Class/Common/HIDParser.o
 .debug_frame   0x0000060c       0x24 obj_ergodox_ez/protocol/lufa/LUFA-git/LUFA/Drivers/USB/Core/AVR8/Device_AVR8.o
 .debug_frame   0x00000630      0x414 obj_ergodox_ez/protocol/lufa/LUFA-git/LUFA/Drivers/USB/Core/AVR8/EndpointStream_AVR8.o
 .debug_frame   0x00000a44       0x7c obj_ergodox_ez/protocol/lufa/LUFA-git/LUFA/Drivers/USB/Core/AVR8/Endpoint_AVR8.o